Logging to /root/autodl-tmp/CoFiTok/checkpoints/baselines/improved_diffusion/improved_diffusion_downsampled_imagenet_64_5000steps_ddim50_2026-07-09/train
creating model and diffusion...
creating data loader...
training...
------------------------
| grad_norm | 8.51     |
| loss      | 0.998    |
| loss_q0   | 0.999    |
| loss_q1   | 0.989    |
| loss_q2   | 1.01     |
| loss_q3   | 1        |
| mse       | 0.998    |
| mse_q0    | 0.999    |
| mse_q1    | 0.989    |
| mse_q2    | 1.01     |
| mse_q3    | 1        |
| samples   | 32       |
| step      | 0        |
------------------------
saving model 0...
saving model 0.9999...
/root/autodl-tmp/conda/envs/pf-vlm/lib/python3.10/site-packages/torch/distributed/distributed_c10d.py:4631: UserWarning: No device id is provided via `init_process_group` or `barrier `. Using the current device set by the user. 
  warnings.warn(  # warn only once
------------------------
| grad_norm | 2.71     |
| loss      | 0.175    |
| loss_q0   | 0.276    |
| loss_q1   | 0.147    |
| loss_q2   | 0.143    |
| loss_q3   | 0.133    |
| mse       | 0.175    |
| mse_q0    | 0.276    |
| mse_q1    | 0.147    |
| mse_q2    | 0.143    |
| mse_q3    | 0.133    |
| samples   | 1.6e+04  |
| step      | 500      |
------------------------
------------------------
| grad_norm | 0.713    |
| loss      | 0.0472   |
| loss_q0   | 0.154    |
| loss_q1   | 0.0233   |
| loss_q2   | 0.00615  |
| loss_q3   | 0.00329  |
| mse       | 0.0472   |
| mse_q0    | 0.154    |
| mse_q1    | 0.0233   |
| mse_q2    | 0.00615  |
| mse_q3    | 0.00329  |
| samples   | 3.2e+04  |
| step      | 1e+03    |
------------------------
------------------------
| grad_norm | 0.584    |
| loss      | 0.0442   |
| loss_q0   | 0.144    |
| loss_q1   | 0.0214   |
| loss_q2   | 0.00504  |
| loss_q3   | 0.0022   |
| mse       | 0.0442   |
| mse_q0    | 0.144    |
| mse_q1    | 0.0214   |
| mse_q2    | 0.00504  |
| mse_q3    | 0.0022   |
| samples   | 4.8e+04  |
| step      | 1.5e+03  |
------------------------
------------------------
| grad_norm | 0.501    |
| loss      | 0.0406   |
| loss_q0   | 0.137    |
| loss_q1   | 0.0206   |
| loss_q2   | 0.00454  |
| loss_q3   | 0.00174  |
| mse       | 0.0406   |
| mse_q0    | 0.137    |
| mse_q1    | 0.0206   |
| mse_q2    | 0.00454  |
| mse_q3    | 0.00174  |
| samples   | 6.4e+04  |
| step      | 2e+03    |
------------------------
------------------------
| grad_norm | 0.486    |
| loss      | 0.04     |
| loss_q0   | 0.133    |
| loss_q1   | 0.0202   |
| loss_q2   | 0.00429  |
| loss_q3   | 0.0015   |
| mse       | 0.04     |
| mse_q0    | 0.133    |
| mse_q1    | 0.0202   |
| mse_q2    | 0.00429  |
| mse_q3    | 0.0015   |
| samples   | 8e+04    |
| step      | 2.5e+03  |
------------------------
------------------------
| grad_norm | 0.474    |
| loss      | 0.0395   |
| loss_q0   | 0.132    |
| loss_q1   | 0.0201   |
| loss_q2   | 0.00408  |
| loss_q3   | 0.00134  |
| mse       | 0.0395   |
| mse_q0    | 0.132    |
| mse_q1    | 0.0201   |
| mse_q2    | 0.00408  |
| mse_q3    | 0.00134  |
| samples   | 9.6e+04  |
| step      | 3e+03    |
------------------------
------------------------
| grad_norm | 0.414    |
| loss      | 0.0373   |
| loss_q0   | 0.125    |
| loss_q1   | 0.0195   |
| loss_q2   | 0.00398  |
| loss_q3   | 0.0012   |
| mse       | 0.0373   |
| mse_q0    | 0.125    |
| mse_q1    | 0.0195   |
| mse_q2    | 0.00398  |
| mse_q3    | 0.0012   |
| samples   | 1.12e+05 |
| step      | 3.5e+03  |
------------------------
------------------------
| grad_norm | 0.384    |
| loss      | 0.0383   |
| loss_q0   | 0.129    |
| loss_q1   | 0.0191   |
| loss_q2   | 0.00392  |
| loss_q3   | 0.00111  |
| mse       | 0.0383   |
| mse_q0    | 0.129    |
| mse_q1    | 0.0191   |
| mse_q2    | 0.00392  |
| mse_q3    | 0.00111  |
| samples   | 1.28e+05 |
| step      | 4e+03    |
------------------------
------------------------
| grad_norm | 0.343    |
| loss      | 0.0372   |
| loss_q0   | 0.128    |
| loss_q1   | 0.0189   |
| loss_q2   | 0.00381  |
| loss_q3   | 0.00104  |
| mse       | 0.0372   |
| mse_q0    | 0.128    |
| mse_q1    | 0.0189   |
| mse_q2    | 0.00381  |
| mse_q3    | 0.00104  |
| samples   | 1.44e+05 |
| step      | 4.5e+03  |
------------------------
saving model 0...
saving model 0.9999...
[rank0]:[W709 22:05:01.657239274 ProcessGroupNCCL.cpp:1479] Warning: WARNING: destroy_process_group() was not called before program exit, which can leak resources. For more info, please see https://pytorch.org/docs/stable/distributed.html#shutdown (function operator())
Logging to /root/autodl-tmp/CoFiTok/checkpoints/baselines/improved_diffusion/improved_diffusion_downsampled_imagenet_64_5000steps_ddim50_2026-07-09/sample
creating model and diffusion...
sampling...
created 64 samples
created 128 samples
created 192 samples
created 256 samples
created 320 samples
created 384 samples
created 448 samples
created 512 samples
created 576 samples
created 640 samples
created 704 samples
created 768 samples
created 832 samples
created 896 samples
created 960 samples
created 1024 samples
saving to /root/autodl-tmp/CoFiTok/checkpoints/baselines/improved_diffusion/improved_diffusion_downsampled_imagenet_64_5000steps_ddim50_2026-07-09/sample/samples_1024x64x64x3.npz
/root/autodl-tmp/conda/envs/pf-vlm/lib/python3.10/site-packages/torch/distributed/distributed_c10d.py:4631: UserWarning: No device id is provided via `init_process_group` or `barrier `. Using the current device set by the user. 
  warnings.warn(  # warn only once
sampling complete
[rank0]:[W709 22:05:29.845798785 ProcessGroupNCCL.cpp:1479] Warning: WARNING: destroy_process_group() was not called before program exit, which can leak resources. For more info, please see https://pytorch.org/docs/stable/distributed.html#shutdown (function operator())
wrote 1024 PNG images to /root/autodl-tmp/CoFiTok/checkpoints/baselines/improved_diffusion/improved_diffusion_downsampled_imagenet_64_5000steps_ddim50_2026-07-09/samples_png
wrote /root/autodl-tmp/CoFiTok/CoFiTok-internal/artifacts/reports/baselines/improved_diffusion/improved_diffusion_downsampled_imagenet_64_5000steps_ddim50_2026-07-09/generated_quality/generated_quality_report.json
improved_diffusion_completed downsampled_imagenet_64 /root/autodl-tmp/CoFiTok/CoFiTok-internal/artifacts/reports/baselines/improved_diffusion/improved_diffusion_downsampled_imagenet_64_5000steps_ddim50_2026-07-09
Logging to /root/autodl-tmp/CoFiTok/checkpoints/baselines/improved_diffusion/improved_diffusion_ffhq_64_5000steps_ddim50_2026-07-09/train
creating model and diffusion...
creating data loader...
training...
------------------------
| grad_norm | 9.21     |
| loss      | 0.997    |
| loss_q0   | 1        |
| loss_q1   | 0.996    |
| loss_q2   | 1        |
| loss_q3   | 0.994    |
| mse       | 0.997    |
| mse_q0    | 1        |
| mse_q1    | 0.996    |
| mse_q2    | 1        |
| mse_q3    | 0.994    |
| samples   | 32       |
| step      | 0        |
------------------------
saving model 0...
saving model 0.9999...
/root/autodl-tmp/conda/envs/pf-vlm/lib/python3.10/site-packages/torch/distributed/distributed_c10d.py:4631: UserWarning: No device id is provided via `init_process_group` or `barrier `. Using the current device set by the user. 
  warnings.warn(  # warn only once
------------------------
| grad_norm | 2.65     |
| loss      | 0.165    |
| loss_q0   | 0.24     |
| loss_q1   | 0.145    |
| loss_q2   | 0.136    |
| loss_q3   | 0.137    |
| mse       | 0.165    |
| mse_q0    | 0.24     |
| mse_q1    | 0.145    |
| mse_q2    | 0.136    |
| mse_q3    | 0.137    |
| samples   | 1.6e+04  |
| step      | 500      |
------------------------
------------------------
| grad_norm | 0.596    |
| loss      | 0.0338   |
| loss_q0   | 0.108    |
| loss_q1   | 0.0178   |
| loss_q2   | 0.00522  |
| loss_q3   | 0.00283  |
| mse       | 0.0338   |
| mse_q0    | 0.108    |
| mse_q1    | 0.0178   |
| mse_q2    | 0.00522  |
| mse_q3    | 0.00283  |
| samples   | 3.2e+04  |
| step      | 1e+03    |
------------------------
------------------------
| grad_norm | 0.502    |
| loss      | 0.0317   |
| loss_q0   | 0.105    |
| loss_q1   | 0.0165   |
| loss_q2   | 0.00433  |
| loss_q3   | 0.00193  |
| mse       | 0.0317   |
| mse_q0    | 0.105    |
| mse_q1    | 0.0165   |
| mse_q2    | 0.00433  |
| mse_q3    | 0.00193  |
| samples   | 4.8e+04  |
| step      | 1.5e+03  |
------------------------
------------------------
| grad_norm | 0.437    |
| loss      | 0.0293   |
| loss_q0   | 0.0978   |
| loss_q1   | 0.0155   |
| loss_q2   | 0.0039   |
| loss_q3   | 0.00153  |
| mse       | 0.0293   |
| mse_q0    | 0.0978   |
| mse_q1    | 0.0155   |
| mse_q2    | 0.0039   |
| mse_q3    | 0.00153  |
| samples   | 6.4e+04  |
| step      | 2e+03    |
------------------------
------------------------
| grad_norm | 0.409    |
| loss      | 0.0294   |
| loss_q0   | 0.0971   |
| loss_q1   | 0.0151   |
| loss_q2   | 0.00364  |
| loss_q3   | 0.00133  |
| mse       | 0.0294   |
| mse_q0    | 0.0971   |
| mse_q1    | 0.0151   |
| mse_q2    | 0.00364  |
| mse_q3    | 0.00133  |
| samples   | 8e+04    |
| step      | 2.5e+03  |
------------------------
------------------------
| grad_norm | 0.384    |
| loss      | 0.0284   |
| loss_q0   | 0.0928   |
| loss_q1   | 0.0147   |
| loss_q2   | 0.00351  |
| loss_q3   | 0.0012   |
| mse       | 0.0284   |
| mse_q0    | 0.0928   |
| mse_q1    | 0.0147   |
| mse_q2    | 0.00351  |
| mse_q3    | 0.0012   |
| samples   | 9.6e+04  |
| step      | 3e+03    |
------------------------
------------------------
| grad_norm | 0.356    |
| loss      | 0.028    |
| loss_q0   | 0.0933   |
| loss_q1   | 0.0144   |
| loss_q2   | 0.00337  |
| loss_q3   | 0.00109  |
| mse       | 0.028    |
| mse_q0    | 0.0933   |
| mse_q1    | 0.0144   |
| mse_q2    | 0.00337  |
| mse_q3    | 0.00109  |
| samples   | 1.12e+05 |
| step      | 3.5e+03  |
------------------------
------------------------
| grad_norm | 0.338    |
| loss      | 0.028    |
| loss_q0   | 0.093    |
| loss_q1   | 0.0142   |
| loss_q2   | 0.00329  |
| loss_q3   | 0.00101  |
| mse       | 0.028    |
| mse_q0    | 0.093    |
| mse_q1    | 0.0142   |
| mse_q2    | 0.00329  |
| mse_q3    | 0.00101  |
| samples   | 1.28e+05 |
| step      | 4e+03    |
------------------------
------------------------
| grad_norm | 0.314    |
| loss      | 0.0273   |
| loss_q0   | 0.0913   |
| loss_q1   | 0.0139   |
| loss_q2   | 0.00323  |
| loss_q3   | 0.000954 |
| mse       | 0.0273   |
| mse_q0    | 0.0913   |
| mse_q1    | 0.0139   |
| mse_q2    | 0.00323  |
| mse_q3    | 0.000954 |
| samples   | 1.44e+05 |
| step      | 4.5e+03  |
------------------------
saving model 0...
saving model 0.9999...
[rank0]:[W709 22:19:53.163636602 ProcessGroupNCCL.cpp:1479] Warning: WARNING: destroy_process_group() was not called before program exit, which can leak resources. For more info, please see https://pytorch.org/docs/stable/distributed.html#shutdown (function operator())
Logging to /root/autodl-tmp/CoFiTok/checkpoints/baselines/improved_diffusion/improved_diffusion_ffhq_64_5000steps_ddim50_2026-07-09/sample
creating model and diffusion...
sampling...
created 64 samples
created 128 samples
created 192 samples
created 256 samples
created 320 samples
created 384 samples
created 448 samples
created 512 samples
created 576 samples
created 640 samples
created 704 samples
created 768 samples
created 832 samples
created 896 samples
created 960 samples
created 1024 samples
saving to /root/autodl-tmp/CoFiTok/checkpoints/baselines/improved_diffusion/improved_diffusion_ffhq_64_5000steps_ddim50_2026-07-09/sample/samples_1024x64x64x3.npz
/root/autodl-tmp/conda/envs/pf-vlm/lib/python3.10/site-packages/torch/distributed/distributed_c10d.py:4631: UserWarning: No device id is provided via `init_process_group` or `barrier `. Using the current device set by the user. 
  warnings.warn(  # warn only once
sampling complete
[rank0]:[W709 22:20:22.247260559 ProcessGroupNCCL.cpp:1479] Warning: WARNING: destroy_process_group() was not called before program exit, which can leak resources. For more info, please see https://pytorch.org/docs/stable/distributed.html#shutdown (function operator())
wrote 1024 PNG images to /root/autodl-tmp/CoFiTok/checkpoints/baselines/improved_diffusion/improved_diffusion_ffhq_64_5000steps_ddim50_2026-07-09/samples_png
wrote /root/autodl-tmp/CoFiTok/CoFiTok-internal/artifacts/reports/baselines/improved_diffusion/improved_diffusion_ffhq_64_5000steps_ddim50_2026-07-09/generated_quality/generated_quality_report.json
improved_diffusion_completed ffhq_64 /root/autodl-tmp/CoFiTok/CoFiTok-internal/artifacts/reports/baselines/improved_diffusion/improved_diffusion_ffhq_64_5000steps_ddim50_2026-07-09
Logging to /root/autodl-tmp/CoFiTok/checkpoints/baselines/improved_diffusion/improved_diffusion_afhqv2_64_5000steps_ddim50_2026-07-09/train
creating model and diffusion...
creating data loader...
training...
------------------------
| grad_norm | 9.33     |
| loss      | 0.998    |
| loss_q0   | 0.991    |
| loss_q1   | 1        |
| loss_q2   | 1        |
| loss_q3   | 0.996    |
| mse       | 0.998    |
| mse_q0    | 0.991    |
| mse_q1    | 1        |
| mse_q2    | 1        |
| mse_q3    | 0.996    |
| samples   | 32       |
| step      | 0        |
------------------------
saving model 0...
saving model 0.9999...
/root/autodl-tmp/conda/envs/pf-vlm/lib/python3.10/site-packages/torch/distributed/distributed_c10d.py:4631: UserWarning: No device id is provided via `init_process_group` or `barrier `. Using the current device set by the user. 
  warnings.warn(  # warn only once
------------------------
| grad_norm | 2.68     |
| loss      | 0.168    |
| loss_q0   | 0.255    |
| loss_q1   | 0.147    |
| loss_q2   | 0.14     |
| loss_q3   | 0.129    |
| mse       | 0.168    |
| mse_q0    | 0.255    |
| mse_q1    | 0.147    |
| mse_q2    | 0.14     |
| mse_q3    | 0.129    |
| samples   | 1.6e+04  |
| step      | 500      |
------------------------
------------------------
| grad_norm | 0.609    |
| loss      | 0.0387   |
| loss_q0   | 0.127    |
| loss_q1   | 0.02     |
| loss_q2   | 0.00541  |
| loss_q3   | 0.00285  |
| mse       | 0.0387   |
| mse_q0    | 0.127    |
| mse_q1    | 0.02     |
| mse_q2    | 0.00541  |
| mse_q3    | 0.00285  |
| samples   | 3.2e+04  |
| step      | 1e+03    |
------------------------
------------------------
| grad_norm | 0.504    |
| loss      | 0.0362   |
| loss_q0   | 0.119    |
| loss_q1   | 0.0186   |
| loss_q2   | 0.00442  |
| loss_q3   | 0.00192  |
| mse       | 0.0362   |
| mse_q0    | 0.119    |
| mse_q1    | 0.0186   |
| mse_q2    | 0.00442  |
| mse_q3    | 0.00192  |
| samples   | 4.8e+04  |
| step      | 1.5e+03  |
------------------------
------------------------
| grad_norm | 0.441    |
| loss      | 0.0347   |
| loss_q0   | 0.115    |
| loss_q1   | 0.0176   |
| loss_q2   | 0.00401  |
| loss_q3   | 0.00154  |
| mse       | 0.0347   |
| mse_q0    | 0.115    |
| mse_q1    | 0.0176   |
| mse_q2    | 0.00401  |
| mse_q3    | 0.00154  |
| samples   | 6.4e+04  |
| step      | 2e+03    |
------------------------
------------------------
| grad_norm | 0.395    |
| loss      | 0.0336   |
| loss_q0   | 0.112    |
| loss_q1   | 0.0174   |
| loss_q2   | 0.00381  |
| loss_q3   | 0.00132  |
| mse       | 0.0336   |
| mse_q0    | 0.112    |
| mse_q1    | 0.0174   |
| mse_q2    | 0.00381  |
| mse_q3    | 0.00132  |
| samples   | 8e+04    |
| step      | 2.5e+03  |
------------------------
------------------------
| grad_norm | 0.372    |
| loss      | 0.033    |
| loss_q0   | 0.111    |
| loss_q1   | 0.0171   |
| loss_q2   | 0.00361  |
| loss_q3   | 0.00118  |
| mse       | 0.033    |
| mse_q0    | 0.111    |
| mse_q1    | 0.0171   |
| mse_q2    | 0.00361  |
| mse_q3    | 0.00118  |
| samples   | 9.6e+04  |
| step      | 3e+03    |
------------------------
------------------------
| grad_norm | 0.345    |
| loss      | 0.033    |
| loss_q0   | 0.112    |
| loss_q1   | 0.0169   |
| loss_q2   | 0.00349  |
| loss_q3   | 0.00107  |
| mse       | 0.033    |
| mse_q0    | 0.112    |
| mse_q1    | 0.0169   |
| mse_q2    | 0.00349  |
| mse_q3    | 0.00107  |
| samples   | 1.12e+05 |
| step      | 3.5e+03  |
------------------------
------------------------
| grad_norm | 0.32     |
| loss      | 0.0322   |
| loss_q0   | 0.108    |
| loss_q1   | 0.0167   |
| loss_q2   | 0.00339  |
| loss_q3   | 0.000989 |
| mse       | 0.0322   |
| mse_q0    | 0.108    |
| mse_q1    | 0.0167   |
| mse_q2    | 0.00339  |
| mse_q3    | 0.000989 |
| samples   | 1.28e+05 |
| step      | 4e+03    |
------------------------
------------------------
| grad_norm | 0.303    |
| loss      | 0.0316   |
| loss_q0   | 0.109    |
| loss_q1   | 0.0162   |
| loss_q2   | 0.00338  |
| loss_q3   | 0.000929 |
| mse       | 0.0316   |
| mse_q0    | 0.109    |
| mse_q1    | 0.0162   |
| mse_q2    | 0.00338  |
| mse_q3    | 0.000929 |
| samples   | 1.44e+05 |
| step      | 4.5e+03  |
------------------------
saving model 0...
saving model 0.9999...
[rank0]:[W709 22:35:46.868049824 ProcessGroupNCCL.cpp:1479] Warning: WARNING: destroy_process_group() was not called before program exit, which can leak resources. For more info, please see https://pytorch.org/docs/stable/distributed.html#shutdown (function operator())
Logging to /root/autodl-tmp/CoFiTok/checkpoints/baselines/improved_diffusion/improved_diffusion_afhqv2_64_5000steps_ddim50_2026-07-09/sample
creating model and diffusion...
sampling...
created 64 samples
created 128 samples
created 192 samples
created 256 samples
created 320 samples
created 384 samples
created 448 samples
created 512 samples
created 576 samples
created 640 samples
created 704 samples
created 768 samples
created 832 samples
created 896 samples
created 960 samples
created 1024 samples
saving to /root/autodl-tmp/CoFiTok/checkpoints/baselines/improved_diffusion/improved_diffusion_afhqv2_64_5000steps_ddim50_2026-07-09/sample/samples_1024x64x64x3.npz
/root/autodl-tmp/conda/envs/pf-vlm/lib/python3.10/site-packages/torch/distributed/distributed_c10d.py:4631: UserWarning: No device id is provided via `init_process_group` or `barrier `. Using the current device set by the user. 
  warnings.warn(  # warn only once
sampling complete
[rank0]:[W709 22:36:15.357532244 ProcessGroupNCCL.cpp:1479] Warning: WARNING: destroy_process_group() was not called before program exit, which can leak resources. For more info, please see https://pytorch.org/docs/stable/distributed.html#shutdown (function operator())
wrote 1024 PNG images to /root/autodl-tmp/CoFiTok/checkpoints/baselines/improved_diffusion/improved_diffusion_afhqv2_64_5000steps_ddim50_2026-07-09/samples_png
wrote /root/autodl-tmp/CoFiTok/CoFiTok-internal/artifacts/reports/baselines/improved_diffusion/improved_diffusion_afhqv2_64_5000steps_ddim50_2026-07-09/generated_quality/generated_quality_report.json
improved_diffusion_completed afhqv2_64 /root/autodl-tmp/CoFiTok/CoFiTok-internal/artifacts/reports/baselines/improved_diffusion/improved_diffusion_afhqv2_64_5000steps_ddim50_2026-07-09
