[run] /root/autodl-tmp/conda/envs/pf-vlm/bin/python scripts/train_short.py --config configs/train_downsampled_imagenet64_k8_denoisepath_p150_light_5k_cuda.json --output-dir /root/autodl-tmp/CoFiTok/checkpoints/train_downsampled_imagenet64_k8_denoisepath_p150_light_5k_cuda_2026-07-09
step 0001 total=1.1927 epsilon=1.1201 prefix=3135.8198 energy=0.0000 residual=0.0000 decor=0.0000 decor_w=0.00000 tail=0.0000 sample_m=0 group=0.0000 band_p=0.0000 band_c=0.0000 path_p=0.3932 path_c=0.0451
step 1000 total=0.0517 epsilon=0.0427 prefix=246.8252 energy=0.0000 residual=0.0000 decor=0.0000 decor_w=0.00000 tail=0.0000 sample_m=0 group=0.0000 band_p=0.0000 band_c=0.0000 path_p=0.0249 path_c=0.0178
step 2000 total=0.0551 epsilon=0.0480 prefix=369.3524 energy=0.0000 residual=0.0000 decor=0.0000 decor_w=0.00000 tail=0.0000 sample_m=0 group=0.0000 band_p=0.0000 band_c=0.0000 path_p=0.0188 path_c=0.0141
step 3000 total=0.0489 epsilon=0.0435 prefix=875.3186 energy=0.0000 residual=0.0000 decor=0.0000 decor_w=0.00000 tail=0.0000 sample_m=0 group=0.0000 band_p=0.0000 band_c=0.0000 path_p=0.0145 path_c=0.0108
step 4000 total=0.0574 epsilon=0.0505 prefix=149.1819 energy=0.0000 residual=0.0000 decor=0.0000 decor_w=0.00000 tail=0.0000 sample_m=0 group=0.0000 band_p=0.0000 band_c=0.0000 path_p=0.0180 path_c=0.0141
step 5000 total=0.0378 epsilon=0.0335 prefix=298.7724 energy=0.0000 residual=0.0000 decor=0.0000 decor_w=0.00000 tail=0.0000 sample_m=0 group=0.0000 band_p=0.0000 band_c=0.0000 path_p=0.0114 path_c=0.0085
wrote /root/autodl-tmp/CoFiTok/checkpoints/train_downsampled_imagenet64_k8_denoisepath_p150_light_5k_cuda_2026-07-09/report.json
wrote /root/autodl-tmp/CoFiTok/checkpoints/train_downsampled_imagenet64_k8_denoisepath_p150_light_5k_cuda_2026-07-09/checkpoint_final.pt
wrote /root/autodl-tmp/CoFiTok/checkpoints/train_downsampled_imagenet64_k8_denoisepath_p150_light_5k_cuda_2026-07-09/prefix_final.png
[run] /root/autodl-tmp/conda/envs/pf-vlm/bin/python scripts/evaluate_quality.py --config configs/train_downsampled_imagenet64_k8_denoisepath_p150_light_5k_cuda.json --checkpoint /root/autodl-tmp/CoFiTok/checkpoints/train_downsampled_imagenet64_k8_denoisepath_p150_light_5k_cuda_2026-07-09/checkpoint_final.pt --output-dir /root/autodl-tmp/CoFiTok/checkpoints/quality_downsampled_imagenet64_k8_light_5k_512_t500_lpips_inception_2026-07-09 --split val --max-batches 16 --max-images 512 --timestep 500 --enable-lpips --enable-inception-fid
/root/autodl-tmp/conda/envs/pf-vlm/lib/python3.10/site-packages/torchvision/models/_utils.py:208: UserWarning: The parameter 'pretrained' is deprecated since 0.13 and may be removed in the future, please use 'weights' instead.
  warnings.warn(
/root/autodl-tmp/conda/envs/pf-vlm/lib/python3.10/site-packages/torchvision/models/_utils.py:223: UserWarning: Arguments other than a weight enum or `None` for 'weights' are deprecated since 0.13 and may be removed in the future. The current behavior is equivalent to passing `weights=AlexNet_Weights.IMAGENET1K_V1`. You can also use `weights=AlexNet_Weights.DEFAULT` to get the most up-to-date weights.
  warnings.warn(msg)
Setting up [LPIPS] perceptual loss: trunk [alex], v[0.1], spatial [off]
Loading model from: /root/autodl-tmp/conda/envs/pf-vlm/lib/python3.10/site-packages/lpips/weights/v0.1/alex.pth
wrote /root/autodl-tmp/CoFiTok/checkpoints/quality_downsampled_imagenet64_k8_light_5k_512_t500_lpips_inception_2026-07-09/quality_report.json
[run] /root/autodl-tmp/conda/envs/pf-vlm/bin/python scripts/evaluate_checkpoint.py --config configs/train_downsampled_imagenet64_k8_denoisepath_p150_light_5k_cuda.json --checkpoint /root/autodl-tmp/CoFiTok/checkpoints/train_downsampled_imagenet64_k8_denoisepath_p150_light_5k_cuda_2026-07-09/checkpoint_final.pt --output-dir /root/autodl-tmp/CoFiTok/checkpoints/order_downsampled_imagenet64_k8_light_5k_ordered_2026-07-09 --component-order ordered --random-order-seed 0
wrote /root/autodl-tmp/CoFiTok/checkpoints/order_downsampled_imagenet64_k8_light_5k_ordered_2026-07-09/report.json
wrote /root/autodl-tmp/CoFiTok/checkpoints/order_downsampled_imagenet64_k8_light_5k_ordered_2026-07-09/prefix_final.png
wrote /root/autodl-tmp/CoFiTok/checkpoints/order_downsampled_imagenet64_k8_light_5k_ordered_2026-07-09/prefix_final_shuffled.png
[run] /root/autodl-tmp/conda/envs/pf-vlm/bin/python scripts/evaluate_checkpoint.py --config configs/train_downsampled_imagenet64_k8_denoisepath_p150_light_5k_cuda.json --checkpoint /root/autodl-tmp/CoFiTok/checkpoints/train_downsampled_imagenet64_k8_denoisepath_p150_light_5k_cuda_2026-07-09/checkpoint_final.pt --output-dir /root/autodl-tmp/CoFiTok/checkpoints/order_downsampled_imagenet64_k8_light_5k_random_2026-07-09 --component-order random --random-order-seed 0
wrote /root/autodl-tmp/CoFiTok/checkpoints/order_downsampled_imagenet64_k8_light_5k_random_2026-07-09/report.json
wrote /root/autodl-tmp/CoFiTok/checkpoints/order_downsampled_imagenet64_k8_light_5k_random_2026-07-09/prefix_final.png
wrote /root/autodl-tmp/CoFiTok/checkpoints/order_downsampled_imagenet64_k8_light_5k_random_2026-07-09/prefix_final_shuffled.png
[run] /root/autodl-tmp/conda/envs/pf-vlm/bin/python scripts/evaluate_checkpoint.py --config configs/train_downsampled_imagenet64_k8_denoisepath_p150_light_5k_cuda.json --checkpoint /root/autodl-tmp/CoFiTok/checkpoints/train_downsampled_imagenet64_k8_denoisepath_p150_light_5k_cuda_2026-07-09/checkpoint_final.pt --output-dir /root/autodl-tmp/CoFiTok/checkpoints/order_downsampled_imagenet64_k8_light_5k_reverse_2026-07-09 --component-order reverse --random-order-seed 0
wrote /root/autodl-tmp/CoFiTok/checkpoints/order_downsampled_imagenet64_k8_light_5k_reverse_2026-07-09/report.json
wrote /root/autodl-tmp/CoFiTok/checkpoints/order_downsampled_imagenet64_k8_light_5k_reverse_2026-07-09/prefix_final.png
wrote /root/autodl-tmp/CoFiTok/checkpoints/order_downsampled_imagenet64_k8_light_5k_reverse_2026-07-09/prefix_final_shuffled.png
[run] /root/autodl-tmp/conda/envs/pf-vlm/bin/python scripts/evaluate_generated_samples_stream.py --config configs/train_downsampled_imagenet64_k8_denoisepath_p150_light_5k_cuda.json --checkpoint /root/autodl-tmp/CoFiTok/checkpoints/train_downsampled_imagenet64_k8_denoisepath_p150_light_5k_cuda_2026-07-09/checkpoint_final.pt --output-dir /root/autodl-tmp/CoFiTok/checkpoints/generated_quality_stream_downsampled_imagenet64_k8_light_5k_1024_ddim50_2026-07-09 --split val --sample-count 1024 --max-real-images 4096 --batch-size 64 --sample-steps 50 --enable-inception-fid
wrote /root/autodl-tmp/CoFiTok/checkpoints/generated_quality_stream_downsampled_imagenet64_k8_light_5k_1024_ddim50_2026-07-09/generated_quality_report.json
[run] /root/autodl-tmp/conda/envs/pf-vlm/bin/python scripts/train_short.py --config configs/train_downsampled_imagenet64_k8_epsilononly_p150eval_5k_cuda.json --output-dir /root/autodl-tmp/CoFiTok/checkpoints/train_downsampled_imagenet64_k8_epsilononly_p150eval_5k_cuda_2026-07-09
step 0001 total=1.1201 epsilon=1.1201 prefix=3135.8198 energy=0.0000 residual=0.0000 decor=0.0000 decor_w=0.00000 tail=0.0000 sample_m=0 group=0.0000 band_p=0.0000 band_c=0.0000 path_p=0.0000 path_c=0.0000
step 1000 total=0.0419 epsilon=0.0419 prefix=348.4648 energy=0.0000 residual=0.0000 decor=0.0000 decor_w=0.00000 tail=0.0000 sample_m=0 group=0.0000 band_p=0.0000 band_c=0.0000 path_p=0.0000 path_c=0.0000
step 2000 total=0.0478 epsilon=0.0478 prefix=522.2852 energy=0.0000 residual=0.0000 decor=0.0000 decor_w=0.00000 tail=0.0000 sample_m=0 group=0.0000 band_p=0.0000 band_c=0.0000 path_p=0.0000 path_c=0.0000
step 3000 total=0.0425 epsilon=0.0425 prefix=1232.4503 energy=0.0000 residual=0.0000 decor=0.0000 decor_w=0.00000 tail=0.0000 sample_m=0 group=0.0000 band_p=0.0000 band_c=0.0000 path_p=0.0000 path_c=0.0000
step 4000 total=0.0486 epsilon=0.0486 prefix=212.0722 energy=0.0000 residual=0.0000 decor=0.0000 decor_w=0.00000 tail=0.0000 sample_m=0 group=0.0000 band_p=0.0000 band_c=0.0000 path_p=0.0000 path_c=0.0000
step 5000 total=0.0325 epsilon=0.0325 prefix=429.5884 energy=0.0000 residual=0.0000 decor=0.0000 decor_w=0.00000 tail=0.0000 sample_m=0 group=0.0000 band_p=0.0000 band_c=0.0000 path_p=0.0000 path_c=0.0000
wrote /root/autodl-tmp/CoFiTok/checkpoints/train_downsampled_imagenet64_k8_epsilononly_p150eval_5k_cuda_2026-07-09/report.json
wrote /root/autodl-tmp/CoFiTok/checkpoints/train_downsampled_imagenet64_k8_epsilononly_p150eval_5k_cuda_2026-07-09/checkpoint_final.pt
wrote /root/autodl-tmp/CoFiTok/checkpoints/train_downsampled_imagenet64_k8_epsilononly_p150eval_5k_cuda_2026-07-09/prefix_final.png
[run] /root/autodl-tmp/conda/envs/pf-vlm/bin/python scripts/evaluate_quality.py --config configs/train_downsampled_imagenet64_k8_epsilononly_p150eval_5k_cuda.json --checkpoint /root/autodl-tmp/CoFiTok/checkpoints/train_downsampled_imagenet64_k8_epsilononly_p150eval_5k_cuda_2026-07-09/checkpoint_final.pt --output-dir /root/autodl-tmp/CoFiTok/checkpoints/quality_downsampled_imagenet64_epsilononly_5k_512_t500_lpips_inception_2026-07-09 --split val --max-batches 16 --max-images 512 --timestep 500 --enable-lpips --enable-inception-fid
/root/autodl-tmp/conda/envs/pf-vlm/lib/python3.10/site-packages/torchvision/models/_utils.py:208: UserWarning: The parameter 'pretrained' is deprecated since 0.13 and may be removed in the future, please use 'weights' instead.
  warnings.warn(
/root/autodl-tmp/conda/envs/pf-vlm/lib/python3.10/site-packages/torchvision/models/_utils.py:223: UserWarning: Arguments other than a weight enum or `None` for 'weights' are deprecated since 0.13 and may be removed in the future. The current behavior is equivalent to passing `weights=AlexNet_Weights.IMAGENET1K_V1`. You can also use `weights=AlexNet_Weights.DEFAULT` to get the most up-to-date weights.
  warnings.warn(msg)
Setting up [LPIPS] perceptual loss: trunk [alex], v[0.1], spatial [off]
Loading model from: /root/autodl-tmp/conda/envs/pf-vlm/lib/python3.10/site-packages/lpips/weights/v0.1/alex.pth
wrote /root/autodl-tmp/CoFiTok/checkpoints/quality_downsampled_imagenet64_epsilononly_5k_512_t500_lpips_inception_2026-07-09/quality_report.json
[run] /root/autodl-tmp/conda/envs/pf-vlm/bin/python scripts/evaluate_generated_samples_stream.py --config configs/train_downsampled_imagenet64_k8_epsilononly_p150eval_5k_cuda.json --checkpoint /root/autodl-tmp/CoFiTok/checkpoints/train_downsampled_imagenet64_k8_epsilononly_p150eval_5k_cuda_2026-07-09/checkpoint_final.pt --output-dir /root/autodl-tmp/CoFiTok/checkpoints/generated_quality_stream_downsampled_imagenet64_epsilononly_5k_1024_ddim50_2026-07-09 --split val --sample-count 1024 --max-real-images 4096 --batch-size 64 --sample-steps 50 --enable-inception-fid
wrote /root/autodl-tmp/CoFiTok/checkpoints/generated_quality_stream_downsampled_imagenet64_epsilononly_5k_1024_ddim50_2026-07-09/generated_quality_report.json
[run] /root/autodl-tmp/conda/envs/pf-vlm/bin/python scripts/train_short.py --config configs/train_downsampled_imagenet64_k8_channelmask_p150eval_5k_cuda.json --output-dir /root/autodl-tmp/CoFiTok/checkpoints/train_downsampled_imagenet64_k8_channelmask_p150eval_5k_cuda_2026-07-09
step 0001 total=787.5884 epsilon=1.1201 prefix=3135.8198 energy=0.0000 residual=0.0000 decor=0.0000 decor_w=0.00000 tail=0.0000 sample_m=0 group=0.0000 band_p=0.0000 band_c=0.0000 path_p=0.0000 path_c=0.0000
step 1000 total=2.8856 epsilon=0.1080 prefix=11.1101 energy=0.0000 residual=0.0000 decor=0.0000 decor_w=0.00000 tail=0.0000 sample_m=0 group=0.0000 band_p=0.0000 band_c=0.0000 path_p=0.0000 path_c=0.0000
step 2000 total=1.7332 epsilon=0.1227 prefix=6.4408 energy=0.0000 residual=0.0000 decor=0.0000 decor_w=0.00000 tail=0.0000 sample_m=0 group=0.0000 band_p=0.0000 band_c=0.0000 path_p=0.0000 path_c=0.0000
step 3000 total=2.7519 epsilon=0.0729 prefix=10.7109 energy=0.0000 residual=0.0000 decor=0.0000 decor_w=0.00000 tail=0.0000 sample_m=0 group=0.0000 band_p=0.0000 band_c=0.0000 path_p=0.0000 path_c=0.0000
step 4000 total=0.5257 epsilon=0.0976 prefix=1.7126 energy=0.0000 residual=0.0000 decor=0.0000 decor_w=0.00000 tail=0.0000 sample_m=0 group=0.0000 band_p=0.0000 band_c=0.0000 path_p=0.0000 path_c=0.0000
step 5000 total=0.9233 epsilon=0.0556 prefix=3.4673 energy=0.0000 residual=0.0000 decor=0.0000 decor_w=0.00000 tail=0.0000 sample_m=0 group=0.0000 band_p=0.0000 band_c=0.0000 path_p=0.0000 path_c=0.0000
wrote /root/autodl-tmp/CoFiTok/checkpoints/train_downsampled_imagenet64_k8_channelmask_p150eval_5k_cuda_2026-07-09/report.json
wrote /root/autodl-tmp/CoFiTok/checkpoints/train_downsampled_imagenet64_k8_channelmask_p150eval_5k_cuda_2026-07-09/checkpoint_final.pt
wrote /root/autodl-tmp/CoFiTok/checkpoints/train_downsampled_imagenet64_k8_channelmask_p150eval_5k_cuda_2026-07-09/prefix_final.png
[run] /root/autodl-tmp/conda/envs/pf-vlm/bin/python scripts/evaluate_quality.py --config configs/train_downsampled_imagenet64_k8_channelmask_p150eval_5k_cuda.json --checkpoint /root/autodl-tmp/CoFiTok/checkpoints/train_downsampled_imagenet64_k8_channelmask_p150eval_5k_cuda_2026-07-09/checkpoint_final.pt --output-dir /root/autodl-tmp/CoFiTok/checkpoints/quality_downsampled_imagenet64_channelmask_5k_512_t500_lpips_inception_2026-07-09 --split val --max-batches 16 --max-images 512 --timestep 500 --enable-lpips --enable-inception-fid
/root/autodl-tmp/conda/envs/pf-vlm/lib/python3.10/site-packages/torchvision/models/_utils.py:208: UserWarning: The parameter 'pretrained' is deprecated since 0.13 and may be removed in the future, please use 'weights' instead.
  warnings.warn(
/root/autodl-tmp/conda/envs/pf-vlm/lib/python3.10/site-packages/torchvision/models/_utils.py:223: UserWarning: Arguments other than a weight enum or `None` for 'weights' are deprecated since 0.13 and may be removed in the future. The current behavior is equivalent to passing `weights=AlexNet_Weights.IMAGENET1K_V1`. You can also use `weights=AlexNet_Weights.DEFAULT` to get the most up-to-date weights.
  warnings.warn(msg)
Setting up [LPIPS] perceptual loss: trunk [alex], v[0.1], spatial [off]
Loading model from: /root/autodl-tmp/conda/envs/pf-vlm/lib/python3.10/site-packages/lpips/weights/v0.1/alex.pth
wrote /root/autodl-tmp/CoFiTok/checkpoints/quality_downsampled_imagenet64_channelmask_5k_512_t500_lpips_inception_2026-07-09/quality_report.json
[run] /root/autodl-tmp/conda/envs/pf-vlm/bin/python scripts/train_short.py --config configs/train_ffhq64_k8_denoisepath_p150_light_5k_cuda.json --output-dir /root/autodl-tmp/CoFiTok/checkpoints/train_ffhq64_k8_denoisepath_p150_light_5k_cuda_2026-07-09
step 0001 total=1.1891 epsilon=1.1205 prefix=3135.7361 energy=0.0000 residual=0.0000 decor=0.0000 decor_w=0.00000 tail=0.0000 sample_m=0 group=0.0000 band_p=0.0000 band_c=0.0000 path_p=0.3790 path_c=0.0393
step 1000 total=0.0504 epsilon=0.0377 prefix=249.0198 energy=0.0000 residual=0.0000 decor=0.0000 decor_w=0.00000 tail=0.0000 sample_m=0 group=0.0000 band_p=0.0000 band_c=0.0000 path_p=0.0343 path_c=0.0250
step 2000 total=0.0461 epsilon=0.0395 prefix=372.1532 energy=0.0000 residual=0.0000 decor=0.0000 decor_w=0.00000 tail=0.0000 sample_m=0 group=0.0000 band_p=0.0000 band_c=0.0000 path_p=0.0173 path_c=0.0134
step 3000 total=0.0342 epsilon=0.0293 prefix=869.1782 energy=0.0000 residual=0.0000 decor=0.0000 decor_w=0.00000 tail=0.0000 sample_m=0 group=0.0000 band_p=0.0000 band_c=0.0000 path_p=0.0127 path_c=0.0097
step 4000 total=0.0463 epsilon=0.0390 prefix=148.0661 energy=0.0000 residual=0.0000 decor=0.0000 decor_w=0.00000 tail=0.0000 sample_m=0 group=0.0000 band_p=0.0000 band_c=0.0000 path_p=0.0189 path_c=0.0149
step 5000 total=0.0361 epsilon=0.0316 prefix=301.0131 energy=0.0000 residual=0.0000 decor=0.0000 decor_w=0.00000 tail=0.0000 sample_m=0 group=0.0000 band_p=0.0000 band_c=0.0000 path_p=0.0120 path_c=0.0090
wrote /root/autodl-tmp/CoFiTok/checkpoints/train_ffhq64_k8_denoisepath_p150_light_5k_cuda_2026-07-09/report.json
wrote /root/autodl-tmp/CoFiTok/checkpoints/train_ffhq64_k8_denoisepath_p150_light_5k_cuda_2026-07-09/checkpoint_final.pt
wrote /root/autodl-tmp/CoFiTok/checkpoints/train_ffhq64_k8_denoisepath_p150_light_5k_cuda_2026-07-09/prefix_final.png
[run] /root/autodl-tmp/conda/envs/pf-vlm/bin/python scripts/evaluate_quality.py --config configs/train_ffhq64_k8_denoisepath_p150_light_5k_cuda.json --checkpoint /root/autodl-tmp/CoFiTok/checkpoints/train_ffhq64_k8_denoisepath_p150_light_5k_cuda_2026-07-09/checkpoint_final.pt --output-dir /root/autodl-tmp/CoFiTok/checkpoints/quality_ffhq64_k8_light_5k_512_t500_lpips_inception_2026-07-09 --split val --max-batches 16 --max-images 512 --timestep 500 --enable-lpips --enable-inception-fid
/root/autodl-tmp/conda/envs/pf-vlm/lib/python3.10/site-packages/torchvision/models/_utils.py:208: UserWarning: The parameter 'pretrained' is deprecated since 0.13 and may be removed in the future, please use 'weights' instead.
  warnings.warn(
/root/autodl-tmp/conda/envs/pf-vlm/lib/python3.10/site-packages/torchvision/models/_utils.py:223: UserWarning: Arguments other than a weight enum or `None` for 'weights' are deprecated since 0.13 and may be removed in the future. The current behavior is equivalent to passing `weights=AlexNet_Weights.IMAGENET1K_V1`. You can also use `weights=AlexNet_Weights.DEFAULT` to get the most up-to-date weights.
  warnings.warn(msg)
Setting up [LPIPS] perceptual loss: trunk [alex], v[0.1], spatial [off]
Loading model from: /root/autodl-tmp/conda/envs/pf-vlm/lib/python3.10/site-packages/lpips/weights/v0.1/alex.pth
wrote /root/autodl-tmp/CoFiTok/checkpoints/quality_ffhq64_k8_light_5k_512_t500_lpips_inception_2026-07-09/quality_report.json
[run] /root/autodl-tmp/conda/envs/pf-vlm/bin/python scripts/evaluate_checkpoint.py --config configs/train_ffhq64_k8_denoisepath_p150_light_5k_cuda.json --checkpoint /root/autodl-tmp/CoFiTok/checkpoints/train_ffhq64_k8_denoisepath_p150_light_5k_cuda_2026-07-09/checkpoint_final.pt --output-dir /root/autodl-tmp/CoFiTok/checkpoints/order_ffhq64_k8_light_5k_ordered_2026-07-09 --component-order ordered --random-order-seed 0
wrote /root/autodl-tmp/CoFiTok/checkpoints/order_ffhq64_k8_light_5k_ordered_2026-07-09/report.json
wrote /root/autodl-tmp/CoFiTok/checkpoints/order_ffhq64_k8_light_5k_ordered_2026-07-09/prefix_final.png
wrote /root/autodl-tmp/CoFiTok/checkpoints/order_ffhq64_k8_light_5k_ordered_2026-07-09/prefix_final_shuffled.png
[run] /root/autodl-tmp/conda/envs/pf-vlm/bin/python scripts/evaluate_checkpoint.py --config configs/train_ffhq64_k8_denoisepath_p150_light_5k_cuda.json --checkpoint /root/autodl-tmp/CoFiTok/checkpoints/train_ffhq64_k8_denoisepath_p150_light_5k_cuda_2026-07-09/checkpoint_final.pt --output-dir /root/autodl-tmp/CoFiTok/checkpoints/order_ffhq64_k8_light_5k_random_2026-07-09 --component-order random --random-order-seed 0
wrote /root/autodl-tmp/CoFiTok/checkpoints/order_ffhq64_k8_light_5k_random_2026-07-09/report.json
wrote /root/autodl-tmp/CoFiTok/checkpoints/order_ffhq64_k8_light_5k_random_2026-07-09/prefix_final.png
wrote /root/autodl-tmp/CoFiTok/checkpoints/order_ffhq64_k8_light_5k_random_2026-07-09/prefix_final_shuffled.png
[run] /root/autodl-tmp/conda/envs/pf-vlm/bin/python scripts/evaluate_checkpoint.py --config configs/train_ffhq64_k8_denoisepath_p150_light_5k_cuda.json --checkpoint /root/autodl-tmp/CoFiTok/checkpoints/train_ffhq64_k8_denoisepath_p150_light_5k_cuda_2026-07-09/checkpoint_final.pt --output-dir /root/autodl-tmp/CoFiTok/checkpoints/order_ffhq64_k8_light_5k_reverse_2026-07-09 --component-order reverse --random-order-seed 0
wrote /root/autodl-tmp/CoFiTok/checkpoints/order_ffhq64_k8_light_5k_reverse_2026-07-09/report.json
wrote /root/autodl-tmp/CoFiTok/checkpoints/order_ffhq64_k8_light_5k_reverse_2026-07-09/prefix_final.png
wrote /root/autodl-tmp/CoFiTok/checkpoints/order_ffhq64_k8_light_5k_reverse_2026-07-09/prefix_final_shuffled.png
[run] /root/autodl-tmp/conda/envs/pf-vlm/bin/python scripts/evaluate_generated_samples_stream.py --config configs/train_ffhq64_k8_denoisepath_p150_light_5k_cuda.json --checkpoint /root/autodl-tmp/CoFiTok/checkpoints/train_ffhq64_k8_denoisepath_p150_light_5k_cuda_2026-07-09/checkpoint_final.pt --output-dir /root/autodl-tmp/CoFiTok/checkpoints/generated_quality_stream_ffhq64_k8_light_5k_1024_ddim50_2026-07-09 --split val --sample-count 1024 --max-real-images 4096 --batch-size 64 --sample-steps 50 --enable-inception-fid
wrote /root/autodl-tmp/CoFiTok/checkpoints/generated_quality_stream_ffhq64_k8_light_5k_1024_ddim50_2026-07-09/generated_quality_report.json
[run] /root/autodl-tmp/conda/envs/pf-vlm/bin/python scripts/train_short.py --config configs/train_ffhq64_k8_epsilononly_p150eval_5k_cuda.json --output-dir /root/autodl-tmp/CoFiTok/checkpoints/train_ffhq64_k8_epsilononly_p150eval_5k_cuda_2026-07-09
step 0001 total=1.1205 epsilon=1.1205 prefix=3135.7361 energy=0.0000 residual=0.0000 decor=0.0000 decor_w=0.00000 tail=0.0000 sample_m=0 group=0.0000 band_p=0.0000 band_c=0.0000 path_p=0.0000 path_c=0.0000
step 1000 total=0.0369 epsilon=0.0369 prefix=349.0629 energy=0.0000 residual=0.0000 decor=0.0000 decor_w=0.00000 tail=0.0000 sample_m=0 group=0.0000 band_p=0.0000 band_c=0.0000 path_p=0.0000 path_c=0.0000
step 2000 total=0.0387 epsilon=0.0387 prefix=524.2325 energy=0.0000 residual=0.0000 decor=0.0000 decor_w=0.00000 tail=0.0000 sample_m=0 group=0.0000 band_p=0.0000 band_c=0.0000 path_p=0.0000 path_c=0.0000
step 3000 total=0.0286 epsilon=0.0286 prefix=1234.6195 energy=0.0000 residual=0.0000 decor=0.0000 decor_w=0.00000 tail=0.0000 sample_m=0 group=0.0000 band_p=0.0000 band_c=0.0000 path_p=0.0000 path_c=0.0000
step 4000 total=0.0379 epsilon=0.0379 prefix=213.1888 energy=0.0000 residual=0.0000 decor=0.0000 decor_w=0.00000 tail=0.0000 sample_m=0 group=0.0000 band_p=0.0000 band_c=0.0000 path_p=0.0000 path_c=0.0000
step 5000 total=0.0304 epsilon=0.0304 prefix=431.8613 energy=0.0000 residual=0.0000 decor=0.0000 decor_w=0.00000 tail=0.0000 sample_m=0 group=0.0000 band_p=0.0000 band_c=0.0000 path_p=0.0000 path_c=0.0000
wrote /root/autodl-tmp/CoFiTok/checkpoints/train_ffhq64_k8_epsilononly_p150eval_5k_cuda_2026-07-09/report.json
wrote /root/autodl-tmp/CoFiTok/checkpoints/train_ffhq64_k8_epsilononly_p150eval_5k_cuda_2026-07-09/checkpoint_final.pt
wrote /root/autodl-tmp/CoFiTok/checkpoints/train_ffhq64_k8_epsilononly_p150eval_5k_cuda_2026-07-09/prefix_final.png
[run] /root/autodl-tmp/conda/envs/pf-vlm/bin/python scripts/evaluate_quality.py --config configs/train_ffhq64_k8_epsilononly_p150eval_5k_cuda.json --checkpoint /root/autodl-tmp/CoFiTok/checkpoints/train_ffhq64_k8_epsilononly_p150eval_5k_cuda_2026-07-09/checkpoint_final.pt --output-dir /root/autodl-tmp/CoFiTok/checkpoints/quality_ffhq64_epsilononly_5k_512_t500_lpips_inception_2026-07-09 --split val --max-batches 16 --max-images 512 --timestep 500 --enable-lpips --enable-inception-fid
/root/autodl-tmp/conda/envs/pf-vlm/lib/python3.10/site-packages/torchvision/models/_utils.py:208: UserWarning: The parameter 'pretrained' is deprecated since 0.13 and may be removed in the future, please use 'weights' instead.
  warnings.warn(
/root/autodl-tmp/conda/envs/pf-vlm/lib/python3.10/site-packages/torchvision/models/_utils.py:223: UserWarning: Arguments other than a weight enum or `None` for 'weights' are deprecated since 0.13 and may be removed in the future. The current behavior is equivalent to passing `weights=AlexNet_Weights.IMAGENET1K_V1`. You can also use `weights=AlexNet_Weights.DEFAULT` to get the most up-to-date weights.
  warnings.warn(msg)
Setting up [LPIPS] perceptual loss: trunk [alex], v[0.1], spatial [off]
Loading model from: /root/autodl-tmp/conda/envs/pf-vlm/lib/python3.10/site-packages/lpips/weights/v0.1/alex.pth
wrote /root/autodl-tmp/CoFiTok/checkpoints/quality_ffhq64_epsilononly_5k_512_t500_lpips_inception_2026-07-09/quality_report.json
[run] /root/autodl-tmp/conda/envs/pf-vlm/bin/python scripts/evaluate_generated_samples_stream.py --config configs/train_ffhq64_k8_epsilononly_p150eval_5k_cuda.json --checkpoint /root/autodl-tmp/CoFiTok/checkpoints/train_ffhq64_k8_epsilononly_p150eval_5k_cuda_2026-07-09/checkpoint_final.pt --output-dir /root/autodl-tmp/CoFiTok/checkpoints/generated_quality_stream_ffhq64_epsilononly_5k_1024_ddim50_2026-07-09 --split val --sample-count 1024 --max-real-images 4096 --batch-size 64 --sample-steps 50 --enable-inception-fid
wrote /root/autodl-tmp/CoFiTok/checkpoints/generated_quality_stream_ffhq64_epsilononly_5k_1024_ddim50_2026-07-09/generated_quality_report.json
[run] /root/autodl-tmp/conda/envs/pf-vlm/bin/python scripts/train_short.py --config configs/train_ffhq64_k8_channelmask_p150eval_5k_cuda.json --output-dir /root/autodl-tmp/CoFiTok/checkpoints/train_ffhq64_k8_channelmask_p150eval_5k_cuda_2026-07-09
step 0001 total=787.5677 epsilon=1.1205 prefix=3135.7361 energy=0.0000 residual=0.0000 decor=0.0000 decor_w=0.00000 tail=0.0000 sample_m=0 group=0.0000 band_p=0.0000 band_c=0.0000 path_p=0.0000 path_c=0.0000
step 1000 total=2.6495 epsilon=0.1044 prefix=10.1800 energy=0.0000 residual=0.0000 decor=0.0000 decor_w=0.00000 tail=0.0000 sample_m=0 group=0.0000 band_p=0.0000 band_c=0.0000 path_p=0.0000 path_c=0.0000
step 2000 total=1.6601 epsilon=0.1042 prefix=6.2220 energy=0.0000 residual=0.0000 decor=0.0000 decor_w=0.00000 tail=0.0000 sample_m=0 group=0.0000 band_p=0.0000 band_c=0.0000 path_p=0.0000 path_c=0.0000
step 3000 total=2.7560 epsilon=0.0650 prefix=10.7575 energy=0.0000 residual=0.0000 decor=0.0000 decor_w=0.00000 tail=0.0000 sample_m=0 group=0.0000 band_p=0.0000 band_c=0.0000 path_p=0.0000 path_c=0.0000
step 4000 total=0.5533 epsilon=0.0804 prefix=1.8916 energy=0.0000 residual=0.0000 decor=0.0000 decor_w=0.00000 tail=0.0000 sample_m=0 group=0.0000 band_p=0.0000 band_c=0.0000 path_p=0.0000 path_c=0.0000
step 5000 total=0.9601 epsilon=0.0567 prefix=3.6136 energy=0.0000 residual=0.0000 decor=0.0000 decor_w=0.00000 tail=0.0000 sample_m=0 group=0.0000 band_p=0.0000 band_c=0.0000 path_p=0.0000 path_c=0.0000
wrote /root/autodl-tmp/CoFiTok/checkpoints/train_ffhq64_k8_channelmask_p150eval_5k_cuda_2026-07-09/report.json
wrote /root/autodl-tmp/CoFiTok/checkpoints/train_ffhq64_k8_channelmask_p150eval_5k_cuda_2026-07-09/checkpoint_final.pt
wrote /root/autodl-tmp/CoFiTok/checkpoints/train_ffhq64_k8_channelmask_p150eval_5k_cuda_2026-07-09/prefix_final.png
[run] /root/autodl-tmp/conda/envs/pf-vlm/bin/python scripts/evaluate_quality.py --config configs/train_ffhq64_k8_channelmask_p150eval_5k_cuda.json --checkpoint /root/autodl-tmp/CoFiTok/checkpoints/train_ffhq64_k8_channelmask_p150eval_5k_cuda_2026-07-09/checkpoint_final.pt --output-dir /root/autodl-tmp/CoFiTok/checkpoints/quality_ffhq64_channelmask_5k_512_t500_lpips_inception_2026-07-09 --split val --max-batches 16 --max-images 512 --timestep 500 --enable-lpips --enable-inception-fid
/root/autodl-tmp/conda/envs/pf-vlm/lib/python3.10/site-packages/torchvision/models/_utils.py:208: UserWarning: The parameter 'pretrained' is deprecated since 0.13 and may be removed in the future, please use 'weights' instead.
  warnings.warn(
/root/autodl-tmp/conda/envs/pf-vlm/lib/python3.10/site-packages/torchvision/models/_utils.py:223: UserWarning: Arguments other than a weight enum or `None` for 'weights' are deprecated since 0.13 and may be removed in the future. The current behavior is equivalent to passing `weights=AlexNet_Weights.IMAGENET1K_V1`. You can also use `weights=AlexNet_Weights.DEFAULT` to get the most up-to-date weights.
  warnings.warn(msg)
Setting up [LPIPS] perceptual loss: trunk [alex], v[0.1], spatial [off]
Loading model from: /root/autodl-tmp/conda/envs/pf-vlm/lib/python3.10/site-packages/lpips/weights/v0.1/alex.pth
wrote /root/autodl-tmp/CoFiTok/checkpoints/quality_ffhq64_channelmask_5k_512_t500_lpips_inception_2026-07-09/quality_report.json
[run] /root/autodl-tmp/conda/envs/pf-vlm/bin/python scripts/train_short.py --config configs/train_afhqv2_64_k8_denoisepath_p150_light_5k_cuda.json --output-dir /root/autodl-tmp/CoFiTok/checkpoints/train_afhqv2_64_k8_denoisepath_p150_light_5k_cuda_2026-07-09
step 0001 total=1.1913 epsilon=1.1203 prefix=3135.7056 energy=0.0000 residual=0.0000 decor=0.0000 decor_w=0.00000 tail=0.0000 sample_m=0 group=0.0000 band_p=0.0000 band_c=0.0000 path_p=0.3881 path_c=0.0426
step 1000 total=0.0475 epsilon=0.0374 prefix=250.3920 energy=0.0000 residual=0.0000 decor=0.0000 decor_w=0.00000 tail=0.0000 sample_m=0 group=0.0000 band_p=0.0000 band_c=0.0000 path_p=0.0270 path_c=0.0200
step 2000 total=0.0442 epsilon=0.0380 prefix=372.0611 energy=0.0000 residual=0.0000 decor=0.0000 decor_w=0.00000 tail=0.0000 sample_m=0 group=0.0000 band_p=0.0000 band_c=0.0000 path_p=0.0161 path_c=0.0125
step 3000 total=0.0400 epsilon=0.0350 prefix=866.2400 energy=0.0000 residual=0.0000 decor=0.0000 decor_w=0.00000 tail=0.0000 sample_m=0 group=0.0000 band_p=0.0000 band_c=0.0000 path_p=0.0131 path_c=0.0100
step 4000 total=0.0454 epsilon=0.0396 prefix=147.2892 energy=0.0000 residual=0.0000 decor=0.0000 decor_w=0.00000 tail=0.0000 sample_m=0 group=0.0000 band_p=0.0000 band_c=0.0000 path_p=0.0155 path_c=0.0117
step 5000 total=0.0417 epsilon=0.0369 prefix=300.3054 energy=0.0000 residual=0.0000 decor=0.0000 decor_w=0.00000 tail=0.0000 sample_m=0 group=0.0000 band_p=0.0000 band_c=0.0000 path_p=0.0125 path_c=0.0098
wrote /root/autodl-tmp/CoFiTok/checkpoints/train_afhqv2_64_k8_denoisepath_p150_light_5k_cuda_2026-07-09/report.json
wrote /root/autodl-tmp/CoFiTok/checkpoints/train_afhqv2_64_k8_denoisepath_p150_light_5k_cuda_2026-07-09/checkpoint_final.pt
wrote /root/autodl-tmp/CoFiTok/checkpoints/train_afhqv2_64_k8_denoisepath_p150_light_5k_cuda_2026-07-09/prefix_final.png
[run] /root/autodl-tmp/conda/envs/pf-vlm/bin/python scripts/evaluate_quality.py --config configs/train_afhqv2_64_k8_denoisepath_p150_light_5k_cuda.json --checkpoint /root/autodl-tmp/CoFiTok/checkpoints/train_afhqv2_64_k8_denoisepath_p150_light_5k_cuda_2026-07-09/checkpoint_final.pt --output-dir /root/autodl-tmp/CoFiTok/checkpoints/quality_afhqv2_64_k8_light_5k_512_t500_lpips_inception_2026-07-09 --split val --max-batches 16 --max-images 512 --timestep 500 --enable-lpips --enable-inception-fid
/root/autodl-tmp/conda/envs/pf-vlm/lib/python3.10/site-packages/torchvision/models/_utils.py:208: UserWarning: The parameter 'pretrained' is deprecated since 0.13 and may be removed in the future, please use 'weights' instead.
  warnings.warn(
/root/autodl-tmp/conda/envs/pf-vlm/lib/python3.10/site-packages/torchvision/models/_utils.py:223: UserWarning: Arguments other than a weight enum or `None` for 'weights' are deprecated since 0.13 and may be removed in the future. The current behavior is equivalent to passing `weights=AlexNet_Weights.IMAGENET1K_V1`. You can also use `weights=AlexNet_Weights.DEFAULT` to get the most up-to-date weights.
  warnings.warn(msg)
Setting up [LPIPS] perceptual loss: trunk [alex], v[0.1], spatial [off]
Loading model from: /root/autodl-tmp/conda/envs/pf-vlm/lib/python3.10/site-packages/lpips/weights/v0.1/alex.pth
wrote /root/autodl-tmp/CoFiTok/checkpoints/quality_afhqv2_64_k8_light_5k_512_t500_lpips_inception_2026-07-09/quality_report.json
[run] /root/autodl-tmp/conda/envs/pf-vlm/bin/python scripts/evaluate_checkpoint.py --config configs/train_afhqv2_64_k8_denoisepath_p150_light_5k_cuda.json --checkpoint /root/autodl-tmp/CoFiTok/checkpoints/train_afhqv2_64_k8_denoisepath_p150_light_5k_cuda_2026-07-09/checkpoint_final.pt --output-dir /root/autodl-tmp/CoFiTok/checkpoints/order_afhqv2_64_k8_light_5k_ordered_2026-07-09 --component-order ordered --random-order-seed 0
wrote /root/autodl-tmp/CoFiTok/checkpoints/order_afhqv2_64_k8_light_5k_ordered_2026-07-09/report.json
wrote /root/autodl-tmp/CoFiTok/checkpoints/order_afhqv2_64_k8_light_5k_ordered_2026-07-09/prefix_final.png
wrote /root/autodl-tmp/CoFiTok/checkpoints/order_afhqv2_64_k8_light_5k_ordered_2026-07-09/prefix_final_shuffled.png
[run] /root/autodl-tmp/conda/envs/pf-vlm/bin/python scripts/evaluate_checkpoint.py --config configs/train_afhqv2_64_k8_denoisepath_p150_light_5k_cuda.json --checkpoint /root/autodl-tmp/CoFiTok/checkpoints/train_afhqv2_64_k8_denoisepath_p150_light_5k_cuda_2026-07-09/checkpoint_final.pt --output-dir /root/autodl-tmp/CoFiTok/checkpoints/order_afhqv2_64_k8_light_5k_random_2026-07-09 --component-order random --random-order-seed 0
wrote /root/autodl-tmp/CoFiTok/checkpoints/order_afhqv2_64_k8_light_5k_random_2026-07-09/report.json
wrote /root/autodl-tmp/CoFiTok/checkpoints/order_afhqv2_64_k8_light_5k_random_2026-07-09/prefix_final.png
wrote /root/autodl-tmp/CoFiTok/checkpoints/order_afhqv2_64_k8_light_5k_random_2026-07-09/prefix_final_shuffled.png
[run] /root/autodl-tmp/conda/envs/pf-vlm/bin/python scripts/evaluate_checkpoint.py --config configs/train_afhqv2_64_k8_denoisepath_p150_light_5k_cuda.json --checkpoint /root/autodl-tmp/CoFiTok/checkpoints/train_afhqv2_64_k8_denoisepath_p150_light_5k_cuda_2026-07-09/checkpoint_final.pt --output-dir /root/autodl-tmp/CoFiTok/checkpoints/order_afhqv2_64_k8_light_5k_reverse_2026-07-09 --component-order reverse --random-order-seed 0
wrote /root/autodl-tmp/CoFiTok/checkpoints/order_afhqv2_64_k8_light_5k_reverse_2026-07-09/report.json
wrote /root/autodl-tmp/CoFiTok/checkpoints/order_afhqv2_64_k8_light_5k_reverse_2026-07-09/prefix_final.png
wrote /root/autodl-tmp/CoFiTok/checkpoints/order_afhqv2_64_k8_light_5k_reverse_2026-07-09/prefix_final_shuffled.png
[run] /root/autodl-tmp/conda/envs/pf-vlm/bin/python scripts/evaluate_generated_samples_stream.py --config configs/train_afhqv2_64_k8_denoisepath_p150_light_5k_cuda.json --checkpoint /root/autodl-tmp/CoFiTok/checkpoints/train_afhqv2_64_k8_denoisepath_p150_light_5k_cuda_2026-07-09/checkpoint_final.pt --output-dir /root/autodl-tmp/CoFiTok/checkpoints/generated_quality_stream_afhqv2_64_k8_light_5k_1024_ddim50_2026-07-09 --split val --sample-count 1024 --max-real-images 4096 --batch-size 64 --sample-steps 50 --enable-inception-fid
wrote /root/autodl-tmp/CoFiTok/checkpoints/generated_quality_stream_afhqv2_64_k8_light_5k_1024_ddim50_2026-07-09/generated_quality_report.json
[run] /root/autodl-tmp/conda/envs/pf-vlm/bin/python scripts/train_short.py --config configs/train_afhqv2_64_k8_epsilononly_p150eval_5k_cuda.json --output-dir /root/autodl-tmp/CoFiTok/checkpoints/train_afhqv2_64_k8_epsilononly_p150eval_5k_cuda_2026-07-09
step 0001 total=1.1203 epsilon=1.1203 prefix=3135.7056 energy=0.0000 residual=0.0000 decor=0.0000 decor_w=0.00000 tail=0.0000 sample_m=0 group=0.0000 band_p=0.0000 band_c=0.0000 path_p=0.0000 path_c=0.0000
step 1000 total=0.0376 epsilon=0.0376 prefix=349.2618 energy=0.0000 residual=0.0000 decor=0.0000 decor_w=0.00000 tail=0.0000 sample_m=0 group=0.0000 band_p=0.0000 band_c=0.0000 path_p=0.0000 path_c=0.0000
step 2000 total=0.0378 epsilon=0.0378 prefix=522.7388 energy=0.0000 residual=0.0000 decor=0.0000 decor_w=0.00000 tail=0.0000 sample_m=0 group=0.0000 band_p=0.0000 band_c=0.0000 path_p=0.0000 path_c=0.0000
step 3000 total=0.0349 epsilon=0.0349 prefix=1230.4940 energy=0.0000 residual=0.0000 decor=0.0000 decor_w=0.00000 tail=0.0000 sample_m=0 group=0.0000 band_p=0.0000 band_c=0.0000 path_p=0.0000 path_c=0.0000
step 4000 total=0.0391 epsilon=0.0391 prefix=211.0938 energy=0.0000 residual=0.0000 decor=0.0000 decor_w=0.00000 tail=0.0000 sample_m=0 group=0.0000 band_p=0.0000 band_c=0.0000 path_p=0.0000 path_c=0.0000
step 5000 total=0.0364 epsilon=0.0364 prefix=428.8156 energy=0.0000 residual=0.0000 decor=0.0000 decor_w=0.00000 tail=0.0000 sample_m=0 group=0.0000 band_p=0.0000 band_c=0.0000 path_p=0.0000 path_c=0.0000
wrote /root/autodl-tmp/CoFiTok/checkpoints/train_afhqv2_64_k8_epsilononly_p150eval_5k_cuda_2026-07-09/report.json
wrote /root/autodl-tmp/CoFiTok/checkpoints/train_afhqv2_64_k8_epsilononly_p150eval_5k_cuda_2026-07-09/checkpoint_final.pt
wrote /root/autodl-tmp/CoFiTok/checkpoints/train_afhqv2_64_k8_epsilononly_p150eval_5k_cuda_2026-07-09/prefix_final.png
[run] /root/autodl-tmp/conda/envs/pf-vlm/bin/python scripts/evaluate_quality.py --config configs/train_afhqv2_64_k8_epsilononly_p150eval_5k_cuda.json --checkpoint /root/autodl-tmp/CoFiTok/checkpoints/train_afhqv2_64_k8_epsilononly_p150eval_5k_cuda_2026-07-09/checkpoint_final.pt --output-dir /root/autodl-tmp/CoFiTok/checkpoints/quality_afhqv2_64_epsilononly_5k_512_t500_lpips_inception_2026-07-09 --split val --max-batches 16 --max-images 512 --timestep 500 --enable-lpips --enable-inception-fid
/root/autodl-tmp/conda/envs/pf-vlm/lib/python3.10/site-packages/torchvision/models/_utils.py:208: UserWarning: The parameter 'pretrained' is deprecated since 0.13 and may be removed in the future, please use 'weights' instead.
  warnings.warn(
/root/autodl-tmp/conda/envs/pf-vlm/lib/python3.10/site-packages/torchvision/models/_utils.py:223: UserWarning: Arguments other than a weight enum or `None` for 'weights' are deprecated since 0.13 and may be removed in the future. The current behavior is equivalent to passing `weights=AlexNet_Weights.IMAGENET1K_V1`. You can also use `weights=AlexNet_Weights.DEFAULT` to get the most up-to-date weights.
  warnings.warn(msg)
Setting up [LPIPS] perceptual loss: trunk [alex], v[0.1], spatial [off]
Loading model from: /root/autodl-tmp/conda/envs/pf-vlm/lib/python3.10/site-packages/lpips/weights/v0.1/alex.pth
wrote /root/autodl-tmp/CoFiTok/checkpoints/quality_afhqv2_64_epsilononly_5k_512_t500_lpips_inception_2026-07-09/quality_report.json
[run] /root/autodl-tmp/conda/envs/pf-vlm/bin/python scripts/evaluate_generated_samples_stream.py --config configs/train_afhqv2_64_k8_epsilononly_p150eval_5k_cuda.json --checkpoint /root/autodl-tmp/CoFiTok/checkpoints/train_afhqv2_64_k8_epsilononly_p150eval_5k_cuda_2026-07-09/checkpoint_final.pt --output-dir /root/autodl-tmp/CoFiTok/checkpoints/generated_quality_stream_afhqv2_64_epsilononly_5k_1024_ddim50_2026-07-09 --split val --sample-count 1024 --max-real-images 4096 --batch-size 64 --sample-steps 50 --enable-inception-fid
wrote /root/autodl-tmp/CoFiTok/checkpoints/generated_quality_stream_afhqv2_64_epsilononly_5k_1024_ddim50_2026-07-09/generated_quality_report.json
[run] /root/autodl-tmp/conda/envs/pf-vlm/bin/python scripts/train_short.py --config configs/train_afhqv2_64_k8_channelmask_p150eval_5k_cuda.json --output-dir /root/autodl-tmp/CoFiTok/checkpoints/train_afhqv2_64_k8_channelmask_p150eval_5k_cuda_2026-07-09
step 0001 total=787.5599 epsilon=1.1203 prefix=3135.7056 energy=0.0000 residual=0.0000 decor=0.0000 decor_w=0.00000 tail=0.0000 sample_m=0 group=0.0000 band_p=0.0000 band_c=0.0000 path_p=0.0000 path_c=0.0000
step 1000 total=2.8703 epsilon=0.1006 prefix=11.0789 energy=0.0000 residual=0.0000 decor=0.0000 decor_w=0.00000 tail=0.0000 sample_m=0 group=0.0000 band_p=0.0000 band_c=0.0000 path_p=0.0000 path_c=0.0000
step 2000 total=1.6773 epsilon=0.0978 prefix=6.3121 energy=0.0000 residual=0.0000 decor=0.0000 decor_w=0.00000 tail=0.0000 sample_m=0 group=0.0000 band_p=0.0000 band_c=0.0000 path_p=0.0000 path_c=0.0000
step 3000 total=2.8317 epsilon=0.0629 prefix=11.0648 energy=0.0000 residual=0.0000 decor=0.0000 decor_w=0.00000 tail=0.0000 sample_m=0 group=0.0000 band_p=0.0000 band_c=0.0000 path_p=0.0000 path_c=0.0000
step 4000 total=0.5149 epsilon=0.0795 prefix=1.7410 energy=0.0000 residual=0.0000 decor=0.0000 decor_w=0.00000 tail=0.0000 sample_m=0 group=0.0000 band_p=0.0000 band_c=0.0000 path_p=0.0000 path_c=0.0000
step 5000 total=1.0549 epsilon=0.0629 prefix=3.9587 energy=0.0000 residual=0.0000 decor=0.0000 decor_w=0.00000 tail=0.0000 sample_m=0 group=0.0000 band_p=0.0000 band_c=0.0000 path_p=0.0000 path_c=0.0000
wrote /root/autodl-tmp/CoFiTok/checkpoints/train_afhqv2_64_k8_channelmask_p150eval_5k_cuda_2026-07-09/report.json
wrote /root/autodl-tmp/CoFiTok/checkpoints/train_afhqv2_64_k8_channelmask_p150eval_5k_cuda_2026-07-09/checkpoint_final.pt
wrote /root/autodl-tmp/CoFiTok/checkpoints/train_afhqv2_64_k8_channelmask_p150eval_5k_cuda_2026-07-09/prefix_final.png
[run] /root/autodl-tmp/conda/envs/pf-vlm/bin/python scripts/evaluate_quality.py --config configs/train_afhqv2_64_k8_channelmask_p150eval_5k_cuda.json --checkpoint /root/autodl-tmp/CoFiTok/checkpoints/train_afhqv2_64_k8_channelmask_p150eval_5k_cuda_2026-07-09/checkpoint_final.pt --output-dir /root/autodl-tmp/CoFiTok/checkpoints/quality_afhqv2_64_channelmask_5k_512_t500_lpips_inception_2026-07-09 --split val --max-batches 16 --max-images 512 --timestep 500 --enable-lpips --enable-inception-fid
/root/autodl-tmp/conda/envs/pf-vlm/lib/python3.10/site-packages/torchvision/models/_utils.py:208: UserWarning: The parameter 'pretrained' is deprecated since 0.13 and may be removed in the future, please use 'weights' instead.
  warnings.warn(
/root/autodl-tmp/conda/envs/pf-vlm/lib/python3.10/site-packages/torchvision/models/_utils.py:223: UserWarning: Arguments other than a weight enum or `None` for 'weights' are deprecated since 0.13 and may be removed in the future. The current behavior is equivalent to passing `weights=AlexNet_Weights.IMAGENET1K_V1`. You can also use `weights=AlexNet_Weights.DEFAULT` to get the most up-to-date weights.
  warnings.warn(msg)
Setting up [LPIPS] perceptual loss: trunk [alex], v[0.1], spatial [off]
Loading model from: /root/autodl-tmp/conda/envs/pf-vlm/lib/python3.10/site-packages/lpips/weights/v0.1/alex.pth
wrote /root/autodl-tmp/CoFiTok/checkpoints/quality_afhqv2_64_channelmask_5k_512_t500_lpips_inception_2026-07-09/quality_report.json
wrote artifacts/reports/summary_2026-07-09_p0_formal64/experiment_summary.json
wrote artifacts/reports/summary_2026-07-09_p0_formal64/core_summary.md
wrote artifacts/reports/paper_comparison_matrix_2026-07-09_p0_formal64/paper_comparison_matrix_audit.md
p0_formal64_queue_done
