[run] /root/autodl-tmp/conda/envs/pf-vlm/bin/python scripts/train_short.py --config configs/train_tiny_imagenet_k8_denoisepath_p150_light_simultaneous_5k_cuda.json --output-dir /root/autodl-tmp/CoFiTok/checkpoints/train_tiny_imagenet_k8_denoisepath_p150_light_simultaneous_5k_cuda_2026-07-09
step 0001 total=1.1375 epsilon=1.0683 prefix=3105.9736 energy=0.0000 residual=0.0000 decor=0.0000 decor_w=0.00000 tail=0.0000 sample_m=0 group=0.0000 band_p=0.0000 band_c=0.0000 path_p=0.3826 path_c=0.0396
step 1000 total=0.0563 epsilon=0.0432 prefix=234.7498 energy=0.0000 residual=0.0000 decor=0.0000 decor_w=0.00000 tail=0.0000 sample_m=0 group=0.0000 band_p=0.0000 band_c=0.0000 path_p=0.0360 path_c=0.0258
step 2000 total=0.0588 epsilon=0.0512 prefix=361.0927 energy=0.0000 residual=0.0000 decor=0.0000 decor_w=0.00000 tail=0.0000 sample_m=0 group=0.0000 band_p=0.0000 band_c=0.0000 path_p=0.0197 path_c=0.0154
step 3000 total=0.0506 epsilon=0.0442 prefix=859.0923 energy=0.0000 residual=0.0000 decor=0.0000 decor_w=0.00000 tail=0.0000 sample_m=0 group=0.0000 band_p=0.0000 band_c=0.0000 path_p=0.0166 path_c=0.0129
step 4000 total=0.0636 epsilon=0.0537 prefix=145.7325 energy=0.0000 residual=0.0000 decor=0.0000 decor_w=0.00000 tail=0.0000 sample_m=0 group=0.0000 band_p=0.0000 band_c=0.0000 path_p=0.0234 path_c=0.0213
step 5000 total=0.0385 epsilon=0.0342 prefix=298.8200 energy=0.0000 residual=0.0000 decor=0.0000 decor_w=0.00000 tail=0.0000 sample_m=0 group=0.0000 band_p=0.0000 band_c=0.0000 path_p=0.0114 path_c=0.0087
wrote /root/autodl-tmp/CoFiTok/checkpoints/train_tiny_imagenet_k8_denoisepath_p150_light_simultaneous_5k_cuda_2026-07-09/report.json
wrote /root/autodl-tmp/CoFiTok/checkpoints/train_tiny_imagenet_k8_denoisepath_p150_light_simultaneous_5k_cuda_2026-07-09/checkpoint_final.pt
wrote /root/autodl-tmp/CoFiTok/checkpoints/train_tiny_imagenet_k8_denoisepath_p150_light_simultaneous_5k_cuda_2026-07-09/prefix_final.png
[run] /root/autodl-tmp/conda/envs/pf-vlm/bin/python scripts/evaluate_quality.py --config configs/train_tiny_imagenet_k8_denoisepath_p150_light_simultaneous_5k_cuda.json --checkpoint /root/autodl-tmp/CoFiTok/checkpoints/train_tiny_imagenet_k8_denoisepath_p150_light_simultaneous_5k_cuda_2026-07-09/checkpoint_final.pt --output-dir /root/autodl-tmp/CoFiTok/checkpoints/quality_tiny_imagenet_simultaneous_5k_512_t500_lpips_inception_2026-07-09 --split val --max-batches 16 --max-images 512 --timestep 500 --enable-lpips --enable-inception-fid
/root/autodl-tmp/conda/envs/pf-vlm/lib/python3.10/site-packages/torchvision/models/_utils.py:208: UserWarning: The parameter 'pretrained' is deprecated since 0.13 and may be removed in the future, please use 'weights' instead.
  warnings.warn(
/root/autodl-tmp/conda/envs/pf-vlm/lib/python3.10/site-packages/torchvision/models/_utils.py:223: UserWarning: Arguments other than a weight enum or `None` for 'weights' are deprecated since 0.13 and may be removed in the future. The current behavior is equivalent to passing `weights=AlexNet_Weights.IMAGENET1K_V1`. You can also use `weights=AlexNet_Weights.DEFAULT` to get the most up-to-date weights.
  warnings.warn(msg)
Setting up [LPIPS] perceptual loss: trunk [alex], v[0.1], spatial [off]
Loading model from: /root/autodl-tmp/conda/envs/pf-vlm/lib/python3.10/site-packages/lpips/weights/v0.1/alex.pth
wrote /root/autodl-tmp/CoFiTok/checkpoints/quality_tiny_imagenet_simultaneous_5k_512_t500_lpips_inception_2026-07-09/quality_report.json
[run] /root/autodl-tmp/conda/envs/pf-vlm/bin/python scripts/evaluate_checkpoint.py --config configs/train_tiny_imagenet_k8_denoisepath_p150_light_simultaneous_5k_cuda.json --checkpoint /root/autodl-tmp/CoFiTok/checkpoints/train_tiny_imagenet_k8_denoisepath_p150_light_simultaneous_5k_cuda_2026-07-09/checkpoint_final.pt --output-dir /root/autodl-tmp/CoFiTok/checkpoints/order_tiny_imagenet_simultaneous_5k_ordered_2026-07-09 --component-order ordered --random-order-seed 0
wrote /root/autodl-tmp/CoFiTok/checkpoints/order_tiny_imagenet_simultaneous_5k_ordered_2026-07-09/report.json
wrote /root/autodl-tmp/CoFiTok/checkpoints/order_tiny_imagenet_simultaneous_5k_ordered_2026-07-09/prefix_final.png
wrote /root/autodl-tmp/CoFiTok/checkpoints/order_tiny_imagenet_simultaneous_5k_ordered_2026-07-09/prefix_final_shuffled.png
[run] /root/autodl-tmp/conda/envs/pf-vlm/bin/python scripts/evaluate_checkpoint.py --config configs/train_tiny_imagenet_k8_denoisepath_p150_light_simultaneous_5k_cuda.json --checkpoint /root/autodl-tmp/CoFiTok/checkpoints/train_tiny_imagenet_k8_denoisepath_p150_light_simultaneous_5k_cuda_2026-07-09/checkpoint_final.pt --output-dir /root/autodl-tmp/CoFiTok/checkpoints/order_tiny_imagenet_simultaneous_5k_random_2026-07-09 --component-order random --random-order-seed 0
wrote /root/autodl-tmp/CoFiTok/checkpoints/order_tiny_imagenet_simultaneous_5k_random_2026-07-09/report.json
wrote /root/autodl-tmp/CoFiTok/checkpoints/order_tiny_imagenet_simultaneous_5k_random_2026-07-09/prefix_final.png
wrote /root/autodl-tmp/CoFiTok/checkpoints/order_tiny_imagenet_simultaneous_5k_random_2026-07-09/prefix_final_shuffled.png
[run] /root/autodl-tmp/conda/envs/pf-vlm/bin/python scripts/evaluate_checkpoint.py --config configs/train_tiny_imagenet_k8_denoisepath_p150_light_simultaneous_5k_cuda.json --checkpoint /root/autodl-tmp/CoFiTok/checkpoints/train_tiny_imagenet_k8_denoisepath_p150_light_simultaneous_5k_cuda_2026-07-09/checkpoint_final.pt --output-dir /root/autodl-tmp/CoFiTok/checkpoints/order_tiny_imagenet_simultaneous_5k_reverse_2026-07-09 --component-order reverse --random-order-seed 0
wrote /root/autodl-tmp/CoFiTok/checkpoints/order_tiny_imagenet_simultaneous_5k_reverse_2026-07-09/report.json
wrote /root/autodl-tmp/CoFiTok/checkpoints/order_tiny_imagenet_simultaneous_5k_reverse_2026-07-09/prefix_final.png
wrote /root/autodl-tmp/CoFiTok/checkpoints/order_tiny_imagenet_simultaneous_5k_reverse_2026-07-09/prefix_final_shuffled.png
[run] /root/autodl-tmp/conda/envs/pf-vlm/bin/python scripts/train_short.py --config configs/train_tiny_imagenet_k8_denoisepath_p150_light_deepsk_5k_cuda.json --output-dir /root/autodl-tmp/CoFiTok/checkpoints/train_tiny_imagenet_k8_denoisepath_p150_light_deepsk_5k_cuda_2026-07-09
step 0001 total=1.0782 epsilon=1.0168 prefix=3020.3701 energy=0.0000 residual=0.0000 decor=0.0000 decor_w=0.00000 tail=0.0000 sample_m=0 group=0.0000 band_p=0.0000 band_c=0.0000 path_p=0.3500 path_c=0.0296
step 1000 total=0.0582 epsilon=0.0448 prefix=246.8058 energy=0.0000 residual=0.0000 decor=0.0000 decor_w=0.00000 tail=0.0000 sample_m=0 group=0.0000 band_p=0.0000 band_c=0.0000 path_p=0.0405 path_c=0.0241
step 2000 total=0.0574 epsilon=0.0525 prefix=374.1825 energy=0.0000 residual=0.0000 decor=0.0000 decor_w=0.00000 tail=0.0000 sample_m=0 group=0.0000 band_p=0.0000 band_c=0.0000 path_p=0.0152 path_c=0.0085
step 3000 total=0.0443 epsilon=0.0402 prefix=873.9111 energy=0.0000 residual=0.0000 decor=0.0000 decor_w=0.00000 tail=0.0000 sample_m=0 group=0.0000 band_p=0.0000 band_c=0.0000 path_p=0.0119 path_c=0.0075
step 4000 total=0.0604 epsilon=0.0527 prefix=150.5619 energy=0.0000 residual=0.0000 decor=0.0000 decor_w=0.00000 tail=0.0000 sample_m=0 group=0.0000 band_p=0.0000 band_c=0.0000 path_p=0.0209 path_c=0.0150
step 5000 total=0.0429 epsilon=0.0390 prefix=302.8800 energy=0.0000 residual=0.0000 decor=0.0000 decor_w=0.00000 tail=0.0000 sample_m=0 group=0.0000 band_p=0.0000 band_c=0.0000 path_p=0.0112 path_c=0.0075
wrote /root/autodl-tmp/CoFiTok/checkpoints/train_tiny_imagenet_k8_denoisepath_p150_light_deepsk_5k_cuda_2026-07-09/report.json
wrote /root/autodl-tmp/CoFiTok/checkpoints/train_tiny_imagenet_k8_denoisepath_p150_light_deepsk_5k_cuda_2026-07-09/checkpoint_final.pt
wrote /root/autodl-tmp/CoFiTok/checkpoints/train_tiny_imagenet_k8_denoisepath_p150_light_deepsk_5k_cuda_2026-07-09/prefix_final.png
[run] /root/autodl-tmp/conda/envs/pf-vlm/bin/python scripts/evaluate_quality.py --config configs/train_tiny_imagenet_k8_denoisepath_p150_light_deepsk_5k_cuda.json --checkpoint /root/autodl-tmp/CoFiTok/checkpoints/train_tiny_imagenet_k8_denoisepath_p150_light_deepsk_5k_cuda_2026-07-09/checkpoint_final.pt --output-dir /root/autodl-tmp/CoFiTok/checkpoints/quality_tiny_imagenet_deepsk_5k_512_t500_lpips_inception_2026-07-09 --split val --max-batches 16 --max-images 512 --timestep 500 --enable-lpips --enable-inception-fid
/root/autodl-tmp/conda/envs/pf-vlm/lib/python3.10/site-packages/torchvision/models/_utils.py:208: UserWarning: The parameter 'pretrained' is deprecated since 0.13 and may be removed in the future, please use 'weights' instead.
  warnings.warn(
/root/autodl-tmp/conda/envs/pf-vlm/lib/python3.10/site-packages/torchvision/models/_utils.py:223: UserWarning: Arguments other than a weight enum or `None` for 'weights' are deprecated since 0.13 and may be removed in the future. The current behavior is equivalent to passing `weights=AlexNet_Weights.IMAGENET1K_V1`. You can also use `weights=AlexNet_Weights.DEFAULT` to get the most up-to-date weights.
  warnings.warn(msg)
Setting up [LPIPS] perceptual loss: trunk [alex], v[0.1], spatial [off]
Loading model from: /root/autodl-tmp/conda/envs/pf-vlm/lib/python3.10/site-packages/lpips/weights/v0.1/alex.pth
wrote /root/autodl-tmp/CoFiTok/checkpoints/quality_tiny_imagenet_deepsk_5k_512_t500_lpips_inception_2026-07-09/quality_report.json
artifacts/runbooks/p0_formal64_ablation_queue_2026-07-09.sh: line 99: unexpected EOF while looking for matching `"'
[run] /root/autodl-tmp/conda/envs/pf-vlm/bin/python scripts/train_short.py --config configs/train_tiny_imagenet_k8_denoisepath_p150_light_nopathprefix_5k_cuda.json --output-dir /root/autodl-tmp/CoFiTok/checkpoints/train_tiny_imagenet_k8_denoisepath_p150_light_nopathprefix_5k_cuda_2026-07-09
step 0001 total=1.1095 epsilon=1.0981 prefix=1721.0818 energy=0.0000 residual=0.0000 decor=0.0000 decor_w=0.00000 tail=0.0000 sample_m=0 group=0.0000 band_p=0.0000 band_c=0.0000 path_p=0.3761 path_c=0.0380
step 1000 total=0.0548 epsilon=0.0482 prefix=258.0270 energy=0.0000 residual=0.0000 decor=0.0000 decor_w=0.00000 tail=0.0000 sample_m=0 group=0.0000 band_p=0.0000 band_c=0.0000 path_p=0.0393 path_c=0.0221
step 2000 total=0.0761 epsilon=0.0588 prefix=407.1035 energy=0.0000 residual=0.0000 decor=0.0000 decor_w=0.00000 tail=0.0000 sample_m=0 group=0.0000 band_p=0.0000 band_c=0.0000 path_p=0.1283 path_c=0.0575
step 3000 total=0.0735 epsilon=0.0605 prefix=676.3488 energy=0.0000 residual=0.0000 decor=0.0000 decor_w=0.00000 tail=0.0000 sample_m=0 group=0.0000 band_p=0.0000 band_c=0.0000 path_p=0.0845 path_c=0.0431
step 4000 total=0.0733 epsilon=0.0563 prefix=290.7017 energy=0.0000 residual=0.0000 decor=0.0000 decor_w=0.00000 tail=0.0000 sample_m=0 group=0.0000 band_p=0.0000 band_c=0.0000 path_p=0.1181 path_c=0.0567
step 5000 total=0.0551 epsilon=0.0511 prefix=223.9324 energy=0.0000 residual=0.0000 decor=0.0000 decor_w=0.00000 tail=0.0000 sample_m=0 group=0.0000 band_p=0.0000 band_c=0.0000 path_p=0.0211 path_c=0.0134
wrote /root/autodl-tmp/CoFiTok/checkpoints/train_tiny_imagenet_k8_denoisepath_p150_light_nopathprefix_5k_cuda_2026-07-09/report.json
wrote /root/autodl-tmp/CoFiTok/checkpoints/train_tiny_imagenet_k8_denoisepath_p150_light_nopathprefix_5k_cuda_2026-07-09/checkpoint_final.pt
wrote /root/autodl-tmp/CoFiTok/checkpoints/train_tiny_imagenet_k8_denoisepath_p150_light_nopathprefix_5k_cuda_2026-07-09/prefix_final.png
[run] /root/autodl-tmp/conda/envs/pf-vlm/bin/python scripts/evaluate_quality.py --config configs/train_tiny_imagenet_k8_denoisepath_p150_light_nopathprefix_5k_cuda.json --checkpoint /root/autodl-tmp/CoFiTok/checkpoints/train_tiny_imagenet_k8_denoisepath_p150_light_nopathprefix_5k_cuda_2026-07-09/checkpoint_final.pt --output-dir /root/autodl-tmp/CoFiTok/checkpoints/quality_tiny_imagenet_nopathprefix_5k_512_t500_lpips_inception_2026-07-09 --split val --max-batches 16 --max-images 512 --timestep 500 --enable-lpips --enable-inception-fid
/root/autodl-tmp/conda/envs/pf-vlm/lib/python3.10/site-packages/torchvision/models/_utils.py:208: UserWarning: The parameter 'pretrained' is deprecated since 0.13 and may be removed in the future, please use 'weights' instead.
  warnings.warn(
/root/autodl-tmp/conda/envs/pf-vlm/lib/python3.10/site-packages/torchvision/models/_utils.py:223: UserWarning: Arguments other than a weight enum or `None` for 'weights' are deprecated since 0.13 and may be removed in the future. The current behavior is equivalent to passing `weights=AlexNet_Weights.IMAGENET1K_V1`. You can also use `weights=AlexNet_Weights.DEFAULT` to get the most up-to-date weights.
  warnings.warn(msg)
Setting up [LPIPS] perceptual loss: trunk [alex], v[0.1], spatial [off]
Loading model from: /root/autodl-tmp/conda/envs/pf-vlm/lib/python3.10/site-packages/lpips/weights/v0.1/alex.pth
wrote /root/autodl-tmp/CoFiTok/checkpoints/quality_tiny_imagenet_nopathprefix_5k_512_t500_lpips_inception_2026-07-09/quality_report.json
[run] /root/autodl-tmp/conda/envs/pf-vlm/bin/python scripts/train_short.py --config configs/train_tiny_imagenet_k8_denoisepath_p150_light_cleanmono_5k_cuda.json --output-dir /root/autodl-tmp/CoFiTok/checkpoints/train_tiny_imagenet_k8_denoisepath_p150_light_cleanmono_5k_cuda_2026-07-09
step 0001 total=3.0743 epsilon=1.2495 prefix=2739.5439 energy=0.0000 residual=0.0000 decor=0.0000 decor_w=0.00000 tail=0.0000 sample_m=0 group=0.0000 band_p=0.0000 band_c=0.0000 path_p=0.3993 path_c=0.0385
step 1000 total=0.0695 epsilon=0.0578 prefix=471.1762 energy=0.0000 residual=0.0000 decor=0.0000 decor_w=0.00000 tail=0.0000 sample_m=0 group=0.0000 band_p=0.0000 band_c=0.0000 path_p=0.0334 path_c=0.0226
step 2000 total=0.0410 epsilon=0.0350 prefix=46.9575 energy=0.0000 residual=0.0000 decor=0.0000 decor_w=0.00000 tail=0.0000 sample_m=0 group=0.0000 band_p=0.0000 band_c=0.0000 path_p=0.0158 path_c=0.0122
step 3000 total=0.0546 epsilon=0.0441 prefix=820.9111 energy=0.0000 residual=0.0000 decor=0.0000 decor_w=0.00000 tail=0.0000 sample_m=0 group=0.0000 band_p=0.0000 band_c=0.0000 path_p=0.0241 path_c=0.0228
step 4000 total=0.0608 epsilon=0.0526 prefix=396.9260 energy=0.0000 residual=0.0000 decor=0.0000 decor_w=0.00000 tail=0.0000 sample_m=0 group=0.0000 band_p=0.0000 band_c=0.0000 path_p=0.0205 path_c=0.0171
step 5000 total=0.0746 epsilon=0.0646 prefix=235.4694 energy=0.0000 residual=0.0000 decor=0.0000 decor_w=0.00000 tail=0.0000 sample_m=0 group=0.0000 band_p=0.0000 band_c=0.0000 path_p=0.0248 path_c=0.0208
wrote /root/autodl-tmp/CoFiTok/checkpoints/train_tiny_imagenet_k8_denoisepath_p150_light_cleanmono_5k_cuda_2026-07-09/report.json
wrote /root/autodl-tmp/CoFiTok/checkpoints/train_tiny_imagenet_k8_denoisepath_p150_light_cleanmono_5k_cuda_2026-07-09/checkpoint_final.pt
wrote /root/autodl-tmp/CoFiTok/checkpoints/train_tiny_imagenet_k8_denoisepath_p150_light_cleanmono_5k_cuda_2026-07-09/prefix_final.png
[run] /root/autodl-tmp/conda/envs/pf-vlm/bin/python scripts/evaluate_quality.py --config configs/train_tiny_imagenet_k8_denoisepath_p150_light_cleanmono_5k_cuda.json --checkpoint /root/autodl-tmp/CoFiTok/checkpoints/train_tiny_imagenet_k8_denoisepath_p150_light_cleanmono_5k_cuda_2026-07-09/checkpoint_final.pt --output-dir /root/autodl-tmp/CoFiTok/checkpoints/quality_tiny_imagenet_cleanmono_5k_512_t500_lpips_inception_2026-07-09 --split val --max-batches 16 --max-images 512 --timestep 500 --enable-lpips --enable-inception-fid
/root/autodl-tmp/conda/envs/pf-vlm/lib/python3.10/site-packages/torchvision/models/_utils.py:208: UserWarning: The parameter 'pretrained' is deprecated since 0.13 and may be removed in the future, please use 'weights' instead.
  warnings.warn(
/root/autodl-tmp/conda/envs/pf-vlm/lib/python3.10/site-packages/torchvision/models/_utils.py:223: UserWarning: Arguments other than a weight enum or `None` for 'weights' are deprecated since 0.13 and may be removed in the future. The current behavior is equivalent to passing `weights=AlexNet_Weights.IMAGENET1K_V1`. You can also use `weights=AlexNet_Weights.DEFAULT` to get the most up-to-date weights.
  warnings.warn(msg)
Setting up [LPIPS] perceptual loss: trunk [alex], v[0.1], spatial [off]
Loading model from: /root/autodl-tmp/conda/envs/pf-vlm/lib/python3.10/site-packages/lpips/weights/v0.1/alex.pth
wrote /root/autodl-tmp/CoFiTok/checkpoints/quality_tiny_imagenet_cleanmono_5k_512_t500_lpips_inception_2026-07-09/quality_report.json
[skip] /root/autodl-tmp/CoFiTok/checkpoints/train_tiny_imagenet_k8_denoisepath_p150_light_simultaneous_5k_cuda_2026-07-09/report.json
[skip] /root/autodl-tmp/CoFiTok/checkpoints/quality_tiny_imagenet_simultaneous_5k_512_t500_lpips_inception_2026-07-09/quality_report.json
[skip] /root/autodl-tmp/CoFiTok/checkpoints/order_tiny_imagenet_simultaneous_5k_ordered_2026-07-09/report.json
[skip] /root/autodl-tmp/CoFiTok/checkpoints/order_tiny_imagenet_simultaneous_5k_random_2026-07-09/report.json
[skip] /root/autodl-tmp/CoFiTok/checkpoints/order_tiny_imagenet_simultaneous_5k_reverse_2026-07-09/report.json
[skip] /root/autodl-tmp/CoFiTok/checkpoints/train_tiny_imagenet_k8_denoisepath_p150_light_deepsk_5k_cuda_2026-07-09/report.json
[skip] /root/autodl-tmp/CoFiTok/checkpoints/quality_tiny_imagenet_deepsk_5k_512_t500_lpips_inception_2026-07-09/quality_report.json
[run] /root/autodl-tmp/conda/envs/pf-vlm/bin/python scripts/train_short.py --config configs/train_downsampled_imagenet64_k8_denoisepath_p150_light_nopathprefix_5k_cuda.json --output-dir /root/autodl-tmp/CoFiTok/checkpoints/train_downsampled_imagenet64_k8_denoisepath_p150_light_nopathprefix_5k_cuda_2026-07-09
step 0001 total=1.1071 epsilon=1.0964 prefix=1721.0129 energy=0.0000 residual=0.0000 decor=0.0000 decor_w=0.00000 tail=0.0000 sample_m=0 group=0.0000 band_p=0.0000 band_c=0.0000 path_p=0.3700 path_c=0.0354
step 1000 total=0.0558 epsilon=0.0488 prefix=256.2384 energy=0.0000 residual=0.0000 decor=0.0000 decor_w=0.00000 tail=0.0000 sample_m=0 group=0.0000 band_p=0.0000 band_c=0.0000 path_p=0.0431 path_c=0.0232
step 2000 total=0.0750 epsilon=0.0621 prefix=403.1702 energy=0.0000 residual=0.0000 decor=0.0000 decor_w=0.00000 tail=0.0000 sample_m=0 group=0.0000 band_p=0.0000 band_c=0.0000 path_p=0.0895 path_c=0.0429
step 3000 total=0.0949 epsilon=0.0766 prefix=665.9085 energy=0.0000 residual=0.0000 decor=0.0000 decor_w=0.00000 tail=0.0000 sample_m=0 group=0.0000 band_p=0.0000 band_c=0.0000 path_p=0.1203 path_c=0.0610
step 4000 total=0.0602 epsilon=0.0499 prefix=289.7327 energy=0.0000 residual=0.0000 decor=0.0000 decor_w=0.00000 tail=0.0000 sample_m=0 group=0.0000 band_p=0.0000 band_c=0.0000 path_p=0.0444 path_c=0.0343
step 5000 total=0.0559 epsilon=0.0505 prefix=223.5384 energy=0.0000 residual=0.0000 decor=0.0000 decor_w=0.00000 tail=0.0000 sample_m=0 group=0.0000 band_p=0.0000 band_c=0.0000 path_p=0.0272 path_c=0.0181
wrote /root/autodl-tmp/CoFiTok/checkpoints/train_downsampled_imagenet64_k8_denoisepath_p150_light_nopathprefix_5k_cuda_2026-07-09/report.json
wrote /root/autodl-tmp/CoFiTok/checkpoints/train_downsampled_imagenet64_k8_denoisepath_p150_light_nopathprefix_5k_cuda_2026-07-09/checkpoint_final.pt
wrote /root/autodl-tmp/CoFiTok/checkpoints/train_downsampled_imagenet64_k8_denoisepath_p150_light_nopathprefix_5k_cuda_2026-07-09/prefix_final.png
[run] /root/autodl-tmp/conda/envs/pf-vlm/bin/python scripts/evaluate_quality.py --config configs/train_downsampled_imagenet64_k8_denoisepath_p150_light_nopathprefix_5k_cuda.json --checkpoint /root/autodl-tmp/CoFiTok/checkpoints/train_downsampled_imagenet64_k8_denoisepath_p150_light_nopathprefix_5k_cuda_2026-07-09/checkpoint_final.pt --output-dir /root/autodl-tmp/CoFiTok/checkpoints/quality_downsampled_imagenet64_nopathprefix_5k_512_t500_lpips_inception_2026-07-09 --split val --max-batches 16 --max-images 512 --timestep 500 --enable-lpips --enable-inception-fid
/root/autodl-tmp/conda/envs/pf-vlm/lib/python3.10/site-packages/torchvision/models/_utils.py:208: UserWarning: The parameter 'pretrained' is deprecated since 0.13 and may be removed in the future, please use 'weights' instead.
  warnings.warn(
/root/autodl-tmp/conda/envs/pf-vlm/lib/python3.10/site-packages/torchvision/models/_utils.py:223: UserWarning: Arguments other than a weight enum or `None` for 'weights' are deprecated since 0.13 and may be removed in the future. The current behavior is equivalent to passing `weights=AlexNet_Weights.IMAGENET1K_V1`. You can also use `weights=AlexNet_Weights.DEFAULT` to get the most up-to-date weights.
  warnings.warn(msg)
Setting up [LPIPS] perceptual loss: trunk [alex], v[0.1], spatial [off]
Loading model from: /root/autodl-tmp/conda/envs/pf-vlm/lib/python3.10/site-packages/lpips/weights/v0.1/alex.pth
wrote /root/autodl-tmp/CoFiTok/checkpoints/quality_downsampled_imagenet64_nopathprefix_5k_512_t500_lpips_inception_2026-07-09/quality_report.json
[run] /root/autodl-tmp/conda/envs/pf-vlm/bin/python scripts/train_short.py --config configs/train_downsampled_imagenet64_k8_denoisepath_p150_light_cleanmono_5k_cuda.json --output-dir /root/autodl-tmp/CoFiTok/checkpoints/train_downsampled_imagenet64_k8_denoisepath_p150_light_cleanmono_5k_cuda_2026-07-09
step 0001 total=3.0753 epsilon=1.2484 prefix=2739.5002 energy=0.0000 residual=0.0000 decor=0.0000 decor_w=0.00000 tail=0.0000 sample_m=0 group=0.0000 band_p=0.0000 band_c=0.0000 path_p=0.4062 path_c=0.0414
step 1000 total=0.0674 epsilon=0.0558 prefix=468.1789 energy=0.0000 residual=0.0000 decor=0.0000 decor_w=0.00000 tail=0.0000 sample_m=0 group=0.0000 band_p=0.0000 band_c=0.0000 path_p=0.0333 path_c=0.0220
step 2000 total=0.0365 epsilon=0.0311 prefix=46.3607 energy=0.0000 residual=0.0000 decor=0.0000 decor_w=0.00000 tail=0.0000 sample_m=0 group=0.0000 band_p=0.0000 band_c=0.0000 path_p=0.0141 path_c=0.0109
step 3000 total=0.0688 epsilon=0.0562 prefix=817.7698 energy=0.0000 residual=0.0000 decor=0.0000 decor_w=0.00000 tail=0.0000 sample_m=0 group=0.0000 band_p=0.0000 band_c=0.0000 path_p=0.0310 path_c=0.0265
step 4000 total=0.0520 epsilon=0.0449 prefix=393.2412 energy=0.0000 residual=0.0000 decor=0.0000 decor_w=0.00000 tail=0.0000 sample_m=0 group=0.0000 band_p=0.0000 band_c=0.0000 path_p=0.0198 path_c=0.0137
step 5000 total=0.0923 epsilon=0.0807 prefix=230.6743 energy=0.0000 residual=0.0000 decor=0.0000 decor_w=0.00000 tail=0.0000 sample_m=0 group=0.0000 band_p=0.0000 band_c=0.0000 path_p=0.0303 path_c=0.0236
wrote /root/autodl-tmp/CoFiTok/checkpoints/train_downsampled_imagenet64_k8_denoisepath_p150_light_cleanmono_5k_cuda_2026-07-09/report.json
wrote /root/autodl-tmp/CoFiTok/checkpoints/train_downsampled_imagenet64_k8_denoisepath_p150_light_cleanmono_5k_cuda_2026-07-09/checkpoint_final.pt
wrote /root/autodl-tmp/CoFiTok/checkpoints/train_downsampled_imagenet64_k8_denoisepath_p150_light_cleanmono_5k_cuda_2026-07-09/prefix_final.png
[run] /root/autodl-tmp/conda/envs/pf-vlm/bin/python scripts/evaluate_quality.py --config configs/train_downsampled_imagenet64_k8_denoisepath_p150_light_cleanmono_5k_cuda.json --checkpoint /root/autodl-tmp/CoFiTok/checkpoints/train_downsampled_imagenet64_k8_denoisepath_p150_light_cleanmono_5k_cuda_2026-07-09/checkpoint_final.pt --output-dir /root/autodl-tmp/CoFiTok/checkpoints/quality_downsampled_imagenet64_cleanmono_5k_512_t500_lpips_inception_2026-07-09 --split val --max-batches 16 --max-images 512 --timestep 500 --enable-lpips --enable-inception-fid
/root/autodl-tmp/conda/envs/pf-vlm/lib/python3.10/site-packages/torchvision/models/_utils.py:208: UserWarning: The parameter 'pretrained' is deprecated since 0.13 and may be removed in the future, please use 'weights' instead.
  warnings.warn(
/root/autodl-tmp/conda/envs/pf-vlm/lib/python3.10/site-packages/torchvision/models/_utils.py:223: UserWarning: Arguments other than a weight enum or `None` for 'weights' are deprecated since 0.13 and may be removed in the future. The current behavior is equivalent to passing `weights=AlexNet_Weights.IMAGENET1K_V1`. You can also use `weights=AlexNet_Weights.DEFAULT` to get the most up-to-date weights.
  warnings.warn(msg)
Setting up [LPIPS] perceptual loss: trunk [alex], v[0.1], spatial [off]
Loading model from: /root/autodl-tmp/conda/envs/pf-vlm/lib/python3.10/site-packages/lpips/weights/v0.1/alex.pth
wrote /root/autodl-tmp/CoFiTok/checkpoints/quality_downsampled_imagenet64_cleanmono_5k_512_t500_lpips_inception_2026-07-09/quality_report.json
[run] /root/autodl-tmp/conda/envs/pf-vlm/bin/python scripts/train_short.py --config configs/train_downsampled_imagenet64_k8_denoisepath_p150_light_simultaneous_5k_cuda.json --output-dir /root/autodl-tmp/CoFiTok/checkpoints/train_downsampled_imagenet64_k8_denoisepath_p150_light_simultaneous_5k_cuda_2026-07-09
step 0001 total=1.1472 epsilon=1.0680 prefix=3106.0156 energy=0.0000 residual=0.0000 decor=0.0000 decor_w=0.00000 tail=0.0000 sample_m=0 group=0.0000 band_p=0.0000 band_c=0.0000 path_p=0.4200 path_c=0.0538
step 1000 total=0.0682 epsilon=0.0533 prefix=234.4896 energy=0.0000 residual=0.0000 decor=0.0000 decor_w=0.00000 tail=0.0000 sample_m=0 group=0.0000 band_p=0.0000 band_c=0.0000 path_p=0.0396 path_c=0.0298
step 2000 total=0.0456 epsilon=0.0393 prefix=359.9136 energy=0.0000 residual=0.0000 decor=0.0000 decor_w=0.00000 tail=0.0000 sample_m=0 group=0.0000 band_p=0.0000 band_c=0.0000 path_p=0.0170 path_c=0.0125
step 3000 total=0.0419 epsilon=0.0369 prefix=850.0194 energy=0.0000 residual=0.0000 decor=0.0000 decor_w=0.00000 tail=0.0000 sample_m=0 group=0.0000 band_p=0.0000 band_c=0.0000 path_p=0.0133 path_c=0.0103
step 4000 total=0.0692 epsilon=0.0589 prefix=145.2176 energy=0.0000 residual=0.0000 decor=0.0000 decor_w=0.00000 tail=0.0000 sample_m=0 group=0.0000 band_p=0.0000 band_c=0.0000 path_p=0.0257 path_c=0.0215
step 5000 total=0.0381 epsilon=0.0338 prefix=293.2092 energy=0.0000 residual=0.0000 decor=0.0000 decor_w=0.00000 tail=0.0000 sample_m=0 group=0.0000 band_p=0.0000 band_c=0.0000 path_p=0.0117 path_c=0.0085
wrote /root/autodl-tmp/CoFiTok/checkpoints/train_downsampled_imagenet64_k8_denoisepath_p150_light_simultaneous_5k_cuda_2026-07-09/report.json
wrote /root/autodl-tmp/CoFiTok/checkpoints/train_downsampled_imagenet64_k8_denoisepath_p150_light_simultaneous_5k_cuda_2026-07-09/checkpoint_final.pt
wrote /root/autodl-tmp/CoFiTok/checkpoints/train_downsampled_imagenet64_k8_denoisepath_p150_light_simultaneous_5k_cuda_2026-07-09/prefix_final.png
[run] /root/autodl-tmp/conda/envs/pf-vlm/bin/python scripts/evaluate_quality.py --config configs/train_downsampled_imagenet64_k8_denoisepath_p150_light_simultaneous_5k_cuda.json --checkpoint /root/autodl-tmp/CoFiTok/checkpoints/train_downsampled_imagenet64_k8_denoisepath_p150_light_simultaneous_5k_cuda_2026-07-09/checkpoint_final.pt --output-dir /root/autodl-tmp/CoFiTok/checkpoints/quality_downsampled_imagenet64_simultaneous_5k_512_t500_lpips_inception_2026-07-09 --split val --max-batches 16 --max-images 512 --timestep 500 --enable-lpips --enable-inception-fid
/root/autodl-tmp/conda/envs/pf-vlm/lib/python3.10/site-packages/torchvision/models/_utils.py:208: UserWarning: The parameter 'pretrained' is deprecated since 0.13 and may be removed in the future, please use 'weights' instead.
  warnings.warn(
/root/autodl-tmp/conda/envs/pf-vlm/lib/python3.10/site-packages/torchvision/models/_utils.py:223: UserWarning: Arguments other than a weight enum or `None` for 'weights' are deprecated since 0.13 and may be removed in the future. The current behavior is equivalent to passing `weights=AlexNet_Weights.IMAGENET1K_V1`. You can also use `weights=AlexNet_Weights.DEFAULT` to get the most up-to-date weights.
  warnings.warn(msg)
Setting up [LPIPS] perceptual loss: trunk [alex], v[0.1], spatial [off]
Loading model from: /root/autodl-tmp/conda/envs/pf-vlm/lib/python3.10/site-packages/lpips/weights/v0.1/alex.pth
wrote /root/autodl-tmp/CoFiTok/checkpoints/quality_downsampled_imagenet64_simultaneous_5k_512_t500_lpips_inception_2026-07-09/quality_report.json
[run] /root/autodl-tmp/conda/envs/pf-vlm/bin/python scripts/evaluate_checkpoint.py --config configs/train_downsampled_imagenet64_k8_denoisepath_p150_light_simultaneous_5k_cuda.json --checkpoint /root/autodl-tmp/CoFiTok/checkpoints/train_downsampled_imagenet64_k8_denoisepath_p150_light_simultaneous_5k_cuda_2026-07-09/checkpoint_final.pt --output-dir /root/autodl-tmp/CoFiTok/checkpoints/order_downsampled_imagenet64_simultaneous_5k_ordered_2026-07-09 --component-order ordered --random-order-seed 0
wrote /root/autodl-tmp/CoFiTok/checkpoints/order_downsampled_imagenet64_simultaneous_5k_ordered_2026-07-09/report.json
wrote /root/autodl-tmp/CoFiTok/checkpoints/order_downsampled_imagenet64_simultaneous_5k_ordered_2026-07-09/prefix_final.png
wrote /root/autodl-tmp/CoFiTok/checkpoints/order_downsampled_imagenet64_simultaneous_5k_ordered_2026-07-09/prefix_final_shuffled.png
[run] /root/autodl-tmp/conda/envs/pf-vlm/bin/python scripts/evaluate_checkpoint.py --config configs/train_downsampled_imagenet64_k8_denoisepath_p150_light_simultaneous_5k_cuda.json --checkpoint /root/autodl-tmp/CoFiTok/checkpoints/train_downsampled_imagenet64_k8_denoisepath_p150_light_simultaneous_5k_cuda_2026-07-09/checkpoint_final.pt --output-dir /root/autodl-tmp/CoFiTok/checkpoints/order_downsampled_imagenet64_simultaneous_5k_random_2026-07-09 --component-order random --random-order-seed 0
wrote /root/autodl-tmp/CoFiTok/checkpoints/order_downsampled_imagenet64_simultaneous_5k_random_2026-07-09/report.json
wrote /root/autodl-tmp/CoFiTok/checkpoints/order_downsampled_imagenet64_simultaneous_5k_random_2026-07-09/prefix_final.png
wrote /root/autodl-tmp/CoFiTok/checkpoints/order_downsampled_imagenet64_simultaneous_5k_random_2026-07-09/prefix_final_shuffled.png
[run] /root/autodl-tmp/conda/envs/pf-vlm/bin/python scripts/evaluate_checkpoint.py --config configs/train_downsampled_imagenet64_k8_denoisepath_p150_light_simultaneous_5k_cuda.json --checkpoint /root/autodl-tmp/CoFiTok/checkpoints/train_downsampled_imagenet64_k8_denoisepath_p150_light_simultaneous_5k_cuda_2026-07-09/checkpoint_final.pt --output-dir /root/autodl-tmp/CoFiTok/checkpoints/order_downsampled_imagenet64_simultaneous_5k_reverse_2026-07-09 --component-order reverse --random-order-seed 0
wrote /root/autodl-tmp/CoFiTok/checkpoints/order_downsampled_imagenet64_simultaneous_5k_reverse_2026-07-09/report.json
wrote /root/autodl-tmp/CoFiTok/checkpoints/order_downsampled_imagenet64_simultaneous_5k_reverse_2026-07-09/prefix_final.png
wrote /root/autodl-tmp/CoFiTok/checkpoints/order_downsampled_imagenet64_simultaneous_5k_reverse_2026-07-09/prefix_final_shuffled.png
[run] /root/autodl-tmp/conda/envs/pf-vlm/bin/python scripts/train_short.py --config configs/train_downsampled_imagenet64_k8_denoisepath_p150_light_deepsk_5k_cuda.json --output-dir /root/autodl-tmp/CoFiTok/checkpoints/train_downsampled_imagenet64_k8_denoisepath_p150_light_deepsk_5k_cuda_2026-07-09
step 0001 total=1.0769 epsilon=1.0168 prefix=3020.3782 energy=0.0000 residual=0.0000 decor=0.0000 decor_w=0.00000 tail=0.0000 sample_m=0 group=0.0000 band_p=0.0000 band_c=0.0000 path_p=0.3461 path_c=0.0274
step 1000 total=0.0576 epsilon=0.0474 prefix=244.1886 energy=0.0000 residual=0.0000 decor=0.0000 decor_w=0.00000 tail=0.0000 sample_m=0 group=0.0000 band_p=0.0000 band_c=0.0000 path_p=0.0309 path_c=0.0186
step 2000 total=0.0521 epsilon=0.0474 prefix=372.2214 energy=0.0000 residual=0.0000 decor=0.0000 decor_w=0.00000 tail=0.0000 sample_m=0 group=0.0000 band_p=0.0000 band_c=0.0000 path_p=0.0143 path_c=0.0087
step 3000 total=0.0387 epsilon=0.0354 prefix=892.5026 energy=0.0000 residual=0.0000 decor=0.0000 decor_w=0.00000 tail=0.0000 sample_m=0 group=0.0000 band_p=0.0000 band_c=0.0000 path_p=0.0102 path_c=0.0058
step 4000 total=0.0595 epsilon=0.0517 prefix=151.7067 energy=0.0000 residual=0.0000 decor=0.0000 decor_w=0.00000 tail=0.0000 sample_m=0 group=0.0000 band_p=0.0000 band_c=0.0000 path_p=0.0209 path_c=0.0155
step 5000 total=0.0429 epsilon=0.0396 prefix=302.6128 energy=0.0000 residual=0.0000 decor=0.0000 decor_w=0.00000 tail=0.0000 sample_m=0 group=0.0000 band_p=0.0000 band_c=0.0000 path_p=0.0100 path_c=0.0060
wrote /root/autodl-tmp/CoFiTok/checkpoints/train_downsampled_imagenet64_k8_denoisepath_p150_light_deepsk_5k_cuda_2026-07-09/report.json
wrote /root/autodl-tmp/CoFiTok/checkpoints/train_downsampled_imagenet64_k8_denoisepath_p150_light_deepsk_5k_cuda_2026-07-09/checkpoint_final.pt
wrote /root/autodl-tmp/CoFiTok/checkpoints/train_downsampled_imagenet64_k8_denoisepath_p150_light_deepsk_5k_cuda_2026-07-09/prefix_final.png
[run] /root/autodl-tmp/conda/envs/pf-vlm/bin/python scripts/evaluate_quality.py --config configs/train_downsampled_imagenet64_k8_denoisepath_p150_light_deepsk_5k_cuda.json --checkpoint /root/autodl-tmp/CoFiTok/checkpoints/train_downsampled_imagenet64_k8_denoisepath_p150_light_deepsk_5k_cuda_2026-07-09/checkpoint_final.pt --output-dir /root/autodl-tmp/CoFiTok/checkpoints/quality_downsampled_imagenet64_deepsk_5k_512_t500_lpips_inception_2026-07-09 --split val --max-batches 16 --max-images 512 --timestep 500 --enable-lpips --enable-inception-fid
/root/autodl-tmp/conda/envs/pf-vlm/lib/python3.10/site-packages/torchvision/models/_utils.py:208: UserWarning: The parameter 'pretrained' is deprecated since 0.13 and may be removed in the future, please use 'weights' instead.
  warnings.warn(
/root/autodl-tmp/conda/envs/pf-vlm/lib/python3.10/site-packages/torchvision/models/_utils.py:223: UserWarning: Arguments other than a weight enum or `None` for 'weights' are deprecated since 0.13 and may be removed in the future. The current behavior is equivalent to passing `weights=AlexNet_Weights.IMAGENET1K_V1`. You can also use `weights=AlexNet_Weights.DEFAULT` to get the most up-to-date weights.
  warnings.warn(msg)
Setting up [LPIPS] perceptual loss: trunk [alex], v[0.1], spatial [off]
Loading model from: /root/autodl-tmp/conda/envs/pf-vlm/lib/python3.10/site-packages/lpips/weights/v0.1/alex.pth
wrote /root/autodl-tmp/CoFiTok/checkpoints/quality_downsampled_imagenet64_deepsk_5k_512_t500_lpips_inception_2026-07-09/quality_report.json
[run] /root/autodl-tmp/conda/envs/pf-vlm/bin/python scripts/train_short.py --config configs/train_ffhq64_k8_denoisepath_p150_light_nopathprefix_5k_cuda.json --output-dir /root/autodl-tmp/CoFiTok/checkpoints/train_ffhq64_k8_denoisepath_p150_light_nopathprefix_5k_cuda_2026-07-09
step 0001 total=1.1030 epsilon=1.0934 prefix=1721.0182 energy=0.0000 residual=0.0000 decor=0.0000 decor_w=0.00000 tail=0.0000 sample_m=0 group=0.0000 band_p=0.0000 band_c=0.0000 path_p=0.3615 path_c=0.0321
step 1000 total=0.0449 epsilon=0.0386 prefix=255.9005 energy=0.0000 residual=0.0000 decor=0.0000 decor_w=0.00000 tail=0.0000 sample_m=0 group=0.0000 band_p=0.0000 band_c=0.0000 path_p=0.0369 path_c=0.0210
step 2000 total=0.0668 epsilon=0.0548 prefix=402.8023 energy=0.0000 residual=0.0000 decor=0.0000 decor_w=0.00000 tail=0.0000 sample_m=0 group=0.0000 band_p=0.0000 band_c=0.0000 path_p=0.0782 path_c=0.0402
step 3000 total=0.0676 epsilon=0.0526 prefix=661.7248 energy=0.0000 residual=0.0000 decor=0.0000 decor_w=0.00000 tail=0.0000 sample_m=0 group=0.0000 band_p=0.0000 band_c=0.0000 path_p=0.0936 path_c=0.0500
step 4000 total=0.0562 epsilon=0.0463 prefix=292.9845 energy=0.0000 residual=0.0000 decor=0.0000 decor_w=0.00000 tail=0.0000 sample_m=0 group=0.0000 band_p=0.0000 band_c=0.0000 path_p=0.0550 path_c=0.0331
step 5000 total=0.0458 epsilon=0.0415 prefix=223.4919 energy=0.0000 residual=0.0000 decor=0.0000 decor_w=0.00000 tail=0.0000 sample_m=0 group=0.0000 band_p=0.0000 band_c=0.0000 path_p=0.0228 path_c=0.0143
wrote /root/autodl-tmp/CoFiTok/checkpoints/train_ffhq64_k8_denoisepath_p150_light_nopathprefix_5k_cuda_2026-07-09/report.json
wrote /root/autodl-tmp/CoFiTok/checkpoints/train_ffhq64_k8_denoisepath_p150_light_nopathprefix_5k_cuda_2026-07-09/checkpoint_final.pt
wrote /root/autodl-tmp/CoFiTok/checkpoints/train_ffhq64_k8_denoisepath_p150_light_nopathprefix_5k_cuda_2026-07-09/prefix_final.png
[run] /root/autodl-tmp/conda/envs/pf-vlm/bin/python scripts/evaluate_quality.py --config configs/train_ffhq64_k8_denoisepath_p150_light_nopathprefix_5k_cuda.json --checkpoint /root/autodl-tmp/CoFiTok/checkpoints/train_ffhq64_k8_denoisepath_p150_light_nopathprefix_5k_cuda_2026-07-09/checkpoint_final.pt --output-dir /root/autodl-tmp/CoFiTok/checkpoints/quality_ffhq64_nopathprefix_5k_512_t500_lpips_inception_2026-07-09 --split val --max-batches 16 --max-images 512 --timestep 500 --enable-lpips --enable-inception-fid
/root/autodl-tmp/conda/envs/pf-vlm/lib/python3.10/site-packages/torchvision/models/_utils.py:208: UserWarning: The parameter 'pretrained' is deprecated since 0.13 and may be removed in the future, please use 'weights' instead.
  warnings.warn(
/root/autodl-tmp/conda/envs/pf-vlm/lib/python3.10/site-packages/torchvision/models/_utils.py:223: UserWarning: Arguments other than a weight enum or `None` for 'weights' are deprecated since 0.13 and may be removed in the future. The current behavior is equivalent to passing `weights=AlexNet_Weights.IMAGENET1K_V1`. You can also use `weights=AlexNet_Weights.DEFAULT` to get the most up-to-date weights.
  warnings.warn(msg)
Setting up [LPIPS] perceptual loss: trunk [alex], v[0.1], spatial [off]
Loading model from: /root/autodl-tmp/conda/envs/pf-vlm/lib/python3.10/site-packages/lpips/weights/v0.1/alex.pth
wrote /root/autodl-tmp/CoFiTok/checkpoints/quality_ffhq64_nopathprefix_5k_512_t500_lpips_inception_2026-07-09/quality_report.json
[run] /root/autodl-tmp/conda/envs/pf-vlm/bin/python scripts/train_short.py --config configs/train_ffhq64_k8_denoisepath_p150_light_cleanmono_5k_cuda.json --output-dir /root/autodl-tmp/CoFiTok/checkpoints/train_ffhq64_k8_denoisepath_p150_light_cleanmono_5k_cuda_2026-07-09
step 0001 total=3.0714 epsilon=1.2471 prefix=2739.3745 energy=0.0000 residual=0.0000 decor=0.0000 decor_w=0.00000 tail=0.0000 sample_m=0 group=0.0000 band_p=0.0000 band_c=0.0000 path_p=0.3988 path_c=0.0382
step 1000 total=0.0605 epsilon=0.0489 prefix=471.9732 energy=0.0000 residual=0.0000 decor=0.0000 decor_w=0.00000 tail=0.0000 sample_m=0 group=0.0000 band_p=0.0000 band_c=0.0000 path_p=0.0315 path_c=0.0231
step 2000 total=0.0328 epsilon=0.0274 prefix=46.1612 energy=0.0000 residual=0.0000 decor=0.0000 decor_w=0.00000 tail=0.0000 sample_m=0 group=0.0000 band_p=0.0000 band_c=0.0000 path_p=0.0140 path_c=0.0109
step 3000 total=0.0417 epsilon=0.0337 prefix=827.2038 energy=0.0000 residual=0.0000 decor=0.0000 decor_w=0.00000 tail=0.0000 sample_m=0 group=0.0000 band_p=0.0000 band_c=0.0000 path_p=0.0200 path_c=0.0167
step 4000 total=0.0559 epsilon=0.0459 prefix=394.8936 energy=0.0000 residual=0.0000 decor=0.0000 decor_w=0.00000 tail=0.0000 sample_m=0 group=0.0000 band_p=0.0000 band_c=0.0000 path_p=0.0251 path_c=0.0207
step 5000 total=0.0564 epsilon=0.0477 prefix=234.3341 energy=0.0000 residual=0.0000 decor=0.0000 decor_w=0.00000 tail=0.0000 sample_m=0 group=0.0000 band_p=0.0000 band_c=0.0000 path_p=0.0223 path_c=0.0179
wrote /root/autodl-tmp/CoFiTok/checkpoints/train_ffhq64_k8_denoisepath_p150_light_cleanmono_5k_cuda_2026-07-09/report.json
wrote /root/autodl-tmp/CoFiTok/checkpoints/train_ffhq64_k8_denoisepath_p150_light_cleanmono_5k_cuda_2026-07-09/checkpoint_final.pt
wrote /root/autodl-tmp/CoFiTok/checkpoints/train_ffhq64_k8_denoisepath_p150_light_cleanmono_5k_cuda_2026-07-09/prefix_final.png
[run] /root/autodl-tmp/conda/envs/pf-vlm/bin/python scripts/evaluate_quality.py --config configs/train_ffhq64_k8_denoisepath_p150_light_cleanmono_5k_cuda.json --checkpoint /root/autodl-tmp/CoFiTok/checkpoints/train_ffhq64_k8_denoisepath_p150_light_cleanmono_5k_cuda_2026-07-09/checkpoint_final.pt --output-dir /root/autodl-tmp/CoFiTok/checkpoints/quality_ffhq64_cleanmono_5k_512_t500_lpips_inception_2026-07-09 --split val --max-batches 16 --max-images 512 --timestep 500 --enable-lpips --enable-inception-fid
/root/autodl-tmp/conda/envs/pf-vlm/lib/python3.10/site-packages/torchvision/models/_utils.py:208: UserWarning: The parameter 'pretrained' is deprecated since 0.13 and may be removed in the future, please use 'weights' instead.
  warnings.warn(
/root/autodl-tmp/conda/envs/pf-vlm/lib/python3.10/site-packages/torchvision/models/_utils.py:223: UserWarning: Arguments other than a weight enum or `None` for 'weights' are deprecated since 0.13 and may be removed in the future. The current behavior is equivalent to passing `weights=AlexNet_Weights.IMAGENET1K_V1`. You can also use `weights=AlexNet_Weights.DEFAULT` to get the most up-to-date weights.
  warnings.warn(msg)
Setting up [LPIPS] perceptual loss: trunk [alex], v[0.1], spatial [off]
Loading model from: /root/autodl-tmp/conda/envs/pf-vlm/lib/python3.10/site-packages/lpips/weights/v0.1/alex.pth
wrote /root/autodl-tmp/CoFiTok/checkpoints/quality_ffhq64_cleanmono_5k_512_t500_lpips_inception_2026-07-09/quality_report.json
[run] /root/autodl-tmp/conda/envs/pf-vlm/bin/python scripts/train_short.py --config configs/train_ffhq64_k8_denoisepath_p150_light_simultaneous_5k_cuda.json --output-dir /root/autodl-tmp/CoFiTok/checkpoints/train_ffhq64_k8_denoisepath_p150_light_simultaneous_5k_cuda_2026-07-09
step 0001 total=1.1348 epsilon=1.0681 prefix=3105.8938 energy=0.0000 residual=0.0000 decor=0.0000 decor_w=0.00000 tail=0.0000 sample_m=0 group=0.0000 band_p=0.0000 band_c=0.0000 path_p=0.3738 path_c=0.0355
step 1000 total=0.0474 epsilon=0.0359 prefix=238.4805 energy=0.0000 residual=0.0000 decor=0.0000 decor_w=0.00000 tail=0.0000 sample_m=0 group=0.0000 band_p=0.0000 band_c=0.0000 path_p=0.0311 path_c=0.0230
step 2000 total=0.0509 epsilon=0.0440 prefix=359.5025 energy=0.0000 residual=0.0000 decor=0.0000 decor_w=0.00000 tail=0.0000 sample_m=0 group=0.0000 band_p=0.0000 band_c=0.0000 path_p=0.0181 path_c=0.0138
step 3000 total=0.0358 epsilon=0.0302 prefix=853.7128 energy=0.0000 residual=0.0000 decor=0.0000 decor_w=0.00000 tail=0.0000 sample_m=0 group=0.0000 band_p=0.0000 band_c=0.0000 path_p=0.0145 path_c=0.0114
step 4000 total=0.0506 epsilon=0.0434 prefix=145.5127 energy=0.0000 residual=0.0000 decor=0.0000 decor_w=0.00000 tail=0.0000 sample_m=0 group=0.0000 band_p=0.0000 band_c=0.0000 path_p=0.0193 path_c=0.0144
step 5000 total=0.0311 epsilon=0.0271 prefix=296.3656 energy=0.0000 residual=0.0000 decor=0.0000 decor_w=0.00000 tail=0.0000 sample_m=0 group=0.0000 band_p=0.0000 band_c=0.0000 path_p=0.0104 path_c=0.0081
wrote /root/autodl-tmp/CoFiTok/checkpoints/train_ffhq64_k8_denoisepath_p150_light_simultaneous_5k_cuda_2026-07-09/report.json
wrote /root/autodl-tmp/CoFiTok/checkpoints/train_ffhq64_k8_denoisepath_p150_light_simultaneous_5k_cuda_2026-07-09/checkpoint_final.pt
wrote /root/autodl-tmp/CoFiTok/checkpoints/train_ffhq64_k8_denoisepath_p150_light_simultaneous_5k_cuda_2026-07-09/prefix_final.png
[run] /root/autodl-tmp/conda/envs/pf-vlm/bin/python scripts/evaluate_quality.py --config configs/train_ffhq64_k8_denoisepath_p150_light_simultaneous_5k_cuda.json --checkpoint /root/autodl-tmp/CoFiTok/checkpoints/train_ffhq64_k8_denoisepath_p150_light_simultaneous_5k_cuda_2026-07-09/checkpoint_final.pt --output-dir /root/autodl-tmp/CoFiTok/checkpoints/quality_ffhq64_simultaneous_5k_512_t500_lpips_inception_2026-07-09 --split val --max-batches 16 --max-images 512 --timestep 500 --enable-lpips --enable-inception-fid
/root/autodl-tmp/conda/envs/pf-vlm/lib/python3.10/site-packages/torchvision/models/_utils.py:208: UserWarning: The parameter 'pretrained' is deprecated since 0.13 and may be removed in the future, please use 'weights' instead.
  warnings.warn(
/root/autodl-tmp/conda/envs/pf-vlm/lib/python3.10/site-packages/torchvision/models/_utils.py:223: UserWarning: Arguments other than a weight enum or `None` for 'weights' are deprecated since 0.13 and may be removed in the future. The current behavior is equivalent to passing `weights=AlexNet_Weights.IMAGENET1K_V1`. You can also use `weights=AlexNet_Weights.DEFAULT` to get the most up-to-date weights.
  warnings.warn(msg)
Setting up [LPIPS] perceptual loss: trunk [alex], v[0.1], spatial [off]
Loading model from: /root/autodl-tmp/conda/envs/pf-vlm/lib/python3.10/site-packages/lpips/weights/v0.1/alex.pth
wrote /root/autodl-tmp/CoFiTok/checkpoints/quality_ffhq64_simultaneous_5k_512_t500_lpips_inception_2026-07-09/quality_report.json
[run] /root/autodl-tmp/conda/envs/pf-vlm/bin/python scripts/evaluate_checkpoint.py --config configs/train_ffhq64_k8_denoisepath_p150_light_simultaneous_5k_cuda.json --checkpoint /root/autodl-tmp/CoFiTok/checkpoints/train_ffhq64_k8_denoisepath_p150_light_simultaneous_5k_cuda_2026-07-09/checkpoint_final.pt --output-dir /root/autodl-tmp/CoFiTok/checkpoints/order_ffhq64_simultaneous_5k_ordered_2026-07-09 --component-order ordered --random-order-seed 0
wrote /root/autodl-tmp/CoFiTok/checkpoints/order_ffhq64_simultaneous_5k_ordered_2026-07-09/report.json
wrote /root/autodl-tmp/CoFiTok/checkpoints/order_ffhq64_simultaneous_5k_ordered_2026-07-09/prefix_final.png
wrote /root/autodl-tmp/CoFiTok/checkpoints/order_ffhq64_simultaneous_5k_ordered_2026-07-09/prefix_final_shuffled.png
[run] /root/autodl-tmp/conda/envs/pf-vlm/bin/python scripts/evaluate_checkpoint.py --config configs/train_ffhq64_k8_denoisepath_p150_light_simultaneous_5k_cuda.json --checkpoint /root/autodl-tmp/CoFiTok/checkpoints/train_ffhq64_k8_denoisepath_p150_light_simultaneous_5k_cuda_2026-07-09/checkpoint_final.pt --output-dir /root/autodl-tmp/CoFiTok/checkpoints/order_ffhq64_simultaneous_5k_random_2026-07-09 --component-order random --random-order-seed 0
wrote /root/autodl-tmp/CoFiTok/checkpoints/order_ffhq64_simultaneous_5k_random_2026-07-09/report.json
wrote /root/autodl-tmp/CoFiTok/checkpoints/order_ffhq64_simultaneous_5k_random_2026-07-09/prefix_final.png
wrote /root/autodl-tmp/CoFiTok/checkpoints/order_ffhq64_simultaneous_5k_random_2026-07-09/prefix_final_shuffled.png
[run] /root/autodl-tmp/conda/envs/pf-vlm/bin/python scripts/evaluate_checkpoint.py --config configs/train_ffhq64_k8_denoisepath_p150_light_simultaneous_5k_cuda.json --checkpoint /root/autodl-tmp/CoFiTok/checkpoints/train_ffhq64_k8_denoisepath_p150_light_simultaneous_5k_cuda_2026-07-09/checkpoint_final.pt --output-dir /root/autodl-tmp/CoFiTok/checkpoints/order_ffhq64_simultaneous_5k_reverse_2026-07-09 --component-order reverse --random-order-seed 0
wrote /root/autodl-tmp/CoFiTok/checkpoints/order_ffhq64_simultaneous_5k_reverse_2026-07-09/report.json
wrote /root/autodl-tmp/CoFiTok/checkpoints/order_ffhq64_simultaneous_5k_reverse_2026-07-09/prefix_final.png
wrote /root/autodl-tmp/CoFiTok/checkpoints/order_ffhq64_simultaneous_5k_reverse_2026-07-09/prefix_final_shuffled.png
[run] /root/autodl-tmp/conda/envs/pf-vlm/bin/python scripts/train_short.py --config configs/train_ffhq64_k8_denoisepath_p150_light_deepsk_5k_cuda.json --output-dir /root/autodl-tmp/CoFiTok/checkpoints/train_ffhq64_k8_denoisepath_p150_light_deepsk_5k_cuda_2026-07-09
step 0001 total=1.0771 epsilon=1.0169 prefix=3020.3274 energy=0.0000 residual=0.0000 decor=0.0000 decor_w=0.00000 tail=0.0000 sample_m=0 group=0.0000 band_p=0.0000 band_c=0.0000 path_p=0.3463 path_c=0.0275
step 1000 total=0.0514 epsilon=0.0407 prefix=244.2258 energy=0.0000 residual=0.0000 decor=0.0000 decor_w=0.00000 tail=0.0000 sample_m=0 group=0.0000 band_p=0.0000 band_c=0.0000 path_p=0.0327 path_c=0.0191
step 2000 total=0.0422 epsilon=0.0381 prefix=375.8147 energy=0.0000 residual=0.0000 decor=0.0000 decor_w=0.00000 tail=0.0000 sample_m=0 group=0.0000 band_p=0.0000 band_c=0.0000 path_p=0.0127 path_c=0.0073
step 3000 total=0.0358 epsilon=0.0324 prefix=885.3716 energy=0.0000 residual=0.0000 decor=0.0000 decor_w=0.00000 tail=0.0000 sample_m=0 group=0.0000 band_p=0.0000 band_c=0.0000 path_p=0.0103 path_c=0.0062
step 4000 total=0.0440 epsilon=0.0388 prefix=150.3335 energy=0.0000 residual=0.0000 decor=0.0000 decor_w=0.00000 tail=0.0000 sample_m=0 group=0.0000 band_p=0.0000 band_c=0.0000 path_p=0.0151 path_c=0.0099
step 5000 total=0.0332 epsilon=0.0301 prefix=304.2914 energy=0.0000 residual=0.0000 decor=0.0000 decor_w=0.00000 tail=0.0000 sample_m=0 group=0.0000 band_p=0.0000 band_c=0.0000 path_p=0.0092 path_c=0.0056
wrote /root/autodl-tmp/CoFiTok/checkpoints/train_ffhq64_k8_denoisepath_p150_light_deepsk_5k_cuda_2026-07-09/report.json
wrote /root/autodl-tmp/CoFiTok/checkpoints/train_ffhq64_k8_denoisepath_p150_light_deepsk_5k_cuda_2026-07-09/checkpoint_final.pt
wrote /root/autodl-tmp/CoFiTok/checkpoints/train_ffhq64_k8_denoisepath_p150_light_deepsk_5k_cuda_2026-07-09/prefix_final.png
[run] /root/autodl-tmp/conda/envs/pf-vlm/bin/python scripts/evaluate_quality.py --config configs/train_ffhq64_k8_denoisepath_p150_light_deepsk_5k_cuda.json --checkpoint /root/autodl-tmp/CoFiTok/checkpoints/train_ffhq64_k8_denoisepath_p150_light_deepsk_5k_cuda_2026-07-09/checkpoint_final.pt --output-dir /root/autodl-tmp/CoFiTok/checkpoints/quality_ffhq64_deepsk_5k_512_t500_lpips_inception_2026-07-09 --split val --max-batches 16 --max-images 512 --timestep 500 --enable-lpips --enable-inception-fid
/root/autodl-tmp/conda/envs/pf-vlm/lib/python3.10/site-packages/torchvision/models/_utils.py:208: UserWarning: The parameter 'pretrained' is deprecated since 0.13 and may be removed in the future, please use 'weights' instead.
  warnings.warn(
/root/autodl-tmp/conda/envs/pf-vlm/lib/python3.10/site-packages/torchvision/models/_utils.py:223: UserWarning: Arguments other than a weight enum or `None` for 'weights' are deprecated since 0.13 and may be removed in the future. The current behavior is equivalent to passing `weights=AlexNet_Weights.IMAGENET1K_V1`. You can also use `weights=AlexNet_Weights.DEFAULT` to get the most up-to-date weights.
  warnings.warn(msg)
Setting up [LPIPS] perceptual loss: trunk [alex], v[0.1], spatial [off]
Loading model from: /root/autodl-tmp/conda/envs/pf-vlm/lib/python3.10/site-packages/lpips/weights/v0.1/alex.pth
wrote /root/autodl-tmp/CoFiTok/checkpoints/quality_ffhq64_deepsk_5k_512_t500_lpips_inception_2026-07-09/quality_report.json
[run] /root/autodl-tmp/conda/envs/pf-vlm/bin/python scripts/train_short.py --config configs/train_afhqv2_64_k8_denoisepath_p150_light_nopathprefix_5k_cuda.json --output-dir /root/autodl-tmp/CoFiTok/checkpoints/train_afhqv2_64_k8_denoisepath_p150_light_nopathprefix_5k_cuda_2026-07-09
step 0001 total=1.1048 epsilon=1.0953 prefix=1721.0045 energy=0.0000 residual=0.0000 decor=0.0000 decor_w=0.00000 tail=0.0000 sample_m=0 group=0.0000 band_p=0.0000 band_c=0.0000 path_p=0.3611 path_c=0.0320
step 1000 total=0.0471 epsilon=0.0409 prefix=256.0164 energy=0.0000 residual=0.0000 decor=0.0000 decor_w=0.00000 tail=0.0000 sample_m=0 group=0.0000 band_p=0.0000 band_c=0.0000 path_p=0.0358 path_c=0.0205
step 2000 total=0.0788 epsilon=0.0626 prefix=401.5234 energy=0.0000 residual=0.0000 decor=0.0000 decor_w=0.00000 tail=0.0000 sample_m=0 group=0.0000 band_p=0.0000 band_c=0.0000 path_p=0.1121 path_c=0.0539
step 3000 total=0.0634 epsilon=0.0511 prefix=661.0154 energy=0.0000 residual=0.0000 decor=0.0000 decor_w=0.00000 tail=0.0000 sample_m=0 group=0.0000 band_p=0.0000 band_c=0.0000 path_p=0.0759 path_c=0.0410
step 4000 total=0.0534 epsilon=0.0446 prefix=291.4079 energy=0.0000 residual=0.0000 decor=0.0000 decor_w=0.00000 tail=0.0000 sample_m=0 group=0.0000 band_p=0.0000 band_c=0.0000 path_p=0.0413 path_c=0.0293
step 5000 total=0.0439 epsilon=0.0405 prefix=224.4468 energy=0.0000 residual=0.0000 decor=0.0000 decor_w=0.00000 tail=0.0000 sample_m=0 group=0.0000 band_p=0.0000 band_c=0.0000 path_p=0.0175 path_c=0.0114
wrote /root/autodl-tmp/CoFiTok/checkpoints/train_afhqv2_64_k8_denoisepath_p150_light_nopathprefix_5k_cuda_2026-07-09/report.json
wrote /root/autodl-tmp/CoFiTok/checkpoints/train_afhqv2_64_k8_denoisepath_p150_light_nopathprefix_5k_cuda_2026-07-09/checkpoint_final.pt
wrote /root/autodl-tmp/CoFiTok/checkpoints/train_afhqv2_64_k8_denoisepath_p150_light_nopathprefix_5k_cuda_2026-07-09/prefix_final.png
[run] /root/autodl-tmp/conda/envs/pf-vlm/bin/python scripts/evaluate_quality.py --config configs/train_afhqv2_64_k8_denoisepath_p150_light_nopathprefix_5k_cuda.json --checkpoint /root/autodl-tmp/CoFiTok/checkpoints/train_afhqv2_64_k8_denoisepath_p150_light_nopathprefix_5k_cuda_2026-07-09/checkpoint_final.pt --output-dir /root/autodl-tmp/CoFiTok/checkpoints/quality_afhqv2_64_nopathprefix_5k_512_t500_lpips_inception_2026-07-09 --split val --max-batches 16 --max-images 512 --timestep 500 --enable-lpips --enable-inception-fid
/root/autodl-tmp/conda/envs/pf-vlm/lib/python3.10/site-packages/torchvision/models/_utils.py:208: UserWarning: The parameter 'pretrained' is deprecated since 0.13 and may be removed in the future, please use 'weights' instead.
  warnings.warn(
/root/autodl-tmp/conda/envs/pf-vlm/lib/python3.10/site-packages/torchvision/models/_utils.py:223: UserWarning: Arguments other than a weight enum or `None` for 'weights' are deprecated since 0.13 and may be removed in the future. The current behavior is equivalent to passing `weights=AlexNet_Weights.IMAGENET1K_V1`. You can also use `weights=AlexNet_Weights.DEFAULT` to get the most up-to-date weights.
  warnings.warn(msg)
Setting up [LPIPS] perceptual loss: trunk [alex], v[0.1], spatial [off]
Loading model from: /root/autodl-tmp/conda/envs/pf-vlm/lib/python3.10/site-packages/lpips/weights/v0.1/alex.pth
wrote /root/autodl-tmp/CoFiTok/checkpoints/quality_afhqv2_64_nopathprefix_5k_512_t500_lpips_inception_2026-07-09/quality_report.json
[run] /root/autodl-tmp/conda/envs/pf-vlm/bin/python scripts/train_short.py --config configs/train_afhqv2_64_k8_denoisepath_p150_light_cleanmono_5k_cuda.json --output-dir /root/autodl-tmp/CoFiTok/checkpoints/train_afhqv2_64_k8_denoisepath_p150_light_cleanmono_5k_cuda_2026-07-09
step 0001 total=3.0735 epsilon=1.2486 prefix=2739.5039 energy=0.0000 residual=0.0000 decor=0.0000 decor_w=0.00000 tail=0.0000 sample_m=0 group=0.0000 band_p=0.0000 band_c=0.0000 path_p=0.3968 path_c=0.0374
step 1000 total=0.0655 epsilon=0.0531 prefix=471.2806 energy=0.0000 residual=0.0000 decor=0.0000 decor_w=0.00000 tail=0.0000 sample_m=0 group=0.0000 band_p=0.0000 band_c=0.0000 path_p=0.0334 path_c=0.0245
step 2000 total=0.0373 epsilon=0.0317 prefix=46.8379 energy=0.0000 residual=0.0000 decor=0.0000 decor_w=0.00000 tail=0.0000 sample_m=0 group=0.0000 band_p=0.0000 band_c=0.0000 path_p=0.0142 path_c=0.0113
step 3000 total=0.0474 epsilon=0.0380 prefix=826.9859 energy=0.0000 residual=0.0000 decor=0.0000 decor_w=0.00000 tail=0.0000 sample_m=0 group=0.0000 band_p=0.0000 band_c=0.0000 path_p=0.0223 path_c=0.0202
step 4000 total=0.0548 epsilon=0.0470 prefix=396.6465 energy=0.0000 residual=0.0000 decor=0.0000 decor_w=0.00000 tail=0.0000 sample_m=0 group=0.0000 band_p=0.0000 band_c=0.0000 path_p=0.0198 path_c=0.0159
step 5000 total=0.0625 epsilon=0.0544 prefix=235.5147 energy=0.0000 residual=0.0000 decor=0.0000 decor_w=0.00000 tail=0.0000 sample_m=0 group=0.0000 band_p=0.0000 band_c=0.0000 path_p=0.0205 path_c=0.0168
wrote /root/autodl-tmp/CoFiTok/checkpoints/train_afhqv2_64_k8_denoisepath_p150_light_cleanmono_5k_cuda_2026-07-09/report.json
wrote /root/autodl-tmp/CoFiTok/checkpoints/train_afhqv2_64_k8_denoisepath_p150_light_cleanmono_5k_cuda_2026-07-09/checkpoint_final.pt
wrote /root/autodl-tmp/CoFiTok/checkpoints/train_afhqv2_64_k8_denoisepath_p150_light_cleanmono_5k_cuda_2026-07-09/prefix_final.png
[run] /root/autodl-tmp/conda/envs/pf-vlm/bin/python scripts/evaluate_quality.py --config configs/train_afhqv2_64_k8_denoisepath_p150_light_cleanmono_5k_cuda.json --checkpoint /root/autodl-tmp/CoFiTok/checkpoints/train_afhqv2_64_k8_denoisepath_p150_light_cleanmono_5k_cuda_2026-07-09/checkpoint_final.pt --output-dir /root/autodl-tmp/CoFiTok/checkpoints/quality_afhqv2_64_cleanmono_5k_512_t500_lpips_inception_2026-07-09 --split val --max-batches 16 --max-images 512 --timestep 500 --enable-lpips --enable-inception-fid
/root/autodl-tmp/conda/envs/pf-vlm/lib/python3.10/site-packages/torchvision/models/_utils.py:208: UserWarning: The parameter 'pretrained' is deprecated since 0.13 and may be removed in the future, please use 'weights' instead.
  warnings.warn(
/root/autodl-tmp/conda/envs/pf-vlm/lib/python3.10/site-packages/torchvision/models/_utils.py:223: UserWarning: Arguments other than a weight enum or `None` for 'weights' are deprecated since 0.13 and may be removed in the future. The current behavior is equivalent to passing `weights=AlexNet_Weights.IMAGENET1K_V1`. You can also use `weights=AlexNet_Weights.DEFAULT` to get the most up-to-date weights.
  warnings.warn(msg)
Setting up [LPIPS] perceptual loss: trunk [alex], v[0.1], spatial [off]
Loading model from: /root/autodl-tmp/conda/envs/pf-vlm/lib/python3.10/site-packages/lpips/weights/v0.1/alex.pth
wrote /root/autodl-tmp/CoFiTok/checkpoints/quality_afhqv2_64_cleanmono_5k_512_t500_lpips_inception_2026-07-09/quality_report.json
[run] /root/autodl-tmp/conda/envs/pf-vlm/bin/python scripts/train_short.py --config configs/train_afhqv2_64_k8_denoisepath_p150_light_simultaneous_5k_cuda.json --output-dir /root/autodl-tmp/CoFiTok/checkpoints/train_afhqv2_64_k8_denoisepath_p150_light_simultaneous_5k_cuda_2026-07-09
step 0001 total=1.1331 epsilon=1.0687 prefix=3105.9055 energy=0.0000 residual=0.0000 decor=0.0000 decor_w=0.00000 tail=0.0000 sample_m=0 group=0.0000 band_p=0.0000 band_c=0.0000 path_p=0.3648 path_c=0.0322
step 1000 total=0.0486 epsilon=0.0383 prefix=237.5220 energy=0.0000 residual=0.0000 decor=0.0000 decor_w=0.00000 tail=0.0000 sample_m=0 group=0.0000 band_p=0.0000 band_c=0.0000 path_p=0.0277 path_c=0.0206
step 2000 total=0.0466 epsilon=0.0399 prefix=360.2382 energy=0.0000 residual=0.0000 decor=0.0000 decor_w=0.00000 tail=0.0000 sample_m=0 group=0.0000 band_p=0.0000 band_c=0.0000 path_p=0.0174 path_c=0.0135
step 3000 total=0.0341 epsilon=0.0293 prefix=858.9894 energy=0.0000 residual=0.0000 decor=0.0000 decor_w=0.00000 tail=0.0000 sample_m=0 group=0.0000 band_p=0.0000 band_c=0.0000 path_p=0.0126 path_c=0.0097
step 4000 total=0.0500 epsilon=0.0432 prefix=145.2613 energy=0.0000 residual=0.0000 decor=0.0000 decor_w=0.00000 tail=0.0000 sample_m=0 group=0.0000 band_p=0.0000 band_c=0.0000 path_p=0.0170 path_c=0.0139
step 5000 total=0.0330 epsilon=0.0291 prefix=298.6297 energy=0.0000 residual=0.0000 decor=0.0000 decor_w=0.00000 tail=0.0000 sample_m=0 group=0.0000 band_p=0.0000 band_c=0.0000 path_p=0.0105 path_c=0.0079
wrote /root/autodl-tmp/CoFiTok/checkpoints/train_afhqv2_64_k8_denoisepath_p150_light_simultaneous_5k_cuda_2026-07-09/report.json
wrote /root/autodl-tmp/CoFiTok/checkpoints/train_afhqv2_64_k8_denoisepath_p150_light_simultaneous_5k_cuda_2026-07-09/checkpoint_final.pt
wrote /root/autodl-tmp/CoFiTok/checkpoints/train_afhqv2_64_k8_denoisepath_p150_light_simultaneous_5k_cuda_2026-07-09/prefix_final.png
[run] /root/autodl-tmp/conda/envs/pf-vlm/bin/python scripts/evaluate_quality.py --config configs/train_afhqv2_64_k8_denoisepath_p150_light_simultaneous_5k_cuda.json --checkpoint /root/autodl-tmp/CoFiTok/checkpoints/train_afhqv2_64_k8_denoisepath_p150_light_simultaneous_5k_cuda_2026-07-09/checkpoint_final.pt --output-dir /root/autodl-tmp/CoFiTok/checkpoints/quality_afhqv2_64_simultaneous_5k_512_t500_lpips_inception_2026-07-09 --split val --max-batches 16 --max-images 512 --timestep 500 --enable-lpips --enable-inception-fid
/root/autodl-tmp/conda/envs/pf-vlm/lib/python3.10/site-packages/torchvision/models/_utils.py:208: UserWarning: The parameter 'pretrained' is deprecated since 0.13 and may be removed in the future, please use 'weights' instead.
  warnings.warn(
/root/autodl-tmp/conda/envs/pf-vlm/lib/python3.10/site-packages/torchvision/models/_utils.py:223: UserWarning: Arguments other than a weight enum or `None` for 'weights' are deprecated since 0.13 and may be removed in the future. The current behavior is equivalent to passing `weights=AlexNet_Weights.IMAGENET1K_V1`. You can also use `weights=AlexNet_Weights.DEFAULT` to get the most up-to-date weights.
  warnings.warn(msg)
Setting up [LPIPS] perceptual loss: trunk [alex], v[0.1], spatial [off]
Loading model from: /root/autodl-tmp/conda/envs/pf-vlm/lib/python3.10/site-packages/lpips/weights/v0.1/alex.pth
wrote /root/autodl-tmp/CoFiTok/checkpoints/quality_afhqv2_64_simultaneous_5k_512_t500_lpips_inception_2026-07-09/quality_report.json
[run] /root/autodl-tmp/conda/envs/pf-vlm/bin/python scripts/evaluate_checkpoint.py --config configs/train_afhqv2_64_k8_denoisepath_p150_light_simultaneous_5k_cuda.json --checkpoint /root/autodl-tmp/CoFiTok/checkpoints/train_afhqv2_64_k8_denoisepath_p150_light_simultaneous_5k_cuda_2026-07-09/checkpoint_final.pt --output-dir /root/autodl-tmp/CoFiTok/checkpoints/order_afhqv2_64_simultaneous_5k_ordered_2026-07-09 --component-order ordered --random-order-seed 0
wrote /root/autodl-tmp/CoFiTok/checkpoints/order_afhqv2_64_simultaneous_5k_ordered_2026-07-09/report.json
wrote /root/autodl-tmp/CoFiTok/checkpoints/order_afhqv2_64_simultaneous_5k_ordered_2026-07-09/prefix_final.png
wrote /root/autodl-tmp/CoFiTok/checkpoints/order_afhqv2_64_simultaneous_5k_ordered_2026-07-09/prefix_final_shuffled.png
[run] /root/autodl-tmp/conda/envs/pf-vlm/bin/python scripts/evaluate_checkpoint.py --config configs/train_afhqv2_64_k8_denoisepath_p150_light_simultaneous_5k_cuda.json --checkpoint /root/autodl-tmp/CoFiTok/checkpoints/train_afhqv2_64_k8_denoisepath_p150_light_simultaneous_5k_cuda_2026-07-09/checkpoint_final.pt --output-dir /root/autodl-tmp/CoFiTok/checkpoints/order_afhqv2_64_simultaneous_5k_random_2026-07-09 --component-order random --random-order-seed 0
wrote /root/autodl-tmp/CoFiTok/checkpoints/order_afhqv2_64_simultaneous_5k_random_2026-07-09/report.json
wrote /root/autodl-tmp/CoFiTok/checkpoints/order_afhqv2_64_simultaneous_5k_random_2026-07-09/prefix_final.png
wrote /root/autodl-tmp/CoFiTok/checkpoints/order_afhqv2_64_simultaneous_5k_random_2026-07-09/prefix_final_shuffled.png
[run] /root/autodl-tmp/conda/envs/pf-vlm/bin/python scripts/evaluate_checkpoint.py --config configs/train_afhqv2_64_k8_denoisepath_p150_light_simultaneous_5k_cuda.json --checkpoint /root/autodl-tmp/CoFiTok/checkpoints/train_afhqv2_64_k8_denoisepath_p150_light_simultaneous_5k_cuda_2026-07-09/checkpoint_final.pt --output-dir /root/autodl-tmp/CoFiTok/checkpoints/order_afhqv2_64_simultaneous_5k_reverse_2026-07-09 --component-order reverse --random-order-seed 0
wrote /root/autodl-tmp/CoFiTok/checkpoints/order_afhqv2_64_simultaneous_5k_reverse_2026-07-09/report.json
wrote /root/autodl-tmp/CoFiTok/checkpoints/order_afhqv2_64_simultaneous_5k_reverse_2026-07-09/prefix_final.png
wrote /root/autodl-tmp/CoFiTok/checkpoints/order_afhqv2_64_simultaneous_5k_reverse_2026-07-09/prefix_final_shuffled.png
[run] /root/autodl-tmp/conda/envs/pf-vlm/bin/python scripts/train_short.py --config configs/train_afhqv2_64_k8_denoisepath_p150_light_deepsk_5k_cuda.json --output-dir /root/autodl-tmp/CoFiTok/checkpoints/train_afhqv2_64_k8_denoisepath_p150_light_deepsk_5k_cuda_2026-07-09
step 0001 total=1.0795 epsilon=1.0168 prefix=3020.2993 energy=0.0000 residual=0.0000 decor=0.0000 decor_w=0.00000 tail=0.0000 sample_m=0 group=0.0000 band_p=0.0000 band_c=0.0000 path_p=0.3555 path_c=0.0313
step 1000 total=0.0423 epsilon=0.0355 prefix=250.1141 energy=0.0000 residual=0.0000 decor=0.0000 decor_w=0.00000 tail=0.0000 sample_m=0 group=0.0000 band_p=0.0000 band_c=0.0000 path_p=0.0212 path_c=0.0122
step 2000 total=0.0405 epsilon=0.0362 prefix=372.3749 energy=0.0000 residual=0.0000 decor=0.0000 decor_w=0.00000 tail=0.0000 sample_m=0 group=0.0000 band_p=0.0000 band_c=0.0000 path_p=0.0128 path_c=0.0076
step 3000 total=0.0391 epsilon=0.0359 prefix=883.2900 energy=0.0000 residual=0.0000 decor=0.0000 decor_w=0.00000 tail=0.0000 sample_m=0 group=0.0000 band_p=0.0000 band_c=0.0000 path_p=0.0098 path_c=0.0058
step 4000 total=0.0504 epsilon=0.0448 prefix=150.4901 energy=0.0000 residual=0.0000 decor=0.0000 decor_w=0.00000 tail=0.0000 sample_m=0 group=0.0000 band_p=0.0000 band_c=0.0000 path_p=0.0158 path_c=0.0105
step 5000 total=0.0340 epsilon=0.0311 prefix=303.6071 energy=0.0000 residual=0.0000 decor=0.0000 decor_w=0.00000 tail=0.0000 sample_m=0 group=0.0000 band_p=0.0000 band_c=0.0000 path_p=0.0089 path_c=0.0053
wrote /root/autodl-tmp/CoFiTok/checkpoints/train_afhqv2_64_k8_denoisepath_p150_light_deepsk_5k_cuda_2026-07-09/report.json
wrote /root/autodl-tmp/CoFiTok/checkpoints/train_afhqv2_64_k8_denoisepath_p150_light_deepsk_5k_cuda_2026-07-09/checkpoint_final.pt
wrote /root/autodl-tmp/CoFiTok/checkpoints/train_afhqv2_64_k8_denoisepath_p150_light_deepsk_5k_cuda_2026-07-09/prefix_final.png
[run] /root/autodl-tmp/conda/envs/pf-vlm/bin/python scripts/evaluate_quality.py --config configs/train_afhqv2_64_k8_denoisepath_p150_light_deepsk_5k_cuda.json --checkpoint /root/autodl-tmp/CoFiTok/checkpoints/train_afhqv2_64_k8_denoisepath_p150_light_deepsk_5k_cuda_2026-07-09/checkpoint_final.pt --output-dir /root/autodl-tmp/CoFiTok/checkpoints/quality_afhqv2_64_deepsk_5k_512_t500_lpips_inception_2026-07-09 --split val --max-batches 16 --max-images 512 --timestep 500 --enable-lpips --enable-inception-fid
/root/autodl-tmp/conda/envs/pf-vlm/lib/python3.10/site-packages/torchvision/models/_utils.py:208: UserWarning: The parameter 'pretrained' is deprecated since 0.13 and may be removed in the future, please use 'weights' instead.
  warnings.warn(
/root/autodl-tmp/conda/envs/pf-vlm/lib/python3.10/site-packages/torchvision/models/_utils.py:223: UserWarning: Arguments other than a weight enum or `None` for 'weights' are deprecated since 0.13 and may be removed in the future. The current behavior is equivalent to passing `weights=AlexNet_Weights.IMAGENET1K_V1`. You can also use `weights=AlexNet_Weights.DEFAULT` to get the most up-to-date weights.
  warnings.warn(msg)
Setting up [LPIPS] perceptual loss: trunk [alex], v[0.1], spatial [off]
Loading model from: /root/autodl-tmp/conda/envs/pf-vlm/lib/python3.10/site-packages/lpips/weights/v0.1/alex.pth
wrote /root/autodl-tmp/CoFiTok/checkpoints/quality_afhqv2_64_deepsk_5k_512_t500_lpips_inception_2026-07-09/quality_report.json
wrote artifacts/reports/summary_2026-07-09_p0_formal64_ablation_refresh/experiment_summary.json
wrote artifacts/reports/summary_2026-07-09_p0_formal64_ablation_refresh/core_summary.md
wrote artifacts/reports/paper_comparison_matrix_2026-07-09_p0_formal64_ablation_refresh/paper_comparison_matrix_audit.md
p0_formal64_ablation_queue_done
