{"elapsed_seconds": 98.80056047439575, "id": "direct_dense_seed139", "log": "/root/autodl-tmp/CoFiTok/checkpoints/aaai27_ablation_2026-07-11/train/direct_dense_seed139/train.log", "returncode": 0, "stage": "train", "status": "completed"}
{"elapsed_seconds": 108.03915882110596, "id": "direct_dense_seed103", "log": "/root/autodl-tmp/CoFiTok/checkpoints/aaai27_ablation_2026-07-11/train/direct_dense_seed103/train.log", "returncode": 0, "stage": "train", "status": "completed"}
{"elapsed_seconds": 217.5794050693512, "id": "lambda_component_010_seed103", "log": "/root/autodl-tmp/CoFiTok/checkpoints/aaai27_ablation_2026-07-11/train/lambda_component_010_seed103/train.log", "returncode": 0, "stage": "train", "status": "completed"}
{"elapsed_seconds": 219.66742372512817, "id": "lambda_component_010_seed139", "log": "/root/autodl-tmp/CoFiTok/checkpoints/aaai27_ablation_2026-07-11/train/lambda_component_010_seed139/train.log", "returncode": 0, "stage": "train", "status": "completed"}
{"elapsed_seconds": 216.12189650535583, "id": "lambda_component_060_seed103", "log": "/root/autodl-tmp/CoFiTok/checkpoints/aaai27_ablation_2026-07-11/train/lambda_component_060_seed103/train.log", "returncode": 0, "stage": "train", "status": "completed"}
{"elapsed_seconds": 216.39492869377136, "id": "lambda_component_060_seed139", "log": "/root/autodl-tmp/CoFiTok/checkpoints/aaai27_ablation_2026-07-11/train/lambda_component_060_seed139/train.log", "returncode": 0, "stage": "train", "status": "completed"}
{"elapsed_seconds": 221.92803144454956, "id": "lambda_prefix_005_seed103", "log": "/root/autodl-tmp/CoFiTok/checkpoints/aaai27_ablation_2026-07-11/train/lambda_prefix_005_seed103/train.log", "returncode": 0, "stage": "train", "status": "completed"}
{"elapsed_seconds": 223.00335550308228, "id": "lambda_prefix_005_seed139", "log": "/root/autodl-tmp/CoFiTok/checkpoints/aaai27_ablation_2026-07-11/train/lambda_prefix_005_seed139/train.log", "returncode": 0, "stage": "train", "status": "completed"}
{"elapsed_seconds": 221.57383918762207, "id": "lambda_prefix_030_seed103", "log": "/root/autodl-tmp/CoFiTok/checkpoints/aaai27_ablation_2026-07-11/train/lambda_prefix_030_seed103/train.log", "returncode": 0, "stage": "train", "status": "completed"}
{"elapsed_seconds": 221.24428462982178, "id": "lambda_prefix_030_seed139", "log": "/root/autodl-tmp/CoFiTok/checkpoints/aaai27_ablation_2026-07-11/train/lambda_prefix_030_seed139/train.log", "returncode": 0, "stage": "train", "status": "completed"}
{"elapsed_seconds": 221.31563186645508, "id": "no_path_component_seed103", "log": "/root/autodl-tmp/CoFiTok/checkpoints/aaai27_ablation_2026-07-11/train/no_path_component_seed103/train.log", "returncode": 0, "stage": "train", "status": "completed"}
{"elapsed_seconds": 224.85526609420776, "id": "no_path_component_seed139", "log": "/root/autodl-tmp/CoFiTok/checkpoints/aaai27_ablation_2026-07-11/train/no_path_component_seed139/train.log", "returncode": 0, "stage": "train", "status": "completed"}
{"elapsed_seconds": 221.12935709953308, "id": "no_path_prefix_seed103", "log": "/root/autodl-tmp/CoFiTok/checkpoints/aaai27_ablation_2026-07-11/train/no_path_prefix_seed103/train.log", "returncode": 0, "stage": "train", "status": "completed"}
{"elapsed_seconds": 220.85654950141907, "id": "no_path_prefix_seed139", "log": "/root/autodl-tmp/CoFiTok/checkpoints/aaai27_ablation_2026-07-11/train/no_path_prefix_seed139/train.log", "returncode": 0, "stage": "train", "status": "completed"}
{"elapsed_seconds": 220.11119532585144, "id": "progress_power_075_seed103", "log": "/root/autodl-tmp/CoFiTok/checkpoints/aaai27_ablation_2026-07-11/train/progress_power_075_seed103/train.log", "returncode": 0, "stage": "train", "status": "completed"}
{"elapsed_seconds": 223.82424116134644, "id": "progress_power_075_seed139", "log": "/root/autodl-tmp/CoFiTok/checkpoints/aaai27_ablation_2026-07-11/train/progress_power_075_seed139/train.log", "returncode": 0, "stage": "train", "status": "completed"}
{"elapsed_seconds": 226.14680576324463, "id": "progress_power_100_seed103", "log": "/root/autodl-tmp/CoFiTok/checkpoints/aaai27_ablation_2026-07-11/train/progress_power_100_seed103/train.log", "returncode": 0, "stage": "train", "status": "completed"}
{"elapsed_seconds": 224.33244013786316, "id": "progress_power_100_seed139", "log": "/root/autodl-tmp/CoFiTok/checkpoints/aaai27_ablation_2026-07-11/train/progress_power_100_seed139/train.log", "returncode": 0, "stage": "train", "status": "completed"}
{"elapsed_seconds": 219.65417170524597, "id": "progress_power_200_seed103", "log": "/root/autodl-tmp/CoFiTok/checkpoints/aaai27_ablation_2026-07-11/train/progress_power_200_seed103/train.log", "returncode": 0, "stage": "train", "status": "completed"}
{"elapsed_seconds": 222.63817024230957, "id": "progress_power_200_seed139", "log": "/root/autodl-tmp/CoFiTok/checkpoints/aaai27_ablation_2026-07-11/train/progress_power_200_seed139/train.log", "returncode": 0, "stage": "train", "status": "completed"}
{"elapsed_seconds": 180.17778205871582, "id": "progress_power_250_seed103", "log": "/root/autodl-tmp/CoFiTok/checkpoints/aaai27_ablation_2026-07-11/train/progress_power_250_seed103/train.log", "returncode": 0, "stage": "train", "status": "completed"}
{"elapsed_seconds": 176.65513920783997, "id": "progress_power_250_seed139", "log": "/root/autodl-tmp/CoFiTok/checkpoints/aaai27_ablation_2026-07-11/train/progress_power_250_seed139/train.log", "returncode": 0, "stage": "train", "status": "completed"}
{"elapsed_seconds": 4.579447031021118, "id": "direct_dense_seed139", "log": "/root/autodl-tmp/CoFiTok/checkpoints/aaai27_ablation_2026-07-11/eval/direct_dense_seed139/eval.log", "returncode": 0, "stage": "eval", "status": "completed"}
{"elapsed_seconds": 4.639060735702515, "id": "direct_dense_seed103", "log": "/root/autodl-tmp/CoFiTok/checkpoints/aaai27_ablation_2026-07-11/eval/direct_dense_seed103/eval.log", "returncode": 0, "stage": "eval", "status": "completed"}
{"elapsed_seconds": 5.452478647232056, "id": "deep_synthesis_seed139", "log": "/root/autodl-tmp/CoFiTok/checkpoints/aaai27_ablation_2026-07-11/eval/deep_synthesis_seed139/eval.log", "returncode": 0, "stage": "eval", "status": "completed"}
{"elapsed_seconds": 5.5317933559417725, "id": "deep_synthesis_seed103", "log": "/root/autodl-tmp/CoFiTok/checkpoints/aaai27_ablation_2026-07-11/eval/deep_synthesis_seed103/eval.log", "returncode": 0, "stage": "eval", "status": "completed"}
{"elapsed_seconds": 4.8686230182647705, "id": "endpoint_only_seed139", "log": "/root/autodl-tmp/CoFiTok/checkpoints/aaai27_ablation_2026-07-11/eval/endpoint_only_seed139/eval.log", "returncode": 0, "stage": "eval", "status": "completed"}
{"elapsed_seconds": 4.983715057373047, "id": "endpoint_only_seed103", "log": "/root/autodl-tmp/CoFiTok/checkpoints/aaai27_ablation_2026-07-11/eval/endpoint_only_seed103/eval.log", "returncode": 0, "stage": "eval", "status": "completed"}
{"elapsed_seconds": 4.822567939758301, "id": "full_seed139", "log": "/root/autodl-tmp/CoFiTok/checkpoints/aaai27_ablation_2026-07-11/eval/full_seed139/eval.log", "returncode": 0, "stage": "eval", "status": "completed"}
{"elapsed_seconds": 4.987213134765625, "id": "full_seed103", "log": "/root/autodl-tmp/CoFiTok/checkpoints/aaai27_ablation_2026-07-11/eval/full_seed103/eval.log", "returncode": 0, "stage": "eval", "status": "completed"}
{"elapsed_seconds": 5.051625490188599, "id": "lambda_component_010_seed103", "log": "/root/autodl-tmp/CoFiTok/checkpoints/aaai27_ablation_2026-07-11/eval/lambda_component_010_seed103/eval.log", "returncode": 0, "stage": "eval", "status": "completed"}
{"elapsed_seconds": 4.995780944824219, "id": "lambda_component_010_seed139", "log": "/root/autodl-tmp/CoFiTok/checkpoints/aaai27_ablation_2026-07-11/eval/lambda_component_010_seed139/eval.log", "returncode": 0, "stage": "eval", "status": "completed"}
{"elapsed_seconds": 4.594727277755737, "id": "lambda_component_060_seed103", "log": "/root/autodl-tmp/CoFiTok/checkpoints/aaai27_ablation_2026-07-11/eval/lambda_component_060_seed103/eval.log", "returncode": 0, "stage": "eval", "status": "completed"}
{"elapsed_seconds": 4.587080240249634, "id": "lambda_component_060_seed139", "log": "/root/autodl-tmp/CoFiTok/checkpoints/aaai27_ablation_2026-07-11/eval/lambda_component_060_seed139/eval.log", "returncode": 0, "stage": "eval", "status": "completed"}
{"elapsed_seconds": 5.193620920181274, "id": "lambda_prefix_005_seed103", "log": "/root/autodl-tmp/CoFiTok/checkpoints/aaai27_ablation_2026-07-11/eval/lambda_prefix_005_seed103/eval.log", "returncode": 0, "stage": "eval", "status": "completed"}
{"elapsed_seconds": 5.270669937133789, "id": "lambda_prefix_005_seed139", "log": "/root/autodl-tmp/CoFiTok/checkpoints/aaai27_ablation_2026-07-11/eval/lambda_prefix_005_seed139/eval.log", "returncode": 0, "stage": "eval", "status": "completed"}
{"elapsed_seconds": 5.061208009719849, "id": "lambda_prefix_030_seed103", "log": "/root/autodl-tmp/CoFiTok/checkpoints/aaai27_ablation_2026-07-11/eval/lambda_prefix_030_seed103/eval.log", "returncode": 0, "stage": "eval", "status": "completed"}
{"elapsed_seconds": 5.090203046798706, "id": "lambda_prefix_030_seed139", "log": "/root/autodl-tmp/CoFiTok/checkpoints/aaai27_ablation_2026-07-11/eval/lambda_prefix_030_seed139/eval.log", "returncode": 0, "stage": "eval", "status": "completed"}
{"elapsed_seconds": 5.415625095367432, "id": "no_path_component_seed103", "log": "/root/autodl-tmp/CoFiTok/checkpoints/aaai27_ablation_2026-07-11/eval/no_path_component_seed103/eval.log", "returncode": 0, "stage": "eval", "status": "completed"}
{"elapsed_seconds": 5.338252544403076, "id": "no_path_component_seed139", "log": "/root/autodl-tmp/CoFiTok/checkpoints/aaai27_ablation_2026-07-11/eval/no_path_component_seed139/eval.log", "returncode": 0, "stage": "eval", "status": "completed"}
{"elapsed_seconds": 5.240353107452393, "id": "no_path_prefix_seed103", "log": "/root/autodl-tmp/CoFiTok/checkpoints/aaai27_ablation_2026-07-11/eval/no_path_prefix_seed103/eval.log", "returncode": 0, "stage": "eval", "status": "completed"}
{"elapsed_seconds": 5.2151384353637695, "id": "no_path_prefix_seed139", "log": "/root/autodl-tmp/CoFiTok/checkpoints/aaai27_ablation_2026-07-11/eval/no_path_prefix_seed139/eval.log", "returncode": 0, "stage": "eval", "status": "completed"}
{"elapsed_seconds": 5.578933238983154, "id": "progress_power_075_seed139", "log": "/root/autodl-tmp/CoFiTok/checkpoints/aaai27_ablation_2026-07-11/eval/progress_power_075_seed139/eval.log", "returncode": 0, "stage": "eval", "status": "completed"}
{"elapsed_seconds": 5.838079214096069, "id": "progress_power_075_seed103", "log": "/root/autodl-tmp/CoFiTok/checkpoints/aaai27_ablation_2026-07-11/eval/progress_power_075_seed103/eval.log", "returncode": 0, "stage": "eval", "status": "completed"}
{"elapsed_seconds": 5.758609771728516, "id": "progress_power_100_seed103", "log": "/root/autodl-tmp/CoFiTok/checkpoints/aaai27_ablation_2026-07-11/eval/progress_power_100_seed103/eval.log", "returncode": 0, "stage": "eval", "status": "completed"}
{"elapsed_seconds": 5.730463743209839, "id": "progress_power_100_seed139", "log": "/root/autodl-tmp/CoFiTok/checkpoints/aaai27_ablation_2026-07-11/eval/progress_power_100_seed139/eval.log", "returncode": 0, "stage": "eval", "status": "completed"}
{"elapsed_seconds": 4.797666072845459, "id": "progress_power_200_seed103", "log": "/root/autodl-tmp/CoFiTok/checkpoints/aaai27_ablation_2026-07-11/eval/progress_power_200_seed103/eval.log", "returncode": 0, "stage": "eval", "status": "completed"}
{"elapsed_seconds": 5.225223064422607, "id": "progress_power_250_seed139", "log": "/root/autodl-tmp/CoFiTok/checkpoints/aaai27_ablation_2026-07-11/eval/progress_power_250_seed139/eval.log", "returncode": 0, "stage": "eval", "status": "completed"}
{"elapsed_seconds": 5.430331468582153, "id": "progress_power_250_seed103", "log": "/root/autodl-tmp/CoFiTok/checkpoints/aaai27_ablation_2026-07-11/eval/progress_power_250_seed103/eval.log", "returncode": 0, "stage": "eval", "status": "completed"}
{"elapsed_seconds": 5.507717847824097, "id": "progress_power_200_seed139", "log": "/root/autodl-tmp/CoFiTok/checkpoints/aaai27_ablation_2026-07-11/eval/progress_power_200_seed139/eval.log", "returncode": 0, "stage": "eval", "status": "completed"}
{"elapsed_seconds": 4.780167818069458, "id": "simultaneous_seed103", "log": "/root/autodl-tmp/CoFiTok/checkpoints/aaai27_ablation_2026-07-11/eval/simultaneous_seed103/eval.log", "returncode": 0, "stage": "eval", "status": "completed"}
{"elapsed_seconds": 4.906996726989746, "id": "simultaneous_seed139", "log": "/root/autodl-tmp/CoFiTok/checkpoints/aaai27_ablation_2026-07-11/eval/simultaneous_seed139/eval.log", "returncode": 0, "stage": "eval", "status": "completed"}
{"elapsed_seconds": 5.513316869735718, "id": "token_count_16_seed139", "log": "/root/autodl-tmp/CoFiTok/checkpoints/aaai27_ablation_2026-07-11/eval/token_count_16_seed139/eval.log", "returncode": 0, "stage": "eval", "status": "completed"}
{"elapsed_seconds": 5.667478561401367, "id": "token_count_16_seed103", "log": "/root/autodl-tmp/CoFiTok/checkpoints/aaai27_ablation_2026-07-11/eval/token_count_16_seed103/eval.log", "returncode": 0, "stage": "eval", "status": "completed"}
{"elapsed_seconds": 4.272451162338257, "id": "token_count_4_seed103", "log": "/root/autodl-tmp/CoFiTok/checkpoints/aaai27_ablation_2026-07-11/eval/token_count_4_seed103/eval.log", "returncode": 0, "stage": "eval", "status": "completed"}
{"elapsed_seconds": 4.3321380615234375, "id": "token_count_4_seed139", "log": "/root/autodl-tmp/CoFiTok/checkpoints/aaai27_ablation_2026-07-11/eval/token_count_4_seed139/eval.log", "returncode": 0, "stage": "eval", "status": "completed"}
