[run] /root/autodl-tmp/conda/envs/pf-vlm/bin/python scripts/train_short.py --config configs/train_imagenet_1k_64x64_hf_k8_denoisepath_p150_light_nopathprefix_5k_cuda.json --output-dir /root/autodl-tmp/CoFiTok/checkpoints/train_imagenet_1k_64x64_hf_k8_denoisepath_p150_light_nopathprefix_5k_cuda_2026-07-10_imagenet_hf_5k_internal_gaps
step 0001 total=1.1064 epsilon=1.0964 prefix=1721.0291 energy=0.0000 residual=0.0000 decor=0.0000 decor_w=0.00000 tail=0.0000 sample_m=0 group=0.0000 band_p=0.0000 band_c=0.0000 path_p=0.3645 path_c=0.0334
step 1000 total=0.0513 epsilon=0.0448 prefix=255.7473 energy=0.0000 residual=0.0000 decor=0.0000 decor_w=0.00000 tail=0.0000 sample_m=0 group=0.0000 band_p=0.0000 band_c=0.0000 path_p=0.0383 path_c=0.0219
step 2000 total=0.0608 epsilon=0.0498 prefix=404.2899 energy=0.0000 residual=0.0000 decor=0.0000 decor_w=0.00000 tail=0.0000 sample_m=0 group=0.0000 band_p=0.0000 band_c=0.0000 path_p=0.0785 path_c=0.0368
step 3000 total=0.0612 epsilon=0.0510 prefix=652.5237 energy=0.0000 residual=0.0000 decor=0.0000 decor_w=0.00000 tail=0.0000 sample_m=0 group=0.0000 band_p=0.0000 band_c=0.0000 path_p=0.0663 path_c=0.0339
step 4000 total=0.0617 epsilon=0.0516 prefix=291.9737 energy=0.0000 residual=0.0000 decor=0.0000 decor_w=0.00000 tail=0.0000 sample_m=0 group=0.0000 band_p=0.0000 band_c=0.0000 path_p=0.0544 path_c=0.0335
step 5000 total=0.0474 epsilon=0.0425 prefix=223.3320 energy=0.0000 residual=0.0000 decor=0.0000 decor_w=0.00000 tail=0.0000 sample_m=0 group=0.0000 band_p=0.0000 band_c=0.0000 path_p=0.0231 path_c=0.0161
wrote /root/autodl-tmp/CoFiTok/checkpoints/train_imagenet_1k_64x64_hf_k8_denoisepath_p150_light_nopathprefix_5k_cuda_2026-07-10_imagenet_hf_5k_internal_gaps/report.json
wrote /root/autodl-tmp/CoFiTok/checkpoints/train_imagenet_1k_64x64_hf_k8_denoisepath_p150_light_nopathprefix_5k_cuda_2026-07-10_imagenet_hf_5k_internal_gaps/checkpoint_final.pt
wrote /root/autodl-tmp/CoFiTok/checkpoints/train_imagenet_1k_64x64_hf_k8_denoisepath_p150_light_nopathprefix_5k_cuda_2026-07-10_imagenet_hf_5k_internal_gaps/prefix_final.png
[run] /root/autodl-tmp/conda/envs/pf-vlm/bin/python scripts/evaluate_quality.py --config configs/train_imagenet_1k_64x64_hf_k8_denoisepath_p150_light_nopathprefix_5k_cuda.json --checkpoint /root/autodl-tmp/CoFiTok/checkpoints/train_imagenet_1k_64x64_hf_k8_denoisepath_p150_light_nopathprefix_5k_cuda_2026-07-10_imagenet_hf_5k_internal_gaps/checkpoint_final.pt --output-dir /root/autodl-tmp/CoFiTok/checkpoints/quality_imagenet_hf_nopathprefix_5k_512_t500_lpips_inception_2026-07-10_imagenet_hf_5k_internal_gaps --split val --max-batches 16 --max-images 512 --timestep 500 --enable-lpips --enable-inception-fid
/root/autodl-tmp/conda/envs/pf-vlm/lib/python3.10/site-packages/torchvision/models/_utils.py:208: UserWarning: The parameter 'pretrained' is deprecated since 0.13 and may be removed in the future, please use 'weights' instead.
  warnings.warn(
/root/autodl-tmp/conda/envs/pf-vlm/lib/python3.10/site-packages/torchvision/models/_utils.py:223: UserWarning: Arguments other than a weight enum or `None` for 'weights' are deprecated since 0.13 and may be removed in the future. The current behavior is equivalent to passing `weights=AlexNet_Weights.IMAGENET1K_V1`. You can also use `weights=AlexNet_Weights.DEFAULT` to get the most up-to-date weights.
  warnings.warn(msg)
Setting up [LPIPS] perceptual loss: trunk [alex], v[0.1], spatial [off]
Loading model from: /root/autodl-tmp/conda/envs/pf-vlm/lib/python3.10/site-packages/lpips/weights/v0.1/alex.pth
wrote /root/autodl-tmp/CoFiTok/checkpoints/quality_imagenet_hf_nopathprefix_5k_512_t500_lpips_inception_2026-07-10_imagenet_hf_5k_internal_gaps/quality_report.json
[run] /root/autodl-tmp/conda/envs/pf-vlm/bin/python scripts/train_short.py --config configs/train_imagenet_1k_64x64_hf_k8_denoisepath_p150_light_cleanmono_5k_cuda.json --output-dir /root/autodl-tmp/CoFiTok/checkpoints/train_imagenet_1k_64x64_hf_k8_denoisepath_p150_light_cleanmono_5k_cuda_2026-07-10_imagenet_hf_5k_internal_gaps
step 0001 total=3.0725 epsilon=1.2486 prefix=2739.4272 energy=0.0000 residual=0.0000 decor=0.0000 decor_w=0.00000 tail=0.0000 sample_m=0 group=0.0000 band_p=0.0000 band_c=0.0000 path_p=0.3968 path_c=0.0375
step 1000 total=0.0648 epsilon=0.0527 prefix=473.3379 energy=0.0000 residual=0.0000 decor=0.0000 decor_w=0.00000 tail=0.0000 sample_m=0 group=0.0000 band_p=0.0000 band_c=0.0000 path_p=0.0338 path_c=0.0234
step 2000 total=0.0346 epsilon=0.0290 prefix=46.9588 energy=0.0000 residual=0.0000 decor=0.0000 decor_w=0.00000 tail=0.0000 sample_m=0 group=0.0000 band_p=0.0000 band_c=0.0000 path_p=0.0145 path_c=0.0112
step 3000 total=0.0488 epsilon=0.0396 prefix=823.6552 energy=0.0000 residual=0.0000 decor=0.0000 decor_w=0.00000 tail=0.0000 sample_m=0 group=0.0000 band_p=0.0000 band_c=0.0000 path_p=0.0224 path_c=0.0193
step 4000 total=0.0623 epsilon=0.0492 prefix=397.0672 energy=0.0000 residual=0.0000 decor=0.0000 decor_w=0.00000 tail=0.0000 sample_m=0 group=0.0000 band_p=0.0000 band_c=0.0000 path_p=0.0311 path_c=0.0278
step 5000 total=0.0549 epsilon=0.0481 prefix=236.0121 energy=0.0000 residual=0.0000 decor=0.0000 decor_w=0.00000 tail=0.0000 sample_m=0 group=0.0000 band_p=0.0000 band_c=0.0000 path_p=0.0174 path_c=0.0141
wrote /root/autodl-tmp/CoFiTok/checkpoints/train_imagenet_1k_64x64_hf_k8_denoisepath_p150_light_cleanmono_5k_cuda_2026-07-10_imagenet_hf_5k_internal_gaps/report.json
wrote /root/autodl-tmp/CoFiTok/checkpoints/train_imagenet_1k_64x64_hf_k8_denoisepath_p150_light_cleanmono_5k_cuda_2026-07-10_imagenet_hf_5k_internal_gaps/checkpoint_final.pt
wrote /root/autodl-tmp/CoFiTok/checkpoints/train_imagenet_1k_64x64_hf_k8_denoisepath_p150_light_cleanmono_5k_cuda_2026-07-10_imagenet_hf_5k_internal_gaps/prefix_final.png
[run] /root/autodl-tmp/conda/envs/pf-vlm/bin/python scripts/evaluate_quality.py --config configs/train_imagenet_1k_64x64_hf_k8_denoisepath_p150_light_cleanmono_5k_cuda.json --checkpoint /root/autodl-tmp/CoFiTok/checkpoints/train_imagenet_1k_64x64_hf_k8_denoisepath_p150_light_cleanmono_5k_cuda_2026-07-10_imagenet_hf_5k_internal_gaps/checkpoint_final.pt --output-dir /root/autodl-tmp/CoFiTok/checkpoints/quality_imagenet_hf_cleanmono_5k_512_t500_lpips_inception_2026-07-10_imagenet_hf_5k_internal_gaps --split val --max-batches 16 --max-images 512 --timestep 500 --enable-lpips --enable-inception-fid
/root/autodl-tmp/conda/envs/pf-vlm/lib/python3.10/site-packages/torchvision/models/_utils.py:208: UserWarning: The parameter 'pretrained' is deprecated since 0.13 and may be removed in the future, please use 'weights' instead.
  warnings.warn(
/root/autodl-tmp/conda/envs/pf-vlm/lib/python3.10/site-packages/torchvision/models/_utils.py:223: UserWarning: Arguments other than a weight enum or `None` for 'weights' are deprecated since 0.13 and may be removed in the future. The current behavior is equivalent to passing `weights=AlexNet_Weights.IMAGENET1K_V1`. You can also use `weights=AlexNet_Weights.DEFAULT` to get the most up-to-date weights.
  warnings.warn(msg)
Setting up [LPIPS] perceptual loss: trunk [alex], v[0.1], spatial [off]
Loading model from: /root/autodl-tmp/conda/envs/pf-vlm/lib/python3.10/site-packages/lpips/weights/v0.1/alex.pth
wrote /root/autodl-tmp/CoFiTok/checkpoints/quality_imagenet_hf_cleanmono_5k_512_t500_lpips_inception_2026-07-10_imagenet_hf_5k_internal_gaps/quality_report.json
[run] /root/autodl-tmp/conda/envs/pf-vlm/bin/python scripts/evaluate_generated_samples_stream.py --config configs/train_imagenet_1k_64x64_hf_k8_epsilononly_p150eval_5k_seed2_cuda.json --checkpoint /root/autodl-tmp/CoFiTok/checkpoints/train_imagenet_1k_64x64_hf_k8_epsilononly_p150eval_5k_seed2_2026-07-08/checkpoint_final.pt --output-dir /root/autodl-tmp/CoFiTok/checkpoints/generated_quality_stream_imagenet_hf_epsilononly_5k_seed2_1024_ddim50_2026-07-10_imagenet_hf_5k_internal_gaps --split val --sample-count 1024 --max-real-images 4096 --batch-size 64 --sample-steps 50 --enable-inception-fid
wrote /root/autodl-tmp/CoFiTok/checkpoints/generated_quality_stream_imagenet_hf_epsilononly_5k_seed2_1024_ddim50_2026-07-10_imagenet_hf_5k_internal_gaps/generated_quality_report.json
wrote artifacts/reports/summary_2026-07-10_imagenet_hf_5k_internal_gaps/experiment_summary.json
wrote artifacts/reports/summary_2026-07-10_imagenet_hf_5k_internal_gaps/core_summary.md
wrote artifacts/reports/baselines/summary_2026-07-10_imagenet_hf_5k_internal_gaps/baseline_summary.md
wrote artifacts/reports/paper_comparison_matrix_2026-07-10_imagenet_hf_5k_internal_gaps/paper_comparison_matrix_audit.md
wrote artifacts/reports/p0_64_horizontal_table_2026-07-10_imagenet_hf_5k_complete/p0_64_paper_table.md
p0_imagenet_hf_5k_internal_gaps_done artifacts/reports/summary_2026-07-10_imagenet_hf_5k_internal_gaps artifacts/reports/baselines/summary_2026-07-10_imagenet_hf_5k_internal_gaps artifacts/reports/paper_comparison_matrix_2026-07-10_imagenet_hf_5k_internal_gaps artifacts/reports/p0_64_horizontal_table_2026-07-10_imagenet_hf_5k_complete
