status=started started_at=2026-07-10T09:24:36+08:00
Looking in indexes: http://mirrors.aliyun.com/pypi/simple
Collecting gdown
  Downloading http://mirrors.aliyun.com/pypi/packages/7d/56/a99f0f159cce5b26d267317d436afee184f45fc7911938757d7cbbd2d10c/gdown-6.1.0-py3-none-any.whl (19 kB)
Collecting beautifulsoup4 (from gdown)
  Downloading http://mirrors.aliyun.com/pypi/packages/88/c6/92fcd42f1ba33e1184263f25bfabf3d27c383410470f169e4b8163bf9c17/beautifulsoup4-4.15.0-py3-none-any.whl (109 kB)
Requirement already satisfied: filelock in /root/autodl-tmp/conda/envs/pf-vlm/lib/python3.10/site-packages (from gdown) (3.29.0)
Requirement already satisfied: requests[socks] in /root/autodl-tmp/conda/envs/pf-vlm/lib/python3.10/site-packages (from gdown) (2.34.2)
Requirement already satisfied: tqdm in /root/autodl-tmp/conda/envs/pf-vlm/lib/python3.10/site-packages (from gdown) (4.67.3)
Requirement already satisfied: typing-extensions>=4.0 in /root/autodl-tmp/conda/envs/pf-vlm/lib/python3.10/site-packages (from gdown) (4.15.0)
Collecting soupsieve>=1.6.1 (from beautifulsoup4->gdown)
  Downloading http://mirrors.aliyun.com/pypi/packages/5e/f5/0c41cb68dcae6b7de4fac4188a3a9589e21fb31df21ea3a2e888db95e6c9/soupsieve-2.8.4-py3-none-any.whl (37 kB)
Requirement already satisfied: charset_normalizer<4,>=2 in /root/autodl-tmp/conda/envs/pf-vlm/lib/python3.10/site-packages (from requests[socks]->gdown) (3.4.7)
Requirement already satisfied: idna<4,>=2.5 in /root/autodl-tmp/conda/envs/pf-vlm/lib/python3.10/site-packages (from requests[socks]->gdown) (3.15)
Requirement already satisfied: urllib3<3,>=1.26 in /root/autodl-tmp/conda/envs/pf-vlm/lib/python3.10/site-packages (from requests[socks]->gdown) (2.7.0)
Requirement already satisfied: certifi>=2023.5.7 in /root/autodl-tmp/conda/envs/pf-vlm/lib/python3.10/site-packages (from requests[socks]->gdown) (2026.4.22)
Collecting PySocks!=1.5.7,>=1.5.6 (from requests[socks]->gdown)
  Downloading http://mirrors.aliyun.com/pypi/packages/8d/59/b4572118e098ac8e46e399a1dd0f2d85403ce8bbaad9ec79373ed6badaf9/PySocks-1.7.1-py3-none-any.whl (16 kB)
Installing collected packages: soupsieve, PySocks, beautifulsoup4, gdown

Successfully installed PySocks-1.7.1 beautifulsoup4-4.15.0 gdown-6.1.0 soupsieve-2.8.4
WARNING: Running pip as the 'root' user can result in broken permissions and conflicting behaviour with the system package manager, possibly rendering your system unusable. It is recommended to use a virtual environment instead: https://pip.pypa.io/warnings/venv. Use the --root-user-action option if you know what you are doing and want to suppress this warning.
usage: __main__.py [-h] [-V] [-O OUTPUT] [-q] [--proxy PROXY] [--speed SPEED]
                   [--no-cookies] [--no-check-certificate] [--continue]
                   [--folder] [--json] [--format FORMAT]
                   [--user-agent USER_AGENT]
                   url_or_id

positional arguments:
  url_or_id             url or file/folder id to download from

options:
  -h, --help            show this help message and exit
  -V, --version         display version (default: None)
  -O OUTPUT, --output OUTPUT
                        output file name/path; end with "/" to create a new
                        directory (default: None)
  -q, --quiet           suppress logging except errors (default: False)
  --proxy PROXY         <protocol://host:port> download using the specified
                        proxy (default: None)
  --speed SPEED         download speed limit in second (e.g., '10MB' ->
                        10MB/s) (default: None)
  --no-cookies          don't use cookies in ~/.cache/gdown/cookies.txt
                        (default: False)
  --no-check-certificate
                        don't check the server's TLS certificate (default:
                        False)
  --continue, -c        resume getting partially-downloaded files while
                        skipping fully downloaded ones (default: False)
  --folder              download entire folder instead of a single file
                        (default: False)
  --json                (beta) list file or folder contents as a JSON array on
                        stdout instead of downloading. Each entry is an object
                        with 'url' and 'path'. The output format may change in
                        a future release. Cannot be combined with -O/--output.
                        (default: False)
  --format FORMAT       Format of Google Docs, Spreadsheets and Slides.
                        Default is Google Docs: 'docx', Spreadsheet: 'xlsx',
                        Slides: 'pptx'. (default: None)
  --user-agent USER_AGENT
                        User-Agent to use for downloading file. (default:
                        None)
status=finished rc=0 finished_at=2026-07-10T09:24:37+08:00
