Wed Jul  8 23:13:27 2026       
+-----------------------------------------------------------------------------------------+
| NVIDIA-SMI 590.44.01              Driver Version: 590.44.01      CUDA Version: 13.1     |
+-----------------------------------------+------------------------+----------------------+
| GPU  Name                 Persistence-M | Bus-Id          Disp.A | Volatile Uncorr. ECC |
| Fan  Temp   Perf          Pwr:Usage/Cap |           Memory-Usage | GPU-Util  Compute M. |
|                                         |                        |               MIG M. |
|=========================================+========================+======================|
|   0  NVIDIA RTX PRO 6000 Blac...    On  |   00000000:38:00.0 Off |                  Off |
| N/A   27C    P8             34W /  600W |       0MiB /  97887MiB |      0%      Default |
|                                         |                        |             Disabled |
+-----------------------------------------+------------------------+----------------------+

+-----------------------------------------------------------------------------------------+
| Processes:                                                                              |
|  GPU   GI   CI              PID   Type   Process name                        GPU Memory |
|        ID   ID                                                               Usage      |
|=========================================================================================|
|  No running processes found                                                             |
+-----------------------------------------------------------------------------------------+
[train] tiny_epsilononly_multiscale_20k -> /root/autodl-tmp/CoFiTok/checkpoints/train_tiny_imagenet_k8_epsilononly_p150eval_multiscale_20k_2026-07-08
step 0001 total=1.3297 epsilon=1.3297 prefix=1041.2612 energy=0.0000 residual=0.0000 decor=0.0000 decor_w=0.00000 tail=0.0000 sample_m=0 group=0.0000 band_p=0.0000 band_c=0.0000 path_p=0.0000 path_c=0.0000
step 1000 total=0.0407 epsilon=0.0407 prefix=757.8281 energy=0.0000 residual=0.0000 decor=0.0000 decor_w=0.00000 tail=0.0000 sample_m=0 group=0.0000 band_p=0.0000 band_c=0.0000 path_p=0.0000 path_c=0.0000
step 2000 total=0.0495 epsilon=0.0495 prefix=345.5550 energy=0.0000 residual=0.0000 decor=0.0000 decor_w=0.00000 tail=0.0000 sample_m=0 group=0.0000 band_p=0.0000 band_c=0.0000 path_p=0.0000 path_c=0.0000
step 3000 total=0.0928 epsilon=0.0928 prefix=224.3798 energy=0.0000 residual=0.0000 decor=0.0000 decor_w=0.00000 tail=0.0000 sample_m=0 group=0.0000 band_p=0.0000 band_c=0.0000 path_p=0.0000 path_c=0.0000
step 4000 total=0.0215 epsilon=0.0215 prefix=863.7988 energy=0.0000 residual=0.0000 decor=0.0000 decor_w=0.00000 tail=0.0000 sample_m=0 group=0.0000 band_p=0.0000 band_c=0.0000 path_p=0.0000 path_c=0.0000
step 5000 total=0.0313 epsilon=0.0313 prefix=749.3715 energy=0.0000 residual=0.0000 decor=0.0000 decor_w=0.00000 tail=0.0000 sample_m=0 group=0.0000 band_p=0.0000 band_c=0.0000 path_p=0.0000 path_c=0.0000
step 6000 total=0.0411 epsilon=0.0411 prefix=2356.6829 energy=0.0000 residual=0.0000 decor=0.0000 decor_w=0.00000 tail=0.0000 sample_m=0 group=0.0000 band_p=0.0000 band_c=0.0000 path_p=0.0000 path_c=0.0000
step 7000 total=0.0336 epsilon=0.0336 prefix=498.4511 energy=0.0000 residual=0.0000 decor=0.0000 decor_w=0.00000 tail=0.0000 sample_m=0 group=0.0000 band_p=0.0000 band_c=0.0000 path_p=0.0000 path_c=0.0000
step 8000 total=0.0579 epsilon=0.0579 prefix=579.1122 energy=0.0000 residual=0.0000 decor=0.0000 decor_w=0.00000 tail=0.0000 sample_m=0 group=0.0000 band_p=0.0000 band_c=0.0000 path_p=0.0000 path_c=0.0000
step 9000 total=0.0274 epsilon=0.0274 prefix=1116.1029 energy=0.0000 residual=0.0000 decor=0.0000 decor_w=0.00000 tail=0.0000 sample_m=0 group=0.0000 band_p=0.0000 band_c=0.0000 path_p=0.0000 path_c=0.0000
step 10000 total=0.0664 epsilon=0.0664 prefix=290.3041 energy=0.0000 residual=0.0000 decor=0.0000 decor_w=0.00000 tail=0.0000 sample_m=0 group=0.0000 band_p=0.0000 band_c=0.0000 path_p=0.0000 path_c=0.0000
step 11000 total=0.0509 epsilon=0.0509 prefix=392.2571 energy=0.0000 residual=0.0000 decor=0.0000 decor_w=0.00000 tail=0.0000 sample_m=0 group=0.0000 band_p=0.0000 band_c=0.0000 path_p=0.0000 path_c=0.0000
step 12000 total=0.0412 epsilon=0.0412 prefix=1442.1479 energy=0.0000 residual=0.0000 decor=0.0000 decor_w=0.00000 tail=0.0000 sample_m=0 group=0.0000 band_p=0.0000 band_c=0.0000 path_p=0.0000 path_c=0.0000
step 13000 total=0.0426 epsilon=0.0426 prefix=671.4656 energy=0.0000 residual=0.0000 decor=0.0000 decor_w=0.00000 tail=0.0000 sample_m=0 group=0.0000 band_p=0.0000 band_c=0.0000 path_p=0.0000 path_c=0.0000
step 14000 total=0.0710 epsilon=0.0710 prefix=273.4947 energy=0.0000 residual=0.0000 decor=0.0000 decor_w=0.00000 tail=0.0000 sample_m=0 group=0.0000 band_p=0.0000 band_c=0.0000 path_p=0.0000 path_c=0.0000
step 15000 total=0.0214 epsilon=0.0214 prefix=997.6174 energy=0.0000 residual=0.0000 decor=0.0000 decor_w=0.00000 tail=0.0000 sample_m=0 group=0.0000 band_p=0.0000 band_c=0.0000 path_p=0.0000 path_c=0.0000
step 16000 total=0.0502 epsilon=0.0502 prefix=334.2245 energy=0.0000 residual=0.0000 decor=0.0000 decor_w=0.00000 tail=0.0000 sample_m=0 group=0.0000 band_p=0.0000 band_c=0.0000 path_p=0.0000 path_c=0.0000
step 17000 total=0.0393 epsilon=0.0393 prefix=523.4924 energy=0.0000 residual=0.0000 decor=0.0000 decor_w=0.00000 tail=0.0000 sample_m=0 group=0.0000 band_p=0.0000 band_c=0.0000 path_p=0.0000 path_c=0.0000
step 18000 total=0.0738 epsilon=0.0738 prefix=188.5657 energy=0.0000 residual=0.0000 decor=0.0000 decor_w=0.00000 tail=0.0000 sample_m=0 group=0.0000 band_p=0.0000 band_c=0.0000 path_p=0.0000 path_c=0.0000
step 19000 total=0.0305 epsilon=0.0305 prefix=410.2938 energy=0.0000 residual=0.0000 decor=0.0000 decor_w=0.00000 tail=0.0000 sample_m=0 group=0.0000 band_p=0.0000 band_c=0.0000 path_p=0.0000 path_c=0.0000
step 20000 total=0.0289 epsilon=0.0289 prefix=654.3017 energy=0.0000 residual=0.0000 decor=0.0000 decor_w=0.00000 tail=0.0000 sample_m=0 group=0.0000 band_p=0.0000 band_c=0.0000 path_p=0.0000 path_c=0.0000
wrote /root/autodl-tmp/CoFiTok/checkpoints/train_tiny_imagenet_k8_epsilononly_p150eval_multiscale_20k_2026-07-08/report.json
wrote /root/autodl-tmp/CoFiTok/checkpoints/train_tiny_imagenet_k8_epsilononly_p150eval_multiscale_20k_2026-07-08/checkpoint_final.pt
wrote /root/autodl-tmp/CoFiTok/checkpoints/train_tiny_imagenet_k8_epsilononly_p150eval_multiscale_20k_2026-07-08/prefix_final.png
[train] imagenet_hf_epsilononly_multiscale_20k -> /root/autodl-tmp/CoFiTok/checkpoints/train_imagenet_1k_64x64_hf_k8_epsilononly_p150eval_multiscale_20k_2026-07-08
step 0001 total=1.3247 epsilon=1.3247 prefix=1041.2345 energy=0.0000 residual=0.0000 decor=0.0000 decor_w=0.00000 tail=0.0000 sample_m=0 group=0.0000 band_p=0.0000 band_c=0.0000 path_p=0.0000 path_c=0.0000
step 1000 total=0.0375 epsilon=0.0375 prefix=756.5703 energy=0.0000 residual=0.0000 decor=0.0000 decor_w=0.00000 tail=0.0000 sample_m=0 group=0.0000 band_p=0.0000 band_c=0.0000 path_p=0.0000 path_c=0.0000
step 2000 total=0.0335 epsilon=0.0335 prefix=347.4901 energy=0.0000 residual=0.0000 decor=0.0000 decor_w=0.00000 tail=0.0000 sample_m=0 group=0.0000 band_p=0.0000 band_c=0.0000 path_p=0.0000 path_c=0.0000
step 3000 total=0.0528 epsilon=0.0528 prefix=224.1326 energy=0.0000 residual=0.0000 decor=0.0000 decor_w=0.00000 tail=0.0000 sample_m=0 group=0.0000 band_p=0.0000 band_c=0.0000 path_p=0.0000 path_c=0.0000
step 4000 total=0.0157 epsilon=0.0157 prefix=867.3864 energy=0.0000 residual=0.0000 decor=0.0000 decor_w=0.00000 tail=0.0000 sample_m=0 group=0.0000 band_p=0.0000 band_c=0.0000 path_p=0.0000 path_c=0.0000
step 5000 total=0.0287 epsilon=0.0287 prefix=755.3562 energy=0.0000 residual=0.0000 decor=0.0000 decor_w=0.00000 tail=0.0000 sample_m=0 group=0.0000 band_p=0.0000 band_c=0.0000 path_p=0.0000 path_c=0.0000
step 6000 total=0.0381 epsilon=0.0381 prefix=2364.1836 energy=0.0000 residual=0.0000 decor=0.0000 decor_w=0.00000 tail=0.0000 sample_m=0 group=0.0000 band_p=0.0000 band_c=0.0000 path_p=0.0000 path_c=0.0000
step 7000 total=0.0209 epsilon=0.0209 prefix=498.7148 energy=0.0000 residual=0.0000 decor=0.0000 decor_w=0.00000 tail=0.0000 sample_m=0 group=0.0000 band_p=0.0000 band_c=0.0000 path_p=0.0000 path_c=0.0000
step 8000 total=0.0483 epsilon=0.0483 prefix=580.6694 energy=0.0000 residual=0.0000 decor=0.0000 decor_w=0.00000 tail=0.0000 sample_m=0 group=0.0000 band_p=0.0000 band_c=0.0000 path_p=0.0000 path_c=0.0000
step 9000 total=0.0254 epsilon=0.0254 prefix=1121.8015 energy=0.0000 residual=0.0000 decor=0.0000 decor_w=0.00000 tail=0.0000 sample_m=0 group=0.0000 band_p=0.0000 band_c=0.0000 path_p=0.0000 path_c=0.0000
step 10000 total=0.0536 epsilon=0.0536 prefix=291.4623 energy=0.0000 residual=0.0000 decor=0.0000 decor_w=0.00000 tail=0.0000 sample_m=0 group=0.0000 band_p=0.0000 band_c=0.0000 path_p=0.0000 path_c=0.0000
step 11000 total=0.0378 epsilon=0.0378 prefix=394.5212 energy=0.0000 residual=0.0000 decor=0.0000 decor_w=0.00000 tail=0.0000 sample_m=0 group=0.0000 band_p=0.0000 band_c=0.0000 path_p=0.0000 path_c=0.0000
step 12000 total=0.0301 epsilon=0.0301 prefix=1441.6509 energy=0.0000 residual=0.0000 decor=0.0000 decor_w=0.00000 tail=0.0000 sample_m=0 group=0.0000 band_p=0.0000 band_c=0.0000 path_p=0.0000 path_c=0.0000
step 13000 total=0.0371 epsilon=0.0371 prefix=674.2031 energy=0.0000 residual=0.0000 decor=0.0000 decor_w=0.00000 tail=0.0000 sample_m=0 group=0.0000 band_p=0.0000 band_c=0.0000 path_p=0.0000 path_c=0.0000
step 14000 total=0.0567 epsilon=0.0567 prefix=275.8326 energy=0.0000 residual=0.0000 decor=0.0000 decor_w=0.00000 tail=0.0000 sample_m=0 group=0.0000 band_p=0.0000 band_c=0.0000 path_p=0.0000 path_c=0.0000
step 15000 total=0.0224 epsilon=0.0224 prefix=1003.0248 energy=0.0000 residual=0.0000 decor=0.0000 decor_w=0.00000 tail=0.0000 sample_m=0 group=0.0000 band_p=0.0000 band_c=0.0000 path_p=0.0000 path_c=0.0000
step 16000 total=0.0391 epsilon=0.0391 prefix=335.5814 energy=0.0000 residual=0.0000 decor=0.0000 decor_w=0.00000 tail=0.0000 sample_m=0 group=0.0000 band_p=0.0000 band_c=0.0000 path_p=0.0000 path_c=0.0000
step 17000 total=0.0350 epsilon=0.0350 prefix=527.1452 energy=0.0000 residual=0.0000 decor=0.0000 decor_w=0.00000 tail=0.0000 sample_m=0 group=0.0000 band_p=0.0000 band_c=0.0000 path_p=0.0000 path_c=0.0000
step 18000 total=0.0469 epsilon=0.0469 prefix=189.9705 energy=0.0000 residual=0.0000 decor=0.0000 decor_w=0.00000 tail=0.0000 sample_m=0 group=0.0000 band_p=0.0000 band_c=0.0000 path_p=0.0000 path_c=0.0000
step 19000 total=0.0262 epsilon=0.0262 prefix=413.1610 energy=0.0000 residual=0.0000 decor=0.0000 decor_w=0.00000 tail=0.0000 sample_m=0 group=0.0000 band_p=0.0000 band_c=0.0000 path_p=0.0000 path_c=0.0000
step 20000 total=0.0232 epsilon=0.0232 prefix=654.3254 energy=0.0000 residual=0.0000 decor=0.0000 decor_w=0.00000 tail=0.0000 sample_m=0 group=0.0000 band_p=0.0000 band_c=0.0000 path_p=0.0000 path_c=0.0000
wrote /root/autodl-tmp/CoFiTok/checkpoints/train_imagenet_1k_64x64_hf_k8_epsilononly_p150eval_multiscale_20k_2026-07-08/report.json
wrote /root/autodl-tmp/CoFiTok/checkpoints/train_imagenet_1k_64x64_hf_k8_epsilononly_p150eval_multiscale_20k_2026-07-08/checkpoint_final.pt
wrote /root/autodl-tmp/CoFiTok/checkpoints/train_imagenet_1k_64x64_hf_k8_epsilononly_p150eval_multiscale_20k_2026-07-08/prefix_final.png
[stream] tiny_epsilononly_multiscale_20k -> /root/autodl-tmp/CoFiTok/checkpoints/generated_quality_stream_tiny_epsilononly_multiscale_20k_10000_ddim50_2026-07-08
wrote /root/autodl-tmp/CoFiTok/checkpoints/generated_quality_stream_tiny_epsilononly_multiscale_20k_10000_ddim50_2026-07-08/generated_quality_report.json
[stream] tiny_k8_light_multiscale_20k -> /root/autodl-tmp/CoFiTok/checkpoints/generated_quality_stream_tiny_k8_light_multiscale_20k_10000_ddim50_2026-07-08
wrote /root/autodl-tmp/CoFiTok/checkpoints/generated_quality_stream_tiny_k8_light_multiscale_20k_10000_ddim50_2026-07-08/generated_quality_report.json
[stream] imagenet_hf_epsilononly_multiscale_20k -> /root/autodl-tmp/CoFiTok/checkpoints/generated_quality_stream_imagenet_hf_epsilononly_multiscale_20k_50000_ddim50_2026-07-08
wrote /root/autodl-tmp/CoFiTok/checkpoints/generated_quality_stream_imagenet_hf_epsilononly_multiscale_20k_50000_ddim50_2026-07-08/generated_quality_report.json
[stream] imagenet_hf_k8_light_multiscale_20k -> /root/autodl-tmp/CoFiTok/checkpoints/generated_quality_stream_imagenet_hf_k8_light_multiscale_20k_50000_ddim50_2026-07-08
wrote /root/autodl-tmp/CoFiTok/checkpoints/generated_quality_stream_imagenet_hf_k8_light_multiscale_20k_50000_ddim50_2026-07-08/generated_quality_report.json
wrote artifacts/reports/summary_2026-07-08/experiment_summary.json
wrote artifacts/reports/summary_2026-07-08/core_summary.md
{
  "ablation_count": 2,
  "checked_count": 119,
  "restricted_ok_count": 117,
  "results": [
    {
      "config": "configs/smoke_cifar10_cuda.json",
      "dataset": "cifar10",
      "evidence": {
        "conv_bias_free": true,
        "forbidden_module_count": 0,
        "mode": "dynamic",
        "signature": "token-list only",
        "suspicious_constant_count": 0,
        "synthesizer_count": 4,
        "token_channels": 16,
        "token_count": 4,
        "zero_token_max_abs": 0.0
      },
      "name": "smoke_cifar10_cuda",
      "status": "ok",
      "synthesis_mode": "restricted"
    },
    {
      "config": "configs/smoke_downsampled_imagenet64_cuda.json",
      "dataset": "downsampled_imagenet_64",
      "evidence": {
        "conv_bias_free": true,
        "forbidden_module_count": 0,
        "mode": "dynamic",
        "signature": "token-list only",
        "suspicious_constant_count": 0,
        "synthesizer_count": 4,
        "token_channels": 16,
        "token_count": 4,
        "zero_token_max_abs": 0.0
      },
      "name": "smoke_downsampled_imagenet64_cuda",
      "status": "ok",
      "synthesis_mode": "restricted"
    },
    {
      "config": "configs/smoke_imagenet_1k_64x64_hf_cuda.json",
      "dataset": "imagenet_1k_64x64_hf",
      "evidence": {
        "conv_bias_free": true,
        "forbidden_module_count": 0,
        "mode": "dynamic",
        "signature": "token-list only",
        "suspicious_constant_count": 0,
        "synthesizer_count": 4,
        "token_channels": 16,
        "token_count": 4,
        "zero_token_max_abs": 0.0
      },
      "name": "smoke_imagenet_1k_64x64_hf_cuda",
      "status": "ok",
      "synthesis_mode": "restricted"
    },
    {
      "config": "configs/smoke_random_cpu.json",
      "dataset": "random",
      "evidence": {
        "conv_bias_free": true,
        "forbidden_module_count": 0,
        "mode": "dynamic",
        "signature": "token-list only",
        "suspicious_constant_count": 0,
        "synthesizer_count": 4,
        "token_channels": 16,
        "token_count": 4,
        "zero_token_max_abs": 0.0
      },
      "name": "smoke_random_cpu",
      "status": "ok",
      "synthesis_mode": "restricted"
    },
    {
      "config": "configs/smoke_random_cuda.json",
      "dataset": "random",
      "evidence": {
        "conv_bias_free": true,
        "forbidden_module_count": 0,
        "mode": "dynamic",
        "signature": "token-list only",
        "suspicious_constant_count": 0,
        "synthesizer_count": 4,
        "token_channels": 16,
        "token_count": 4,
        "zero_token_max_abs": 0.0
      },
      "name": "smoke_random_cuda",
      "status": "ok",
      "synthesis_mode": "restricted"
    },
    {
      "config": "configs/smoke_tiny_imagenet_cuda.json",
      "dataset": "tiny_imagenet_200",
      "evidence": {
        "conv_bias_free": true,
        "forbidden_module_count": 0,
        "mode": "dynamic",
        "signature": "token-list only",
        "suspicious_constant_count": 0,
        "synthesizer_count": 4,
        "token_channels": 16,
        "token_count": 4,
        "zero_token_max_abs": 0.0
      },
      "name": "smoke_tiny_imagenet_cuda",
      "status": "ok",
      "synthesis_mode": "restricted"
    },
    {
      "config": "configs/train_cifar10_k4_1k_cuda.json",
      "dataset": "cifar10",
      "evidence": {
        "conv_bias_free": true,
        "forbidden_module_count": 0,
        "mode": "dynamic",
        "signature": "token-list only",
        "suspicious_constant_count": 0,
        "synthesizer_count": 4,
        "token_channels": 16,
        "token_count": 4,
        "zero_token_max_abs": 0.0
      },
      "name": "train_cifar10_k4_1k_cuda",
      "status": "ok",
      "synthesis_mode": "restricted"
    },
    {
      "config": "configs/train_cifar10_k4_channelmask_1k_cuda.json",
      "dataset": "cifar10",
      "evidence": {
        "conv_bias_free": true,
        "forbidden_module_count": 0,
        "mode": "dynamic",
        "signature": "token-list only",
        "suspicious_constant_count": 0,
        "synthesizer_count": 4,
        "token_channels": 16,
        "token_count": 4,
        "zero_token_max_abs": 0.0
      },
      "name": "train_cifar10_k4_channelmask_1k_cuda",
      "status": "ok",
      "synthesis_mode": "restricted"
    },
    {
      "config": "configs/train_cifar10_k4_channelmask_3k_cuda.json",
      "dataset": "cifar10",
      "evidence": {
        "conv_bias_free": true,
        "forbidden_module_count": 0,
        "mode": "dynamic",
        "signature": "token-list only",
        "suspicious_constant_count": 0,
        "synthesizer_count": 4,
        "token_channels": 16,
        "token_count": 4,
        "zero_token_max_abs": 0.0
      },
      "name": "train_cifar10_k4_channelmask_3k_cuda",
      "status": "ok",
      "synthesis_mode": "restricted"
    },
    {
      "config": "configs/train_cifar10_k4_channelmask_soft_1k_cuda.json",
      "dataset": "cifar10",
      "evidence": {
        "conv_bias_free": true,
        "forbidden_module_count": 0,
        "mode": "dynamic",
        "signature": "token-list only",
        "suspicious_constant_count": 0,
        "synthesizer_count": 4,
        "token_channels": 16,
        "token_count": 4,
        "zero_token_max_abs": 0.0
      },
      "name": "train_cifar10_k4_channelmask_soft_1k_cuda",
      "status": "ok",
      "synthesis_mode": "restricted"
    },
    {
      "config": "configs/train_cifar10_k4_channelmask_soft_energy_1k_cuda.json",
      "dataset": "cifar10",
      "evidence": {
        "conv_bias_free": true,
        "forbidden_module_count": 0,
        "mode": "dynamic",
        "signature": "token-list only",
        "suspicious_constant_count": 0,
        "synthesizer_count": 4,
        "token_channels": 16,
        "token_count": 4,
        "zero_token_max_abs": 0.0
      },
      "name": "train_cifar10_k4_channelmask_soft_energy_1k_cuda",
      "status": "ok",
      "synthesis_mode": "restricted"
    },
    {
      "config": "configs/train_cifar10_k4_energy_1k_cuda.json",
      "dataset": "cifar10",
      "evidence": {
        "conv_bias_free": true,
        "forbidden_module_count": 0,
        "mode": "dynamic",
        "signature": "token-list only",
        "suspicious_constant_count": 0,
        "synthesizer_count": 4,
        "token_channels": 16,
        "token_count": 4,
        "zero_token_max_abs": 0.0
      },
      "name": "train_cifar10_k4_energy_1k_cuda",
      "status": "ok",
      "synthesis_mode": "restricted"
    },
    {
      "config": "configs/train_cifar10_k4_multiscale_1k_cuda.json",
      "dataset": "cifar10",
      "evidence": {
        "conv_bias_free": true,
        "forbidden_module_count": 0,
        "mode": "dynamic",
        "signature": "token-list only",
        "suspicious_constant_count": 0,
        "synthesizer_count": 4,
        "token_channels": 16,
        "token_count": 4,
        "zero_token_max_abs": 0.0
      },
      "name": "train_cifar10_k4_multiscale_1k_cuda",
      "status": "ok",
      "synthesis_mode": "restricted"
    },
    {
      "config": "configs/train_cifar10_k4_multiscale_soft_1k_cuda.json",
      "dataset": "cifar10",
      "evidence": {
        "conv_bias_free": true,
        "forbidden_module_count": 0,
        "mode": "dynamic",
        "signature": "token-list only",
        "suspicious_constant_count": 0,
        "synthesizer_count": 4,
        "token_channels": 16,
        "token_count": 4,
        "zero_token_max_abs": 0.0
      },
      "name": "train_cifar10_k4_multiscale_soft_1k_cuda",
      "status": "ok",
      "synthesis_mode": "restricted"
    },
    {
      "config": "configs/train_cifar10_k4_prefixsample_1k_cuda.json",
      "dataset": "cifar10",
      "evidence": {
        "conv_bias_free": true,
        "forbidden_module_count": 0,
        "mode": "dynamic",
        "signature": "token-list only",
        "suspicious_constant_count": 0,
        "synthesizer_count": 4,
        "token_channels": 16,
        "token_count": 4,
        "zero_token_max_abs": 0.0
      },
      "name": "train_cifar10_k4_prefixsample_1k_cuda",
      "status": "ok",
      "synthesis_mode": "restricted"
    },
    {
      "config": "configs/train_cifar10_k4_residual_1k_cuda.json",
      "dataset": "cifar10",
      "evidence": {
        "conv_bias_free": true,
        "forbidden_module_count": 0,
        "mode": "dynamic",
        "signature": "token-list only",
        "suspicious_constant_count": 0,
        "synthesizer_count": 4,
        "token_channels": 16,
        "token_count": 4,
        "zero_token_max_abs": 0.0
      },
      "name": "train_cifar10_k4_residual_1k_cuda",
      "status": "ok",
      "synthesis_mode": "restricted"
    },
    {
      "config": "configs/train_cifar10_k4_smoke_cuda.json",
      "dataset": "cifar10",
      "evidence": {
        "conv_bias_free": true,
        "forbidden_module_count": 0,
        "mode": "dynamic",
        "signature": "token-list only",
        "suspicious_constant_count": 0,
        "synthesizer_count": 4,
        "token_channels": 16,
        "token_count": 4,
        "zero_token_max_abs": 0.0
      },
      "name": "train_cifar10_k4_smoke_cuda",
      "status": "ok",
      "synthesis_mode": "restricted"
    },
    {
      "config": "configs/train_cifar10_k4_tailfloor_1k_cuda.json",
      "dataset": "cifar10",
      "evidence": {
        "conv_bias_free": true,
        "forbidden_module_count": 0,
        "mode": "dynamic",
        "signature": "token-list only",
        "suspicious_constant_count": 0,
        "synthesizer_count": 4,
        "token_channels": 16,
        "token_count": 4,
        "zero_token_max_abs": 0.0
      },
      "name": "train_cifar10_k4_tailfloor_1k_cuda",
      "status": "ok",
      "synthesis_mode": "restricted"
    },
    {
      "config": "configs/train_cifar10_k8_channelmask_3k_cuda.json",
      "dataset": "cifar10",
      "evidence": {
        "conv_bias_free": true,
        "forbidden_module_count": 0,
        "mode": "dynamic",
        "signature": "token-list only",
        "suspicious_constant_count": 0,
        "synthesizer_count": 8,
        "token_channels": 16,
        "token_count": 8,
        "zero_token_max_abs": 0.0
      },
      "name": "train_cifar10_k8_channelmask_3k_cuda",
      "status": "ok",
      "synthesis_mode": "restricted"
    },
    {
      "config": "configs/train_cifar10_k8_channelmask_p150eval_3k_cuda.json",
      "dataset": "cifar10",
      "evidence": {
        "conv_bias_free": true,
        "forbidden_module_count": 0,
        "mode": "dynamic",
        "signature": "token-list only",
        "suspicious_constant_count": 0,
        "synthesizer_count": 8,
        "token_channels": 16,
        "token_count": 8,
        "zero_token_max_abs": 0.0
      },
      "name": "train_cifar10_k8_channelmask_p150eval_3k_cuda",
      "status": "ok",
      "synthesis_mode": "restricted"
    },
    {
      "config": "configs/train_cifar10_k8_channelmask_p150eval_3k_seed2_cuda.json",
      "dataset": "cifar10",
      "evidence": {
        "conv_bias_free": true,
        "forbidden_module_count": 0,
        "mode": "dynamic",
        "signature": "token-list only",
        "suspicious_constant_count": 0,
        "synthesizer_count": 8,
        "token_channels": 16,
        "token_count": 8,
        "zero_token_max_abs": 0.0
      },
      "name": "train_cifar10_k8_channelmask_p150eval_3k_seed2_cuda",
      "status": "ok",
      "synthesis_mode": "restricted"
    },
    {
      "config": "configs/train_cifar10_k8_denoisepath_3k_cuda.json",
      "dataset": "cifar10",
      "evidence": {
        "conv_bias_free": true,
        "forbidden_module_count": 0,
        "mode": "dynamic",
        "signature": "token-list only",
        "suspicious_constant_count": 0,
        "synthesizer_count": 8,
        "token_channels": 16,
        "token_count": 8,
        "zero_token_max_abs": 0.0
      },
      "name": "train_cifar10_k8_denoisepath_3k_cuda",
      "status": "ok",
      "synthesis_mode": "restricted"
    },
    {
      "config": "configs/train_cifar10_k8_denoisepath_3k_seed2_cuda.json",
      "dataset": "cifar10",
      "evidence": {
        "conv_bias_free": true,
        "forbidden_module_count": 0,
        "mode": "dynamic",
        "signature": "token-list only",
        "suspicious_constant_count": 0,
        "synthesizer_count": 8,
        "token_channels": 16,
        "token_count": 8,
        "zero_token_max_abs": 0.0
      },
      "name": "train_cifar10_k8_denoisepath_3k_seed2_cuda",
      "status": "ok",
      "synthesis_mode": "restricted"
    },
    {
      "config": "configs/train_cifar10_k8_denoisepath_p150_3k_cuda.json",
      "dataset": "cifar10",
      "evidence": {
        "conv_bias_free": true,
        "forbidden_module_count": 0,
        "mode": "dynamic",
        "signature": "token-list only",
        "suspicious_constant_count": 0,
        "synthesizer_count": 8,
        "token_channels": 16,
        "token_count": 8,
        "zero_token_max_abs": 0.0
      },
      "name": "train_cifar10_k8_denoisepath_p150_3k_cuda",
      "status": "ok",
      "synthesis_mode": "restricted"
    },
    {
      "config": "configs/train_cifar10_k8_denoisepath_p150_3k_seed2_cuda.json",
      "dataset": "cifar10",
      "evidence": {
        "conv_bias_free": true,
        "forbidden_module_count": 0,
        "mode": "dynamic",
        "signature": "token-list only",
        "suspicious_constant_count": 0,
        "synthesizer_count": 8,
        "token_channels": 16,
        "token_count": 8,
        "zero_token_max_abs": 0.0
      },
      "name": "train_cifar10_k8_denoisepath_p150_3k_seed2_cuda",
      "status": "ok",
      "synthesis_mode": "restricted"
    },
    {
      "config": "configs/train_cifar10_k8_denoisepath_p150_light_3k_cuda.json",
      "dataset": "cifar10",
      "evidence": {
        "conv_bias_free": true,
        "forbidden_module_count": 0,
        "mode": "dynamic",
        "signature": "token-list only",
        "suspicious_constant_count": 0,
        "synthesizer_count": 8,
        "token_channels": 16,
        "token_count": 8,
        "zero_token_max_abs": 0.0
      },
      "name": "train_cifar10_k8_denoisepath_p150_light_3k_cuda",
      "status": "ok",
      "synthesis_mode": "restricted"
    },
    {
      "config": "configs/train_cifar10_k8_denoisepath_p150_light_3k_seed2_cuda.json",
      "dataset": "cifar10",
      "evidence": {
        "conv_bias_free": true,
        "forbidden_module_count": 0,
        "mode": "dynamic",
        "signature": "token-list only",
        "suspicious_constant_count": 0,
        "synthesizer_count": 8,
        "token_channels": 16,
        "token_count": 8,
        "zero_token_max_abs": 0.0
      },
      "name": "train_cifar10_k8_denoisepath_p150_light_3k_seed2_cuda",
      "status": "ok",
      "synthesis_mode": "restricted"
    },
    {
      "config": "configs/train_cifar10_k8_denoisepath_p150_light_decor_3k_cuda.json",
      "dataset": "cifar10",
      "evidence": {
        "conv_bias_free": true,
        "forbidden_module_count": 0,
        "mode": "dynamic",
        "signature": "token-list only",
        "suspicious_constant_count": 0,
        "synthesizer_count": 8,
        "token_channels": 16,
        "token_count": 8,
        "zero_token_max_abs": 0.0
      },
      "name": "train_cifar10_k8_denoisepath_p150_light_decor_3k_cuda",
      "status": "ok",
      "synthesis_mode": "restricted"
    },
    {
      "config": "configs/train_cifar10_k8_denoisepath_p150_light_decorw0005_3k_cuda.json",
      "dataset": "cifar10",
      "evidence": {
        "conv_bias_free": true,
        "forbidden_module_count": 0,
        "mode": "dynamic",
        "signature": "token-list only",
        "suspicious_constant_count": 0,
        "synthesizer_count": 8,
        "token_channels": 16,
        "token_count": 8,
        "zero_token_max_abs": 0.0
      },
      "name": "train_cifar10_k8_denoisepath_p150_light_decorw0005_3k_cuda",
      "status": "ok",
      "synthesis_mode": "restricted"
    },
    {
      "config": "configs/train_cifar10_k8_denoisepath_p150_light_decorw0005_sched1500w1000_3k_cuda.json",
      "dataset": "cifar10",
      "evidence": {
        "conv_bias_free": true,
        "forbidden_module_count": 0,
        "mode": "dynamic",
        "signature": "token-list only",
        "suspicious_constant_count": 0,
        "synthesizer_count": 8,
        "token_channels": 16,
        "token_count": 8,
        "zero_token_max_abs": 0.0
      },
      "name": "train_cifar10_k8_denoisepath_p150_light_decorw0005_sched1500w1000_3k_cuda",
      "status": "ok",
      "synthesis_mode": "restricted"
    },
    {
      "config": "configs/train_cifar10_k8_denoisepath_p150_light_decorw001_3k_cuda.json",
      "dataset": "cifar10",
      "evidence": {
        "conv_bias_free": true,
        "forbidden_module_count": 0,
        "mode": "dynamic",
        "signature": "token-list only",
        "suspicious_constant_count": 0,
        "synthesizer_count": 8,
        "token_channels": 16,
        "token_count": 8,
        "zero_token_max_abs": 0.0
      },
      "name": "train_cifar10_k8_denoisepath_p150_light_decorw001_3k_cuda",
      "status": "ok",
      "synthesis_mode": "restricted"
    },
    {
      "config": "configs/train_cifar10_k8_epsilonband_3k_cuda.json",
      "dataset": "cifar10",
      "evidence": {
        "conv_bias_free": true,
        "forbidden_module_count": 0,
        "mode": "dynamic",
        "signature": "token-list only",
        "suspicious_constant_count": 0,
        "synthesizer_count": 8,
        "token_channels": 16,
        "token_count": 8,
        "zero_token_max_abs": 0.0
      },
      "name": "train_cifar10_k8_epsilonband_3k_cuda",
      "status": "ok",
      "synthesis_mode": "restricted"
    },
    {
      "config": "configs/train_cifar10_k8_epsilonband_hybrid_3k_cuda.json",
      "dataset": "cifar10",
      "evidence": {
        "conv_bias_free": true,
        "forbidden_module_count": 0,
        "mode": "dynamic",
        "signature": "token-list only",
        "suspicious_constant_count": 0,
        "synthesizer_count": 8,
        "token_channels": 16,
        "token_count": 8,
        "zero_token_max_abs": 0.0
      },
      "name": "train_cifar10_k8_epsilonband_hybrid_3k_cuda",
      "status": "ok",
      "synthesis_mode": "restricted"
    },
    {
      "config": "configs/train_cifar10_k8_epsilononly_p150eval_3k_cuda.json",
      "dataset": "cifar10",
      "evidence": {
        "conv_bias_free": true,
        "forbidden_module_count": 0,
        "mode": "dynamic",
        "signature": "token-list only",
        "suspicious_constant_count": 0,
        "synthesizer_count": 8,
        "token_channels": 16,
        "token_count": 8,
        "zero_token_max_abs": 0.0
      },
      "name": "train_cifar10_k8_epsilononly_p150eval_3k_cuda",
      "status": "ok",
      "synthesis_mode": "restricted"
    },
    {
      "config": "configs/train_cifar10_k8_epsilononly_p150eval_3k_seed2_cuda.json",
      "dataset": "cifar10",
      "evidence": {
        "conv_bias_free": true,
        "forbidden_module_count": 0,
        "mode": "dynamic",
        "signature": "token-list only",
        "suspicious_constant_count": 0,
        "synthesizer_count": 8,
        "token_channels": 16,
        "token_count": 8,
        "zero_token_max_abs": 0.0
      },
      "name": "train_cifar10_k8_epsilononly_p150eval_3k_seed2_cuda",
      "status": "ok",
      "synthesis_mode": "restricted"
    },
    {
      "config": "configs/train_cifar10_k8_groupres_3k_cuda.json",
      "dataset": "cifar10",
      "evidence": {
        "conv_bias_free": true,
        "forbidden_module_count": 0,
        "mode": "dynamic",
        "signature": "token-list only",
        "suspicious_constant_count": 0,
        "synthesizer_count": 8,
        "token_channels": 16,
        "token_count": 8,
        "zero_token_max_abs": 0.0
      },
      "name": "train_cifar10_k8_groupres_3k_cuda",
      "status": "ok",
      "synthesis_mode": "restricted"
    },
    {
      "config": "configs/train_cifar10_k8_tailstage_2k_cuda.json",
      "dataset": "cifar10",
      "evidence": {
        "conv_bias_free": true,
        "forbidden_module_count": 0,
        "mode": "dynamic",
        "signature": "token-list only",
        "suspicious_constant_count": 0,
        "synthesizer_count": 8,
        "token_channels": 16,
        "token_count": 8,
        "zero_token_max_abs": 0.0
      },
      "name": "train_cifar10_k8_tailstage_2k_cuda",
      "status": "ok",
      "synthesis_mode": "restricted"
    },
    {
      "config": "configs/train_cifar10_k8_tailstage_anneal_guard_1200_cuda.json",
      "dataset": "cifar10",
      "evidence": {
        "conv_bias_free": true,
        "forbidden_module_count": 0,
        "mode": "dynamic",
        "signature": "token-list only",
        "suspicious_constant_count": 0,
        "synthesizer_count": 8,
        "token_channels": 16,
        "token_count": 8,
        "zero_token_max_abs": 0.0
      },
      "name": "train_cifar10_k8_tailstage_anneal_guard_1200_cuda",
      "status": "ok",
      "synthesis_mode": "restricted"
    },
    {
      "config": "configs/train_cifar10_k8_tailstage_earlydrop_guard_2k_cuda.json",
      "dataset": "cifar10",
      "evidence": {
        "conv_bias_free": true,
        "forbidden_module_count": 0,
        "mode": "dynamic",
        "signature": "token-list only",
        "suspicious_constant_count": 0,
        "synthesizer_count": 8,
        "token_channels": 16,
        "token_count": 8,
        "zero_token_max_abs": 0.0
      },
      "name": "train_cifar10_k8_tailstage_earlydrop_guard_2k_cuda",
      "status": "ok",
      "synthesis_mode": "restricted"
    },
    {
      "config": "configs/train_cifar10_k8_tailstage_guard_2k_cuda.json",
      "dataset": "cifar10",
      "evidence": {
        "conv_bias_free": true,
        "forbidden_module_count": 0,
        "mode": "dynamic",
        "signature": "token-list only",
        "suspicious_constant_count": 0,
        "synthesizer_count": 8,
        "token_channels": 16,
        "token_count": 8,
        "zero_token_max_abs": 0.0
      },
      "name": "train_cifar10_k8_tailstage_guard_2k_cuda",
      "status": "ok",
      "synthesis_mode": "restricted"
    },
    {
      "config": "configs/train_cifar10_k8_tailstage_replay_endpoint_1200_cuda.json",
      "dataset": "cifar10",
      "evidence": {
        "conv_bias_free": true,
        "forbidden_module_count": 0,
        "mode": "dynamic",
        "signature": "token-list only",
        "suspicious_constant_count": 0,
        "synthesizer_count": 8,
        "token_channels": 16,
        "token_count": 8,
        "zero_token_max_abs": 0.0
      },
      "name": "train_cifar10_k8_tailstage_replay_endpoint_1200_cuda",
      "status": "ok",
      "synthesis_mode": "restricted"
    },
    {
      "config": "configs/train_cifar10_k8_tailstage_replay_guard_1200_cuda.json",
      "dataset": "cifar10",
      "evidence": {
        "conv_bias_free": true,
        "forbidden_module_count": 0,
        "mode": "dynamic",
        "signature": "token-list only",
        "suspicious_constant_count": 0,
        "synthesizer_count": 8,
        "token_channels": 16,
        "token_count": 8,
        "zero_token_max_abs": 0.0
      },
      "name": "train_cifar10_k8_tailstage_replay_guard_1200_cuda",
      "status": "ok",
      "synthesis_mode": "restricted"
    },
    {
      "config": "configs/train_cifar10_k8_tailstage_replay_guard_strong_1200_cuda.json",
      "dataset": "cifar10",
      "evidence": {
        "conv_bias_free": true,
        "forbidden_module_count": 0,
        "mode": "dynamic",
        "signature": "token-list only",
        "suspicious_constant_count": 0,
        "synthesizer_count": 8,
        "token_channels": 16,
        "token_count": 8,
        "zero_token_max_abs": 0.0
      },
      "name": "train_cifar10_k8_tailstage_replay_guard_strong_1200_cuda",
      "status": "ok",
      "synthesis_mode": "restricted"
    },
    {
      "config": "configs/train_cifar10_k8_tailstage_replay_lateprefix_1200_cuda.json",
      "dataset": "cifar10",
      "evidence": {
        "conv_bias_free": true,
        "forbidden_module_count": 0,
        "mode": "dynamic",
        "signature": "token-list only",
        "suspicious_constant_count": 0,
        "synthesizer_count": 8,
        "token_channels": 16,
        "token_count": 8,
        "zero_token_max_abs": 0.0
      },
      "name": "train_cifar10_k8_tailstage_replay_lateprefix_1200_cuda",
      "status": "ok",
      "synthesis_mode": "restricted"
    },
    {
      "config": "configs/train_cifar10_k8_tailstage_warm_800_cuda.json",
      "dataset": "cifar10",
      "evidence": {
        "conv_bias_free": true,
        "forbidden_module_count": 0,
        "mode": "dynamic",
        "signature": "token-list only",
        "suspicious_constant_count": 0,
        "synthesizer_count": 8,
        "token_channels": 16,
        "token_count": 8,
        "zero_token_max_abs": 0.0
      },
      "name": "train_cifar10_k8_tailstage_warm_800_cuda",
      "status": "ok",
      "synthesis_mode": "restricted"
    },
    {
      "config": "configs/train_downsampled_imagenet64_k8_channelmask_p150eval_5k_cuda.json",
      "dataset": "downsampled_imagenet_64",
      "evidence": {
        "conv_bias_free": true,
        "forbidden_module_count": 0,
        "mode": "dynamic",
        "signature": "token-list only",
        "suspicious_constant_count": 0,
        "synthesizer_count": 8,
        "token_channels": 16,
        "token_count": 8,
        "zero_token_max_abs": 0.0
      },
      "name": "train_downsampled_imagenet64_k8_channelmask_p150eval_5k_cuda",
      "status": "ok",
      "synthesis_mode": "restricted"
    },
    {
      "config": "configs/train_downsampled_imagenet64_k8_denoisepath_p150_light_5k_cuda.json",
      "dataset": "downsampled_imagenet_64",
      "evidence": {
        "conv_bias_free": true,
        "forbidden_module_count": 0,
        "mode": "dynamic",
        "signature": "token-list only",
        "suspicious_constant_count": 0,
        "synthesizer_count": 8,
        "token_channels": 16,
        "token_count": 8,
        "zero_token_max_abs": 0.0
      },
      "name": "train_downsampled_imagenet64_k8_denoisepath_p150_light_5k_cuda",
      "status": "ok",
      "synthesis_mode": "restricted"
    },
    {
      "config": "configs/train_downsampled_imagenet64_k8_epsilononly_p150eval_5k_cuda.json",
      "dataset": "downsampled_imagenet_64",
      "evidence": {
        "conv_bias_free": true,
        "forbidden_module_count": 0,
        "mode": "dynamic",
        "signature": "token-list only",
        "suspicious_constant_count": 0,
        "synthesizer_count": 8,
        "token_channels": 16,
        "token_count": 8,
        "zero_token_max_abs": 0.0
      },
      "name": "train_downsampled_imagenet64_k8_epsilononly_p150eval_5k_cuda",
      "status": "ok",
      "synthesis_mode": "restricted"
    },
    {
      "config": "configs/train_imagenet_1k_64x64_hf_k16_denoisepath_p150_light_5k_cuda.json",
      "dataset": "imagenet_1k_64x64_hf",
      "evidence": {
        "conv_bias_free": true,
        "forbidden_module_count": 0,
        "mode": "dynamic",
        "signature": "token-list only",
        "suspicious_constant_count": 0,
        "synthesizer_count": 16,
        "token_channels": 16,
        "token_count": 16,
        "zero_token_max_abs": 0.0
      },
      "name": "train_imagenet_1k_64x64_hf_k16_denoisepath_p150_light_5k_cuda",
      "status": "ok",
      "synthesis_mode": "restricted"
    },
    {
      "config": "configs/train_imagenet_1k_64x64_hf_k16_denoisepath_p150_light_5k_seed2_cuda.json",
      "dataset": "imagenet_1k_64x64_hf",
      "evidence": {
        "conv_bias_free": true,
        "forbidden_module_count": 0,
        "mode": "dynamic",
        "signature": "token-list only",
        "suspicious_constant_count": 0,
        "synthesizer_count": 16,
        "token_channels": 16,
        "token_count": 16,
        "zero_token_max_abs": 0.0
      },
      "name": "train_imagenet_1k_64x64_hf_k16_denoisepath_p150_light_5k_seed2_cuda",
      "status": "ok",
      "synthesis_mode": "restricted"
    },
    {
      "config": "configs/train_imagenet_1k_64x64_hf_k4_denoisepath_p150_light_5k_cuda.json",
      "dataset": "imagenet_1k_64x64_hf",
      "evidence": {
        "conv_bias_free": true,
        "forbidden_module_count": 0,
        "mode": "dynamic",
        "signature": "token-list only",
        "suspicious_constant_count": 0,
        "synthesizer_count": 4,
        "token_channels": 16,
        "token_count": 4,
        "zero_token_max_abs": 0.0
      },
      "name": "train_imagenet_1k_64x64_hf_k4_denoisepath_p150_light_5k_cuda",
      "status": "ok",
      "synthesis_mode": "restricted"
    },
    {
      "config": "configs/train_imagenet_1k_64x64_hf_k4_denoisepath_p150_light_5k_seed2_cuda.json",
      "dataset": "imagenet_1k_64x64_hf",
      "evidence": {
        "conv_bias_free": true,
        "forbidden_module_count": 0,
        "mode": "dynamic",
        "signature": "token-list only",
        "suspicious_constant_count": 0,
        "synthesizer_count": 4,
        "token_channels": 16,
        "token_count": 4,
        "zero_token_max_abs": 0.0
      },
      "name": "train_imagenet_1k_64x64_hf_k4_denoisepath_p150_light_5k_seed2_cuda",
      "status": "ok",
      "synthesis_mode": "restricted"
    },
    {
      "config": "configs/train_imagenet_1k_64x64_hf_k8_channelmask_p150eval_5k_cuda.json",
      "dataset": "imagenet_1k_64x64_hf",
      "evidence": {
        "conv_bias_free": true,
        "forbidden_module_count": 0,
        "mode": "dynamic",
        "signature": "token-list only",
        "suspicious_constant_count": 0,
        "synthesizer_count": 8,
        "token_channels": 16,
        "token_count": 8,
        "zero_token_max_abs": 0.0
      },
      "name": "train_imagenet_1k_64x64_hf_k8_channelmask_p150eval_5k_cuda",
      "status": "ok",
      "synthesis_mode": "restricted"
    },
    {
      "config": "configs/train_imagenet_1k_64x64_hf_k8_denoisepath_p150_5k_cuda.json",
      "dataset": "imagenet_1k_64x64_hf",
      "evidence": {
        "conv_bias_free": true,
        "forbidden_module_count": 0,
        "mode": "dynamic",
        "signature": "token-list only",
        "suspicious_constant_count": 0,
        "synthesizer_count": 8,
        "token_channels": 16,
        "token_count": 8,
        "zero_token_max_abs": 0.0
      },
      "name": "train_imagenet_1k_64x64_hf_k8_denoisepath_p150_5k_cuda",
      "status": "ok",
      "synthesis_mode": "restricted"
    },
    {
      "config": "configs/train_imagenet_1k_64x64_hf_k8_denoisepath_p150_light_20k_cuda.json",
      "dataset": "imagenet_1k_64x64_hf",
      "evidence": {
        "conv_bias_free": true,
        "forbidden_module_count": 0,
        "mode": "dynamic",
        "signature": "token-list only",
        "suspicious_constant_count": 0,
        "synthesizer_count": 8,
        "token_channels": 16,
        "token_count": 8,
        "zero_token_max_abs": 0.0
      },
      "name": "train_imagenet_1k_64x64_hf_k8_denoisepath_p150_light_20k_cuda",
      "status": "ok",
      "synthesis_mode": "restricted"
    },
    {
      "config": "configs/train_imagenet_1k_64x64_hf_k8_denoisepath_p150_light_20k_seed2_cuda.json",
      "dataset": "imagenet_1k_64x64_hf",
      "evidence": {
        "conv_bias_free": true,
        "forbidden_module_count": 0,
        "mode": "dynamic",
        "signature": "token-list only",
        "suspicious_constant_count": 0,
        "synthesizer_count": 8,
        "token_channels": 16,
        "token_count": 8,
        "zero_token_max_abs": 0.0
      },
      "name": "train_imagenet_1k_64x64_hf_k8_denoisepath_p150_light_20k_seed2_cuda",
      "status": "ok",
      "synthesis_mode": "restricted"
    },
    {
      "config": "configs/train_imagenet_1k_64x64_hf_k8_denoisepath_p150_light_5k_cuda.json",
      "dataset": "imagenet_1k_64x64_hf",
      "evidence": {
        "conv_bias_free": true,
        "forbidden_module_count": 0,
        "mode": "dynamic",
        "signature": "token-list only",
        "suspicious_constant_count": 0,
        "synthesizer_count": 8,
        "token_channels": 16,
        "token_count": 8,
        "zero_token_max_abs": 0.0
      },
      "name": "train_imagenet_1k_64x64_hf_k8_denoisepath_p150_light_5k_cuda",
      "status": "ok",
      "synthesis_mode": "restricted"
    },
    {
      "config": "configs/train_imagenet_1k_64x64_hf_k8_denoisepath_p150_light_5k_seed2_cuda.json",
      "dataset": "imagenet_1k_64x64_hf",
      "evidence": {
        "conv_bias_free": true,
        "forbidden_module_count": 0,
        "mode": "dynamic",
        "signature": "token-list only",
        "suspicious_constant_count": 0,
        "synthesizer_count": 8,
        "token_channels": 16,
        "token_count": 8,
        "zero_token_max_abs": 0.0
      },
      "name": "train_imagenet_1k_64x64_hf_k8_denoisepath_p150_light_5k_seed2_cuda",
      "status": "ok",
      "synthesis_mode": "restricted"
    },
    {
      "config": "configs/train_imagenet_1k_64x64_hf_k8_denoisepath_p150_light_cleanmono_10k_cuda.json",
      "dataset": "imagenet_1k_64x64_hf",
      "evidence": {
        "conv_bias_free": true,
        "forbidden_module_count": 0,
        "mode": "dynamic",
        "signature": "token-list only",
        "suspicious_constant_count": 0,
        "synthesizer_count": 8,
        "token_channels": 16,
        "token_count": 8,
        "zero_token_max_abs": 0.0
      },
      "name": "train_imagenet_1k_64x64_hf_k8_denoisepath_p150_light_cleanmono_10k_cuda",
      "status": "ok",
      "synthesis_mode": "restricted"
    },
    {
      "config": "configs/train_imagenet_1k_64x64_hf_k8_denoisepath_p150_light_deepsk_5k_cuda.json",
      "dataset": "imagenet_1k_64x64_hf",
      "evidence": {
        "reason": "non-restricted synthesis mode is an explicit ablation, not a valid default S_k"
      },
      "name": "train_imagenet_1k_64x64_hf_k8_denoisepath_p150_light_deepsk_5k_cuda",
      "status": "ablation",
      "synthesis_mode": "deep_decoder"
    },
    {
      "config": "configs/train_imagenet_1k_64x64_hf_k8_denoisepath_p150_light_deepsk_5k_seed2_cuda.json",
      "dataset": "imagenet_1k_64x64_hf",
      "evidence": {
        "reason": "non-restricted synthesis mode is an explicit ablation, not a valid default S_k"
      },
      "name": "train_imagenet_1k_64x64_hf_k8_denoisepath_p150_light_deepsk_5k_seed2_cuda",
      "status": "ablation",
      "synthesis_mode": "deep_decoder"
    },
    {
      "config": "configs/train_imagenet_1k_64x64_hf_k8_denoisepath_p150_light_multiscale_10k_cuda.json",
      "dataset": "imagenet_1k_64x64_hf",
      "evidence": {
        "conv_bias_free": true,
        "forbidden_module_count": 0,
        "mode": "dynamic",
        "signature": "token-list only",
        "suspicious_constant_count": 0,
        "synthesizer_count": 8,
        "token_channels": 16,
        "token_count": 8,
        "zero_token_max_abs": 0.0
      },
      "name": "train_imagenet_1k_64x64_hf_k8_denoisepath_p150_light_multiscale_10k_cuda",
      "status": "ok",
      "synthesis_mode": "restricted"
    },
    {
      "config": "configs/train_imagenet_1k_64x64_hf_k8_denoisepath_p150_light_multiscale_20k_cuda.json",
      "dataset": "imagenet_1k_64x64_hf",
      "evidence": {
        "conv_bias_free": true,
        "forbidden_module_count": 0,
        "mode": "dynamic",
        "signature": "token-list only",
        "suspicious_constant_count": 0,
        "synthesizer_count": 8,
        "token_channels": 16,
        "token_count": 8,
        "zero_token_max_abs": 0.0
      },
      "name": "train_imagenet_1k_64x64_hf_k8_denoisepath_p150_light_multiscale_20k_cuda",
      "status": "ok",
      "synthesis_mode": "restricted"
    },
    {
      "config": "configs/train_imagenet_1k_64x64_hf_k8_denoisepath_p150_light_nopathprefix_10k_cuda.json",
      "dataset": "imagenet_1k_64x64_hf",
      "evidence": {
        "conv_bias_free": true,
        "forbidden_module_count": 0,
        "mode": "dynamic",
        "signature": "token-list only",
        "suspicious_constant_count": 0,
        "synthesizer_count": 8,
        "token_channels": 16,
        "token_count": 8,
        "zero_token_max_abs": 0.0
      },
      "name": "train_imagenet_1k_64x64_hf_k8_denoisepath_p150_light_nopathprefix_10k_cuda",
      "status": "ok",
      "synthesis_mode": "restricted"
    },
    {
      "config": "configs/train_imagenet_1k_64x64_hf_k8_denoisepath_p150_light_simultaneous_5k_cuda.json",
      "dataset": "imagenet_1k_64x64_hf",
      "evidence": {
        "conv_bias_free": true,
        "forbidden_module_count": 0,
        "mode": "dynamic",
        "signature": "token-list only",
        "suspicious_constant_count": 0,
        "synthesizer_count": 8,
        "token_channels": 16,
        "token_count": 8,
        "zero_token_max_abs": 0.0
      },
      "name": "train_imagenet_1k_64x64_hf_k8_denoisepath_p150_light_simultaneous_5k_cuda",
      "status": "ok",
      "synthesis_mode": "restricted"
    },
    {
      "config": "configs/train_imagenet_1k_64x64_hf_k8_denoisepath_p150_light_simultaneous_5k_seed2_cuda.json",
      "dataset": "imagenet_1k_64x64_hf",
      "evidence": {
        "conv_bias_free": true,
        "forbidden_module_count": 0,
        "mode": "dynamic",
        "signature": "token-list only",
        "suspicious_constant_count": 0,
        "synthesizer_count": 8,
        "token_channels": 16,
        "token_count": 8,
        "zero_token_max_abs": 0.0
      },
      "name": "train_imagenet_1k_64x64_hf_k8_denoisepath_p150_light_simultaneous_5k_seed2_cuda",
      "status": "ok",
      "synthesis_mode": "restricted"
    },
    {
      "config": "configs/train_imagenet_1k_64x64_hf_k8_epsilononly_p150eval_20k_cuda.json",
      "dataset": "imagenet_1k_64x64_hf",
      "evidence": {
        "conv_bias_free": true,
        "forbidden_module_count": 0,
        "mode": "dynamic",
        "signature": "token-list only",
        "suspicious_constant_count": 0,
        "synthesizer_count": 8,
        "token_channels": 16,
        "token_count": 8,
        "zero_token_max_abs": 0.0
      },
      "name": "train_imagenet_1k_64x64_hf_k8_epsilononly_p150eval_20k_cuda",
      "status": "ok",
      "synthesis_mode": "restricted"
    },
    {
      "config": "configs/train_imagenet_1k_64x64_hf_k8_epsilononly_p150eval_20k_seed2_cuda.json",
      "dataset": "imagenet_1k_64x64_hf",
      "evidence": {
        "conv_bias_free": true,
        "forbidden_module_count": 0,
        "mode": "dynamic",
        "signature": "token-list only",
        "suspicious_constant_count": 0,
        "synthesizer_count": 8,
        "token_channels": 16,
        "token_count": 8,
        "zero_token_max_abs": 0.0
      },
      "name": "train_imagenet_1k_64x64_hf_k8_epsilononly_p150eval_20k_seed2_cuda",
      "status": "ok",
      "synthesis_mode": "restricted"
    },
    {
      "config": "configs/train_imagenet_1k_64x64_hf_k8_epsilononly_p150eval_5k_cuda.json",
      "dataset": "imagenet_1k_64x64_hf",
      "evidence": {
        "conv_bias_free": true,
        "forbidden_module_count": 0,
        "mode": "dynamic",
        "signature": "token-list only",
        "suspicious_constant_count": 0,
        "synthesizer_count": 8,
        "token_channels": 16,
        "token_count": 8,
        "zero_token_max_abs": 0.0
      },
      "name": "train_imagenet_1k_64x64_hf_k8_epsilononly_p150eval_5k_cuda",
      "status": "ok",
      "synthesis_mode": "restricted"
    },
    {
      "config": "configs/train_imagenet_1k_64x64_hf_k8_epsilononly_p150eval_5k_seed2_cuda.json",
      "dataset": "imagenet_1k_64x64_hf",
      "evidence": {
        "conv_bias_free": true,
        "forbidden_module_count": 0,
        "mode": "dynamic",
        "signature": "token-list only",
        "suspicious_constant_count": 0,
        "synthesizer_count": 8,
        "token_channels": 16,
        "token_count": 8,
        "zero_token_max_abs": 0.0
      },
      "name": "train_imagenet_1k_64x64_hf_k8_epsilononly_p150eval_5k_seed2_cuda",
      "status": "ok",
      "synthesis_mode": "restricted"
    },
    {
      "config": "configs/train_imagenet_1k_64x64_hf_k8_epsilononly_p150eval_multiscale_20k_cuda.json",
      "dataset": "imagenet_1k_64x64_hf",
      "evidence": {
        "conv_bias_free": true,
        "forbidden_module_count": 0,
        "mode": "dynamic",
        "signature": "token-list only",
        "suspicious_constant_count": 0,
        "synthesizer_count": 8,
        "token_channels": 16,
        "token_count": 8,
        "zero_token_max_abs": 0.0
      },
      "name": "train_imagenet_1k_64x64_hf_k8_epsilononly_p150eval_multiscale_20k_cuda",
      "status": "ok",
      "synthesis_mode": "restricted"
    },
    {
      "config": "configs/train_tiny_imagenet_k8_channelmask_2k_cuda.json",
      "dataset": "tiny_imagenet_200",
      "evidence": {
        "conv_bias_free": true,
        "forbidden_module_count": 0,
        "mode": "dynamic",
        "signature": "token-list only",
        "suspicious_constant_count": 0,
        "synthesizer_count": 8,
        "token_channels": 16,
        "token_count": 8,
        "zero_token_max_abs": 0.0
      },
      "name": "train_tiny_imagenet_k8_channelmask_2k_cuda",
      "status": "ok",
      "synthesis_mode": "restricted"
    },
    {
      "config": "configs/train_tiny_imagenet_k8_channelmask_2k_seed2_cuda.json",
      "dataset": "tiny_imagenet_200",
      "evidence": {
        "conv_bias_free": true,
        "forbidden_module_count": 0,
        "mode": "dynamic",
        "signature": "token-list only",
        "suspicious_constant_count": 0,
        "synthesizer_count": 8,
        "token_channels": 16,
        "token_count": 8,
        "zero_token_max_abs": 0.0
      },
      "name": "train_tiny_imagenet_k8_channelmask_2k_seed2_cuda",
      "status": "ok",
      "synthesis_mode": "restricted"
    },
    {
      "config": "configs/train_tiny_imagenet_k8_channelmask_3500_cuda.json",
      "dataset": "tiny_imagenet_200",
      "evidence": {
        "conv_bias_free": true,
        "forbidden_module_count": 0,
        "mode": "dynamic",
        "signature": "token-list only",
        "suspicious_constant_count": 0,
        "synthesizer_count": 8,
        "token_channels": 16,
        "token_count": 8,
        "zero_token_max_abs": 0.0
      },
      "name": "train_tiny_imagenet_k8_channelmask_3500_cuda",
      "status": "ok",
      "synthesis_mode": "restricted"
    },
    {
      "config": "configs/train_tiny_imagenet_k8_channelmask_3500_seed2_cuda.json",
      "dataset": "tiny_imagenet_200",
      "evidence": {
        "conv_bias_free": true,
        "forbidden_module_count": 0,
        "mode": "dynamic",
        "signature": "token-list only",
        "suspicious_constant_count": 0,
        "synthesizer_count": 8,
        "token_channels": 16,
        "token_count": 8,
        "zero_token_max_abs": 0.0
      },
      "name": "train_tiny_imagenet_k8_channelmask_3500_seed2_cuda",
      "status": "ok",
      "synthesis_mode": "restricted"
    },
    {
      "config": "configs/train_tiny_imagenet_k8_channelmask_5k_cuda.json",
      "dataset": "tiny_imagenet_200",
      "evidence": {
        "conv_bias_free": true,
        "forbidden_module_count": 0,
        "mode": "dynamic",
        "signature": "token-list only",
        "suspicious_constant_count": 0,
        "synthesizer_count": 8,
        "token_channels": 16,
        "token_count": 8,
        "zero_token_max_abs": 0.0
      },
      "name": "train_tiny_imagenet_k8_channelmask_5k_cuda",
      "status": "ok",
      "synthesis_mode": "restricted"
    },
    {
      "config": "configs/train_tiny_imagenet_k8_channelmask_5k_seed2_cuda.json",
      "dataset": "tiny_imagenet_200",
      "evidence": {
        "conv_bias_free": true,
        "forbidden_module_count": 0,
        "mode": "dynamic",
        "signature": "token-list only",
        "suspicious_constant_count": 0,
        "synthesizer_count": 8,
        "token_channels": 16,
        "token_count": 8,
        "zero_token_max_abs": 0.0
      },
      "name": "train_tiny_imagenet_k8_channelmask_5k_seed2_cuda",
      "status": "ok",
      "synthesis_mode": "restricted"
    },
    {
      "config": "configs/train_tiny_imagenet_k8_channelmask_6500_seed2_cuda.json",
      "dataset": "tiny_imagenet_200",
      "evidence": {
        "conv_bias_free": true,
        "forbidden_module_count": 0,
        "mode": "dynamic",
        "signature": "token-list only",
        "suspicious_constant_count": 0,
        "synthesizer_count": 8,
        "token_channels": 16,
        "token_count": 8,
        "zero_token_max_abs": 0.0
      },
      "name": "train_tiny_imagenet_k8_channelmask_6500_seed2_cuda",
      "status": "ok",
      "synthesis_mode": "restricted"
    },
    {
      "config": "configs/train_tiny_imagenet_k8_channelmask_p150eval_5k_cuda.json",
      "dataset": "tiny_imagenet_200",
      "evidence": {
        "conv_bias_free": true,
        "forbidden_module_count": 0,
        "mode": "dynamic",
        "signature": "token-list only",
        "suspicious_constant_count": 0,
        "synthesizer_count": 8,
        "token_channels": 16,
        "token_count": 8,
        "zero_token_max_abs": 0.0
      },
      "name": "train_tiny_imagenet_k8_channelmask_p150eval_5k_cuda",
      "status": "ok",
      "synthesis_mode": "restricted"
    },
    {
      "config": "configs/train_tiny_imagenet_k8_channelmask_p150eval_5k_seed2_cuda.json",
      "dataset": "tiny_imagenet_200",
      "evidence": {
        "conv_bias_free": true,
        "forbidden_module_count": 0,
        "mode": "dynamic",
        "signature": "token-list only",
        "suspicious_constant_count": 0,
        "synthesizer_count": 8,
        "token_channels": 16,
        "token_count": 8,
        "zero_token_max_abs": 0.0
      },
      "name": "train_tiny_imagenet_k8_channelmask_p150eval_5k_seed2_cuda",
      "status": "ok",
      "synthesis_mode": "restricted"
    },
    {
      "config": "configs/train_tiny_imagenet_k8_channelmask_smoke_800_cuda.json",
      "dataset": "tiny_imagenet_200",
      "evidence": {
        "conv_bias_free": true,
        "forbidden_module_count": 0,
        "mode": "dynamic",
        "signature": "token-list only",
        "suspicious_constant_count": 0,
        "synthesizer_count": 8,
        "token_channels": 16,
        "token_count": 8,
        "zero_token_max_abs": 0.0
      },
      "name": "train_tiny_imagenet_k8_channelmask_smoke_800_cuda",
      "status": "ok",
      "synthesis_mode": "restricted"
    },
    {
      "config": "configs/train_tiny_imagenet_k8_denoisepath_2k_cuda.json",
      "dataset": "tiny_imagenet_200",
      "evidence": {
        "conv_bias_free": true,
        "forbidden_module_count": 0,
        "mode": "dynamic",
        "signature": "token-list only",
        "suspicious_constant_count": 0,
        "synthesizer_count": 8,
        "token_channels": 16,
        "token_count": 8,
        "zero_token_max_abs": 0.0
      },
      "name": "train_tiny_imagenet_k8_denoisepath_2k_cuda",
      "status": "ok",
      "synthesis_mode": "restricted"
    },
    {
      "config": "configs/train_tiny_imagenet_k8_denoisepath_2k_seed2_cuda.json",
      "dataset": "tiny_imagenet_200",
      "evidence": {
        "conv_bias_free": true,
        "forbidden_module_count": 0,
        "mode": "dynamic",
        "signature": "token-list only",
        "suspicious_constant_count": 0,
        "synthesizer_count": 8,
        "token_channels": 16,
        "token_count": 8,
        "zero_token_max_abs": 0.0
      },
      "name": "train_tiny_imagenet_k8_denoisepath_2k_seed2_cuda",
      "status": "ok",
      "synthesis_mode": "restricted"
    },
    {
      "config": "configs/train_tiny_imagenet_k8_denoisepath_p075_2k_cuda.json",
      "dataset": "tiny_imagenet_200",
      "evidence": {
        "conv_bias_free": true,
        "forbidden_module_count": 0,
        "mode": "dynamic",
        "signature": "token-list only",
        "suspicious_constant_count": 0,
        "synthesizer_count": 8,
        "token_channels": 16,
        "token_count": 8,
        "zero_token_max_abs": 0.0
      },
      "name": "train_tiny_imagenet_k8_denoisepath_p075_2k_cuda",
      "status": "ok",
      "synthesis_mode": "restricted"
    },
    {
      "config": "configs/train_tiny_imagenet_k8_denoisepath_p150_2k_cuda.json",
      "dataset": "tiny_imagenet_200",
      "evidence": {
        "conv_bias_free": true,
        "forbidden_module_count": 0,
        "mode": "dynamic",
        "signature": "token-list only",
        "suspicious_constant_count": 0,
        "synthesizer_count": 8,
        "token_channels": 16,
        "token_count": 8,
        "zero_token_max_abs": 0.0
      },
      "name": "train_tiny_imagenet_k8_denoisepath_p150_2k_cuda",
      "status": "ok",
      "synthesis_mode": "restricted"
    },
    {
      "config": "configs/train_tiny_imagenet_k8_denoisepath_p150_2k_seed2_cuda.json",
      "dataset": "tiny_imagenet_200",
      "evidence": {
        "conv_bias_free": true,
        "forbidden_module_count": 0,
        "mode": "dynamic",
        "signature": "token-list only",
        "suspicious_constant_count": 0,
        "synthesizer_count": 8,
        "token_channels": 16,
        "token_count": 8,
        "zero_token_max_abs": 0.0
      },
      "name": "train_tiny_imagenet_k8_denoisepath_p150_2k_seed2_cuda",
      "status": "ok",
      "synthesis_mode": "restricted"
    },
    {
      "config": "configs/train_tiny_imagenet_k8_denoisepath_p150_5k_cuda.json",
      "dataset": "tiny_imagenet_200",
      "evidence": {
        "conv_bias_free": true,
        "forbidden_module_count": 0,
        "mode": "dynamic",
        "signature": "token-list only",
        "suspicious_constant_count": 0,
        "synthesizer_count": 8,
        "token_channels": 16,
        "token_count": 8,
        "zero_token_max_abs": 0.0
      },
      "name": "train_tiny_imagenet_k8_denoisepath_p150_5k_cuda",
      "status": "ok",
      "synthesis_mode": "restricted"
    },
    {
      "config": "configs/train_tiny_imagenet_k8_denoisepath_p150_5k_seed2_cuda.json",
      "dataset": "tiny_imagenet_200",
      "evidence": {
        "conv_bias_free": true,
        "forbidden_module_count": 0,
        "mode": "dynamic",
        "signature": "token-list only",
        "suspicious_constant_count": 0,
        "synthesizer_count": 8,
        "token_channels": 16,
        "token_count": 8,
        "zero_token_max_abs": 0.0
      },
      "name": "train_tiny_imagenet_k8_denoisepath_p150_5k_seed2_cuda",
      "status": "ok",
      "synthesis_mode": "restricted"
    },
    {
      "config": "configs/train_tiny_imagenet_k8_denoisepath_p150_light_20k_cuda.json",
      "dataset": "tiny_imagenet_200",
      "evidence": {
        "conv_bias_free": true,
        "forbidden_module_count": 0,
        "mode": "dynamic",
        "signature": "token-list only",
        "suspicious_constant_count": 0,
        "synthesizer_count": 8,
        "token_channels": 16,
        "token_count": 8,
        "zero_token_max_abs": 0.0
      },
      "name": "train_tiny_imagenet_k8_denoisepath_p150_light_20k_cuda",
      "status": "ok",
      "synthesis_mode": "restricted"
    },
    {
      "config": "configs/train_tiny_imagenet_k8_denoisepath_p150_light_20k_seed2_cuda.json",
      "dataset": "tiny_imagenet_200",
      "evidence": {
        "conv_bias_free": true,
        "forbidden_module_count": 0,
        "mode": "dynamic",
        "signature": "token-list only",
        "suspicious_constant_count": 0,
        "synthesizer_count": 8,
        "token_channels": 16,
        "token_count": 8,
        "zero_token_max_abs": 0.0
      },
      "name": "train_tiny_imagenet_k8_denoisepath_p150_light_20k_seed2_cuda",
      "status": "ok",
      "synthesis_mode": "restricted"
    },
    {
      "config": "configs/train_tiny_imagenet_k8_denoisepath_p150_light_5k_cuda.json",
      "dataset": "tiny_imagenet_200",
      "evidence": {
        "conv_bias_free": true,
        "forbidden_module_count": 0,
        "mode": "dynamic",
        "signature": "token-list only",
        "suspicious_constant_count": 0,
        "synthesizer_count": 8,
        "token_channels": 16,
        "token_count": 8,
        "zero_token_max_abs": 0.0
      },
      "name": "train_tiny_imagenet_k8_denoisepath_p150_light_5k_cuda",
      "status": "ok",
      "synthesis_mode": "restricted"
    },
    {
      "config": "configs/train_tiny_imagenet_k8_denoisepath_p150_light_5k_seed2_cuda.json",
      "dataset": "tiny_imagenet_200",
      "evidence": {
        "conv_bias_free": true,
        "forbidden_module_count": 0,
        "mode": "dynamic",
        "signature": "token-list only",
        "suspicious_constant_count": 0,
        "synthesizer_count": 8,
        "token_channels": 16,
        "token_count": 8,
        "zero_token_max_abs": 0.0
      },
      "name": "train_tiny_imagenet_k8_denoisepath_p150_light_5k_seed2_cuda",
      "status": "ok",
      "synthesis_mode": "restricted"
    },
    {
      "config": "configs/train_tiny_imagenet_k8_denoisepath_p150_light_cleanmono_10k_cuda.json",
      "dataset": "tiny_imagenet_200",
      "evidence": {
        "conv_bias_free": true,
        "forbidden_module_count": 0,
        "mode": "dynamic",
        "signature": "token-list only",
        "suspicious_constant_count": 0,
        "synthesizer_count": 8,
        "token_channels": 16,
        "token_count": 8,
        "zero_token_max_abs": 0.0
      },
      "name": "train_tiny_imagenet_k8_denoisepath_p150_light_cleanmono_10k_cuda",
      "status": "ok",
      "synthesis_mode": "restricted"
    },
    {
      "config": "configs/train_tiny_imagenet_k8_denoisepath_p150_light_decorw0003_sched3000w1500_5k_cuda.json",
      "dataset": "tiny_imagenet_200",
      "evidence": {
        "conv_bias_free": true,
        "forbidden_module_count": 0,
        "mode": "dynamic",
        "signature": "token-list only",
        "suspicious_constant_count": 0,
        "synthesizer_count": 8,
        "token_channels": 16,
        "token_count": 8,
        "zero_token_max_abs": 0.0
      },
      "name": "train_tiny_imagenet_k8_denoisepath_p150_light_decorw0003_sched3000w1500_5k_cuda",
      "status": "ok",
      "synthesis_mode": "restricted"
    },
    {
      "config": "configs/train_tiny_imagenet_k8_denoisepath_p150_light_decorw0003_sched3000w1500_5k_seed2_cuda.json",
      "dataset": "tiny_imagenet_200",
      "evidence": {
        "conv_bias_free": true,
        "forbidden_module_count": 0,
        "mode": "dynamic",
        "signature": "token-list only",
        "suspicious_constant_count": 0,
        "synthesizer_count": 8,
        "token_channels": 16,
        "token_count": 8,
        "zero_token_max_abs": 0.0
      },
      "name": "train_tiny_imagenet_k8_denoisepath_p150_light_decorw0003_sched3000w1500_5k_seed2_cuda",
      "status": "ok",
      "synthesis_mode": "restricted"
    },
    {
      "config": "configs/train_tiny_imagenet_k8_denoisepath_p150_light_decorw0005_5k_cuda.json",
      "dataset": "tiny_imagenet_200",
      "evidence": {
        "conv_bias_free": true,
        "forbidden_module_count": 0,
        "mode": "dynamic",
        "signature": "token-list only",
        "suspicious_constant_count": 0,
        "synthesizer_count": 8,
        "token_channels": 16,
        "token_count": 8,
        "zero_token_max_abs": 0.0
      },
      "name": "train_tiny_imagenet_k8_denoisepath_p150_light_decorw0005_5k_cuda",
      "status": "ok",
      "synthesis_mode": "restricted"
    },
    {
      "config": "configs/train_tiny_imagenet_k8_denoisepath_p150_light_decorw0005_sched2500w1500_5k_cuda.json",
      "dataset": "tiny_imagenet_200",
      "evidence": {
        "conv_bias_free": true,
        "forbidden_module_count": 0,
        "mode": "dynamic",
        "signature": "token-list only",
        "suspicious_constant_count": 0,
        "synthesizer_count": 8,
        "token_channels": 16,
        "token_count": 8,
        "zero_token_max_abs": 0.0
      },
      "name": "train_tiny_imagenet_k8_denoisepath_p150_light_decorw0005_sched2500w1500_5k_cuda",
      "status": "ok",
      "synthesis_mode": "restricted"
    },
    {
      "config": "configs/train_tiny_imagenet_k8_denoisepath_p150_light_multiscale_10k_cuda.json",
      "dataset": "tiny_imagenet_200",
      "evidence": {
        "conv_bias_free": true,
        "forbidden_module_count": 0,
        "mode": "dynamic",
        "signature": "token-list only",
        "suspicious_constant_count": 0,
        "synthesizer_count": 8,
        "token_channels": 16,
        "token_count": 8,
        "zero_token_max_abs": 0.0
      },
      "name": "train_tiny_imagenet_k8_denoisepath_p150_light_multiscale_10k_cuda",
      "status": "ok",
      "synthesis_mode": "restricted"
    },
    {
      "config": "configs/train_tiny_imagenet_k8_denoisepath_p150_light_multiscale_20k_cuda.json",
      "dataset": "tiny_imagenet_200",
      "evidence": {
        "conv_bias_free": true,
        "forbidden_module_count": 0,
        "mode": "dynamic",
        "signature": "token-list only",
        "suspicious_constant_count": 0,
        "synthesizer_count": 8,
        "token_channels": 16,
        "token_count": 8,
        "zero_token_max_abs": 0.0
      },
      "name": "train_tiny_imagenet_k8_denoisepath_p150_light_multiscale_20k_cuda",
      "status": "ok",
      "synthesis_mode": "restricted"
    },
    {
      "config": "configs/train_tiny_imagenet_k8_denoisepath_p150_light_nopathprefix_10k_cuda.json",
      "dataset": "tiny_imagenet_200",
      "evidence": {
        "conv_bias_free": true,
        "forbidden_module_count": 0,
        "mode": "dynamic",
        "signature": "token-list only",
        "suspicious_constant_count": 0,
        "synthesizer_count": 8,
        "token_channels": 16,
        "token_count": 8,
        "zero_token_max_abs": 0.0
      },
      "name": "train_tiny_imagenet_k8_denoisepath_p150_light_nopathprefix_10k_cuda",
      "status": "ok",
      "synthesis_mode": "restricted"
    },
    {
      "config": "configs/train_tiny_imagenet_k8_epsilonband_2k_cuda.json",
      "dataset": "tiny_imagenet_200",
      "evidence": {
        "conv_bias_free": true,
        "forbidden_module_count": 0,
        "mode": "dynamic",
        "signature": "token-list only",
        "suspicious_constant_count": 0,
        "synthesizer_count": 8,
        "token_channels": 16,
        "token_count": 8,
        "zero_token_max_abs": 0.0
      },
      "name": "train_tiny_imagenet_k8_epsilonband_2k_cuda",
      "status": "ok",
      "synthesis_mode": "restricted"
    },
    {
      "config": "configs/train_tiny_imagenet_k8_epsilononly_p150eval_20k_cuda.json",
      "dataset": "tiny_imagenet_200",
      "evidence": {
        "conv_bias_free": true,
        "forbidden_module_count": 0,
        "mode": "dynamic",
        "signature": "token-list only",
        "suspicious_constant_count": 0,
        "synthesizer_count": 8,
        "token_channels": 16,
        "token_count": 8,
        "zero_token_max_abs": 0.0
      },
      "name": "train_tiny_imagenet_k8_epsilononly_p150eval_20k_cuda",
      "status": "ok",
      "synthesis_mode": "restricted"
    },
    {
      "config": "configs/train_tiny_imagenet_k8_epsilononly_p150eval_20k_seed2_cuda.json",
      "dataset": "tiny_imagenet_200",
      "evidence": {
        "conv_bias_free": true,
        "forbidden_module_count": 0,
        "mode": "dynamic",
        "signature": "token-list only",
        "suspicious_constant_count": 0,
        "synthesizer_count": 8,
        "token_channels": 16,
        "token_count": 8,
        "zero_token_max_abs": 0.0
      },
      "name": "train_tiny_imagenet_k8_epsilononly_p150eval_20k_seed2_cuda",
      "status": "ok",
      "synthesis_mode": "restricted"
    },
    {
      "config": "configs/train_tiny_imagenet_k8_epsilononly_p150eval_5k_cuda.json",
      "dataset": "tiny_imagenet_200",
      "evidence": {
        "conv_bias_free": true,
        "forbidden_module_count": 0,
        "mode": "dynamic",
        "signature": "token-list only",
        "suspicious_constant_count": 0,
        "synthesizer_count": 8,
        "token_channels": 16,
        "token_count": 8,
        "zero_token_max_abs": 0.0
      },
      "name": "train_tiny_imagenet_k8_epsilononly_p150eval_5k_cuda",
      "status": "ok",
      "synthesis_mode": "restricted"
    },
    {
      "config": "configs/train_tiny_imagenet_k8_epsilononly_p150eval_5k_seed2_cuda.json",
      "dataset": "tiny_imagenet_200",
      "evidence": {
        "conv_bias_free": true,
        "forbidden_module_count": 0,
        "mode": "dynamic",
        "signature": "token-list only",
        "suspicious_constant_count": 0,
        "synthesizer_count": 8,
        "token_channels": 16,
        "token_count": 8,
        "zero_token_max_abs": 0.0
      },
      "name": "train_tiny_imagenet_k8_epsilononly_p150eval_5k_seed2_cuda",
      "status": "ok",
      "synthesis_mode": "restricted"
    },
    {
      "config": "configs/train_tiny_imagenet_k8_epsilononly_p150eval_multiscale_20k_cuda.json",
      "dataset": "tiny_imagenet_200",
      "evidence": {
        "conv_bias_free": true,
        "forbidden_module_count": 0,
        "mode": "dynamic",
        "signature": "token-list only",
        "suspicious_constant_count": 0,
        "synthesizer_count": 8,
        "token_channels": 16,
        "token_count": 8,
        "zero_token_max_abs": 0.0
      },
      "name": "train_tiny_imagenet_k8_epsilononly_p150eval_multiscale_20k_cuda",
      "status": "ok",
      "synthesis_mode": "restricted"
    },
    {
      "config": "configs/train_tiny_imagenet_k8_tailstage_alt_endpoint_200_seed2_cuda.json",
      "dataset": "tiny_imagenet_200",
      "evidence": {
        "conv_bias_free": true,
        "forbidden_module_count": 0,
        "mode": "dynamic",
        "signature": "token-list only",
        "suspicious_constant_count": 0,
        "synthesizer_count": 8,
        "token_channels": 16,
        "token_count": 8,
        "zero_token_max_abs": 0.0
      },
      "name": "train_tiny_imagenet_k8_tailstage_alt_endpoint_200_seed2_cuda",
      "status": "ok",
      "synthesis_mode": "restricted"
    },
    {
      "config": "configs/train_tiny_imagenet_k8_tailstage_alt_tail_200_seed2_cuda.json",
      "dataset": "tiny_imagenet_200",
      "evidence": {
        "conv_bias_free": true,
        "forbidden_module_count": 0,
        "mode": "dynamic",
        "signature": "token-list only",
        "suspicious_constant_count": 0,
        "synthesizer_count": 8,
        "token_channels": 16,
        "token_count": 8,
        "zero_token_max_abs": 0.0
      },
      "name": "train_tiny_imagenet_k8_tailstage_alt_tail_200_seed2_cuda",
      "status": "ok",
      "synthesis_mode": "restricted"
    },
    {
      "config": "configs/train_tiny_imagenet_k8_tailstage_endpoint_1k_cuda.json",
      "dataset": "tiny_imagenet_200",
      "evidence": {
        "conv_bias_free": true,
        "forbidden_module_count": 0,
        "mode": "dynamic",
        "signature": "token-list only",
        "suspicious_constant_count": 0,
        "synthesizer_count": 8,
        "token_channels": 16,
        "token_count": 8,
        "zero_token_max_abs": 0.0
      },
      "name": "train_tiny_imagenet_k8_tailstage_endpoint_1k_cuda",
      "status": "ok",
      "synthesis_mode": "restricted"
    },
    {
      "config": "configs/train_tiny_imagenet_k8_tailstage_endpoint_500_cuda.json",
      "dataset": "tiny_imagenet_200",
      "evidence": {
        "conv_bias_free": true,
        "forbidden_module_count": 0,
        "mode": "dynamic",
        "signature": "token-list only",
        "suspicious_constant_count": 0,
        "synthesizer_count": 8,
        "token_channels": 16,
        "token_count": 8,
        "zero_token_max_abs": 0.0
      },
      "name": "train_tiny_imagenet_k8_tailstage_endpoint_500_cuda",
      "status": "ok",
      "synthesis_mode": "restricted"
    },
    {
      "config": "configs/train_tiny_imagenet_k8_tailstage_endpoint_latemono_1k_cuda.json",
      "dataset": "tiny_imagenet_200",
      "evidence": {
        "conv_bias_free": true,
        "forbidden_module_count": 0,
        "mode": "dynamic",
        "signature": "token-list only",
        "suspicious_constant_count": 0,
        "synthesizer_count": 8,
        "token_channels": 16,
        "token_count": 8,
        "zero_token_max_abs": 0.0
      },
      "name": "train_tiny_imagenet_k8_tailstage_endpoint_latemono_1k_cuda",
      "status": "ok",
      "synthesis_mode": "restricted"
    },
    {
      "config": "configs/train_tiny_imagenet_k8_tailstage_endpoint_latemono_soft_1k_cuda.json",
      "dataset": "tiny_imagenet_200",
      "evidence": {
        "conv_bias_free": true,
        "forbidden_module_count": 0,
        "mode": "dynamic",
        "signature": "token-list only",
        "suspicious_constant_count": 0,
        "synthesizer_count": 8,
        "token_channels": 16,
        "token_count": 8,
        "zero_token_max_abs": 0.0
      },
      "name": "train_tiny_imagenet_k8_tailstage_endpoint_latemono_soft_1k_cuda",
      "status": "ok",
      "synthesis_mode": "restricted"
    },
    {
      "config": "configs/train_tiny_imagenet_k8_tailstage_endpoint_latemono_soft_1k_from5k_seed2_cuda.json",
      "dataset": "tiny_imagenet_200",
      "evidence": {
        "conv_bias_free": true,
        "forbidden_module_count": 0,
        "mode": "dynamic",
        "signature": "token-list only",
        "suspicious_constant_count": 0,
        "synthesizer_count": 8,
        "token_channels": 16,
        "token_count": 8,
        "zero_token_max_abs": 0.0
      },
      "name": "train_tiny_imagenet_k8_tailstage_endpoint_latemono_soft_1k_from5k_seed2_cuda",
      "status": "ok",
      "synthesis_mode": "restricted"
    },
    {
      "config": "configs/train_tiny_imagenet_k8_tailstage_endpoint_latemono_soft_1k_seed2_cuda.json",
      "dataset": "tiny_imagenet_200",
      "evidence": {
        "conv_bias_free": true,
        "forbidden_module_count": 0,
        "mode": "dynamic",
        "signature": "token-list only",
        "suspicious_constant_count": 0,
        "synthesizer_count": 8,
        "token_channels": 16,
        "token_count": 8,
        "zero_token_max_abs": 0.0
      },
      "name": "train_tiny_imagenet_k8_tailstage_endpoint_latemono_soft_1k_seed2_cuda",
      "status": "ok",
      "synthesis_mode": "restricted"
    },
    {
      "config": "configs/train_tiny_imagenet_k8_tailstage_endpoint_latemono_soft_e006_1k_seed2_cuda.json",
      "dataset": "tiny_imagenet_200",
      "evidence": {
        "conv_bias_free": true,
        "forbidden_module_count": 0,
        "mode": "dynamic",
        "signature": "token-list only",
        "suspicious_constant_count": 0,
        "synthesizer_count": 8,
        "token_channels": 16,
        "token_count": 8,
        "zero_token_max_abs": 0.0
      },
      "name": "train_tiny_imagenet_k8_tailstage_endpoint_latemono_soft_e006_1k_seed2_cuda",
      "status": "ok",
      "synthesis_mode": "restricted"
    },
    {
      "config": "configs/train_tiny_imagenet_k8_tailstage_warm_300_cuda.json",
      "dataset": "tiny_imagenet_200",
      "evidence": {
        "conv_bias_free": true,
        "forbidden_module_count": 0,
        "mode": "dynamic",
        "signature": "token-list only",
        "suspicious_constant_count": 0,
        "synthesizer_count": 8,
        "token_channels": 16,
        "token_count": 8,
        "zero_token_max_abs": 0.0
      },
      "name": "train_tiny_imagenet_k8_tailstage_warm_300_cuda",
      "status": "ok",
      "synthesis_mode": "restricted"
    },
    {
      "config": "configs/train_tiny_imagenet_k8_tailstage_warm_500_cuda.json",
      "dataset": "tiny_imagenet_200",
      "evidence": {
        "conv_bias_free": true,
        "forbidden_module_count": 0,
        "mode": "dynamic",
        "signature": "token-list only",
        "suspicious_constant_count": 0,
        "synthesizer_count": 8,
        "token_channels": 16,
        "token_count": 8,
        "zero_token_max_abs": 0.0
      },
      "name": "train_tiny_imagenet_k8_tailstage_warm_500_cuda",
      "status": "ok",
      "synthesis_mode": "restricted"
    },
    {
      "config": "configs/train_tiny_imagenet_k8_tailstage_warm_500_from5k_seed2_cuda.json",
      "dataset": "tiny_imagenet_200",
      "evidence": {
        "conv_bias_free": true,
        "forbidden_module_count": 0,
        "mode": "dynamic",
        "signature": "token-list only",
        "suspicious_constant_count": 0,
        "synthesizer_count": 8,
        "token_channels": 16,
        "token_count": 8,
        "zero_token_max_abs": 0.0
      },
      "name": "train_tiny_imagenet_k8_tailstage_warm_500_from5k_seed2_cuda",
      "status": "ok",
      "synthesis_mode": "restricted"
    },
    {
      "config": "configs/train_tiny_imagenet_k8_tailstage_warm_500_seed2_cuda.json",
      "dataset": "tiny_imagenet_200",
      "evidence": {
        "conv_bias_free": true,
        "forbidden_module_count": 0,
        "mode": "dynamic",
        "signature": "token-list only",
        "suspicious_constant_count": 0,
        "synthesizer_count": 8,
        "token_channels": 16,
        "token_count": 8,
        "zero_token_max_abs": 0.0
      },
      "name": "train_tiny_imagenet_k8_tailstage_warm_500_seed2_cuda",
      "status": "ok",
      "synthesis_mode": "restricted"
    }
  ],
  "status": "ok",
  "validation_mode": "dynamic"
}
