{
  "valid": true,
  "matched_config_sections": [
    "data",
    "diffusion",
    "runtime",
    "optimization"
  ],
  "factorization_model_fields": [
    "deep_synthesis_depth",
    "deep_synthesis_hidden_channels",
    "gamma_mode",
    "predictor_use_feedback",
    "synthesis_active_token_channels",
    "synthesis_kernel_size",
    "synthesis_mode",
    "synthesis_token_strides",
    "token_channel_schedule",
    "token_channels",
    "token_count",
    "token_spatial_strides"
  ],
  "shared_model_fields": [
    "base_channels",
    "class_dropout_prob",
    "image_channels",
    "image_size",
    "num_classes",
    "predictor_attention_resolutions",
    "predictor_channel_multipliers",
    "predictor_depth",
    "predictor_dropout",
    "predictor_gradient_checkpointing",
    "predictor_multiscale_levels",
    "predictor_num_heads",
    "predictor_num_res_blocks",
    "predictor_type"
  ],
  "mismatched_config_sections": [],
  "mismatched_shared_model_fields": [],
  "identities": {
    "cofitok_token_count": 8,
    "dense_token_count": 1,
    "cofitok_feedback": true,
    "dense_feedback": false,
    "cofitok_synthesis": "fixed_basis",
    "dense_synthesis": "dense_identity"
  },
  "primary_epsilon_weight": 1.0,
  "shared_training_loss_fields": [
    "epsilon_weight",
    "rollout_consistency_batch_fraction",
    "rollout_consistency_clip_x0",
    "rollout_consistency_mode",
    "rollout_consistency_start_step",
    "rollout_consistency_timestep_delta",
    "rollout_consistency_unroll_steps",
    "rollout_consistency_warmup_steps",
    "rollout_consistency_weight"
  ],
  "mismatched_shared_training_loss_fields": [],
  "dense_nonzero_auxiliary_losses": [],
  "issues": []
}
step=1 total=1.346252 epsilon=0.999822 grad=1.2653 lr=1.000e-06
step=25 total=1.319595 epsilon=0.998134 grad=4.9341 lr=2.500e-05
step=50 total=1.251388 epsilon=0.948006 grad=4.8109 lr=5.000e-05
step=75 total=1.081725 epsilon=0.824132 grad=5.0232 lr=7.500e-05
step=100 total=0.880217 epsilon=0.654927 grad=4.7932 lr=1.000e-04
step=125 total=0.673242 epsilon=0.492737 grad=4.3831 lr=9.983e-05
step=150 total=0.471251 epsilon=0.352893 grad=3.4321 lr=9.932e-05
step=175 total=0.349182 epsilon=0.251424 grad=2.8632 lr=9.847e-05
step=200 total=0.241476 epsilon=0.175450 grad=2.1501 lr=9.729e-05
step=225 total=0.167354 epsilon=0.111611 grad=1.9962 lr=9.578e-05
step=250 total=0.122411 epsilon=0.078679 grad=1.9788 lr=9.397e-05 val=0.068821
step=275 total=0.096713 epsilon=0.057288 grad=1.6833 lr=9.186e-05
step=300 total=0.089544 epsilon=0.050938 grad=1.8756 lr=8.947e-05
step=325 total=0.071344 epsilon=0.042474 grad=1.3607 lr=8.682e-05
step=350 total=0.076914 epsilon=0.033635 grad=3.8993 lr=8.393e-05
step=375 total=0.075508 epsilon=0.051443 grad=1.0506 lr=8.081e-05
step=400 total=0.079001 epsilon=0.046282 grad=1.5076 lr=7.750e-05
step=425 total=0.086160 epsilon=0.061173 grad=0.5151 lr=7.402e-05
step=450 total=0.077137 epsilon=0.053536 grad=0.5688 lr=7.039e-05
step=475 total=0.049818 epsilon=0.028306 grad=0.3301 lr=6.665e-05
step=500 total=0.078052 epsilon=0.038154 grad=2.4098 lr=6.281e-05 val=0.042871
step=525 total=0.064812 epsilon=0.040291 grad=0.5165 lr=5.892e-05
step=550 total=0.069878 epsilon=0.044909 grad=0.4409 lr=5.500e-05
step=575 total=0.056070 epsilon=0.034541 grad=0.3605 lr=5.108e-05
step=600 total=0.070812 epsilon=0.042430 grad=0.7849 lr=4.719e-05
step=625 total=0.062337 epsilon=0.039693 grad=0.2808 lr=4.335e-05
step=650 total=0.071715 epsilon=0.032562 grad=2.1824 lr=3.961e-05
step=675 total=0.068136 epsilon=0.046283 grad=0.2220 lr=3.598e-05
step=700 total=0.072833 epsilon=0.048704 grad=0.4692 lr=3.250e-05
step=725 total=0.081066 epsilon=0.055995 grad=1.0282 lr=2.919e-05
step=750 total=0.071070 epsilon=0.040219 grad=2.3715 lr=2.607e-05 val=0.028204
step=775 total=0.056702 epsilon=0.032259 grad=0.8084 lr=2.318e-05
step=800 total=0.049104 epsilon=0.025616 grad=0.5659 lr=2.053e-05
step=825 total=0.063332 epsilon=0.040544 grad=0.1597 lr=1.814e-05
step=850 total=0.058132 epsilon=0.029999 grad=2.0529 lr=1.603e-05
step=875 total=0.056463 epsilon=0.035381 grad=0.2652 lr=1.422e-05
step=900 total=0.063336 epsilon=0.040806 grad=0.2339 lr=1.271e-05
step=925 total=0.064724 epsilon=0.042625 grad=0.1930 lr=1.153e-05
step=950 total=0.065168 epsilon=0.036283 grad=1.0514 lr=1.068e-05
step=975 total=0.052914 epsilon=0.030783 grad=0.3051 lr=1.017e-05
step=1000 total=0.072711 epsilon=0.047204 grad=1.0056 lr=1.000e-05 val=0.022464
wrote /root/autodl-tmp/CoFiTok/checkpoints/generation/stability_probe_2026-07-29/pair1k_rollout_x0_u2/cofitok_rgbtail3_rollout_x0_u2/training_report.json
step=1 total=1.000091 epsilon=0.999822 grad=0.9433 lr=1.000e-06
step=25 total=0.998010 epsilon=0.988553 grad=2.2743 lr=2.500e-05
step=50 total=0.923875 epsilon=0.911579 grad=3.7128 lr=5.000e-05
step=75 total=0.792202 epsilon=0.778437 grad=3.8186 lr=7.500e-05
step=100 total=0.638338 epsilon=0.614473 grad=3.5736 lr=1.000e-04
step=125 total=0.494964 epsilon=0.460651 grad=3.1153 lr=9.983e-05
step=150 total=0.342137 epsilon=0.328235 grad=2.5357 lr=9.932e-05
step=175 total=0.260247 epsilon=0.233594 grad=2.1824 lr=9.847e-05
step=200 total=0.178418 epsilon=0.160805 grad=1.6277 lr=9.729e-05
step=225 total=0.119848 epsilon=0.099672 grad=1.4340 lr=9.578e-05
step=250 total=0.085559 epsilon=0.070699 grad=0.8553 lr=9.397e-05 val=0.062227
step=275 total=0.069808 epsilon=0.053956 grad=0.7731 lr=9.186e-05
step=300 total=0.067712 epsilon=0.049742 grad=1.3385 lr=8.947e-05
step=325 total=0.048386 epsilon=0.039854 grad=0.5145 lr=8.682e-05
step=350 total=0.056091 epsilon=0.033538 grad=1.8761 lr=8.393e-05
step=375 total=0.055503 epsilon=0.051861 grad=0.6609 lr=8.081e-05
step=400 total=0.058442 epsilon=0.046323 grad=0.9115 lr=7.750e-05
step=425 total=0.063493 epsilon=0.060643 grad=0.3082 lr=7.402e-05
step=450 total=0.056144 epsilon=0.053659 grad=0.2789 lr=7.039e-05
step=475 total=0.030809 epsilon=0.028426 grad=0.2216 lr=6.665e-05
step=500 total=0.059352 epsilon=0.038279 grad=1.0903 lr=6.281e-05 val=0.043169
step=525 total=0.045090 epsilon=0.040507 grad=0.2698 lr=5.892e-05
step=550 total=0.049153 epsilon=0.044268 grad=0.2701 lr=5.500e-05
step=575 total=0.037033 epsilon=0.035115 grad=0.2635 lr=5.108e-05
step=600 total=0.051332 epsilon=0.042478 grad=0.4964 lr=4.719e-05
step=625 total=0.042529 epsilon=0.039692 grad=0.2479 lr=4.335e-05
step=650 total=0.052844 epsilon=0.032498 grad=1.1496 lr=3.961e-05
step=675 total=0.047821 epsilon=0.046270 grad=0.1304 lr=3.598e-05
step=700 total=0.052474 epsilon=0.048731 grad=0.2604 lr=3.250e-05
step=725 total=0.060581 epsilon=0.056290 grad=0.4947 lr=2.919e-05
step=750 total=0.050870 epsilon=0.040711 grad=0.9467 lr=2.607e-05 val=0.028152
step=775 total=0.037446 epsilon=0.032126 grad=0.1515 lr=2.318e-05
step=800 total=0.031226 epsilon=0.025850 grad=0.3608 lr=2.053e-05
step=825 total=0.043725 epsilon=0.040464 grad=0.1386 lr=1.814e-05
step=850 total=0.039486 epsilon=0.029933 grad=1.0174 lr=1.603e-05
step=875 total=0.037219 epsilon=0.035616 grad=0.1881 lr=1.422e-05
step=900 total=0.044092 epsilon=0.040926 grad=0.1527 lr=1.271e-05
step=925 total=0.044963 epsilon=0.042839 grad=0.2236 lr=1.153e-05
step=950 total=0.046314 epsilon=0.036340 grad=0.6755 lr=1.068e-05
step=975 total=0.035050 epsilon=0.030921 grad=0.3063 lr=1.017e-05
step=1000 total=0.053674 epsilon=0.047189 grad=0.5552 lr=1.000e-05 val=0.022664
wrote /root/autodl-tmp/CoFiTok/checkpoints/generation/stability_probe_2026-07-29/pair1k_rollout_x0_u2/dense_rollout_x0_u2/training_report.json
{
  "cofitok": {
    "checkpoint_sha256": "9885273a3bd3773274d140db433af047c7cefeb87e460b9868406b45b7e1bb05",
    "elapsed_seconds": 2848.893359184265,
    "peak_vram_bytes": 15234795008,
    "training_report": "/root/autodl-tmp/CoFiTok/checkpoints/generation/stability_probe_2026-07-29/pair1k_rollout_x0_u2/cofitok_rgbtail3_rollout_x0_u2/training_report.json",
    "validation_epsilon_mse": 0.02246399223804474
  },
  "completed_steps": 1000,
  "dense": {
    "checkpoint_sha256": "e27a03434ec3bef7f7528d6d7a0d61867845c5f95165cd1ccb51a07adafe0046",
    "elapsed_seconds": 2589.20170712471,
    "peak_vram_bytes": 15043470848,
    "training_report": "/root/autodl-tmp/CoFiTok/checkpoints/generation/stability_probe_2026-07-29/pair1k_rollout_x0_u2/dense_rollout_x0_u2/training_report.json",
    "validation_epsilon_mse": 0.022664187476038933
  },
  "git_revision": "6b77ef7254356d551b2e392aba07df1c96ed067c",
  "images_seen": 64000,
  "parameter_ratio_delta": 0.00014924064826926653,
  "schema_version": 1,
  "status": "completed",
  "validation_ratio": 0.9911668910166824
}
