2026-07-30T16:54:48+08:00	running	cofitok_training	2026-07-30T08:54:36.911465+00:00
2026-07-30T16:55:48+08:00	running	cofitok_training	2026-07-30T08:55:37.120886+00:00
2026-07-30T16:56:48+08:00	running	cofitok_training	2026-07-30T08:56:37.319583+00:00
2026-07-30T16:57:48+08:00	running	cofitok_training	2026-07-30T08:57:37.475622+00:00
2026-07-30T16:58:48+08:00	running	cofitok_training	2026-07-30T08:58:37.674911+00:00
2026-07-30T16:59:48+08:00	running	cofitok_training	2026-07-30T08:59:37.875193+00:00
2026-07-30T17:00:48+08:00	running	cofitok_training	2026-07-30T09:00:38.048440+00:00
2026-07-30T17:01:48+08:00	running	cofitok_training	2026-07-30T09:01:38.207078+00:00
2026-07-30T17:02:48+08:00	running	cofitok_training	2026-07-30T09:02:38.355425+00:00
2026-07-30T17:03:48+08:00	running	cofitok_training	2026-07-30T09:03:38.499458+00:00
2026-07-30T17:04:48+08:00	running	cofitok_training	2026-07-30T09:04:38.666047+00:00
2026-07-30T17:05:48+08:00	running	cofitok_training	2026-07-30T09:05:38.833332+00:00
2026-07-30T17:06:48+08:00	running	cofitok_training	2026-07-30T09:06:38.986587+00:00
2026-07-30T17:07:48+08:00	running	cofitok_training	2026-07-30T09:07:39.087708+00:00
2026-07-30T17:08:48+08:00	running	cofitok_training	2026-07-30T09:08:39.213651+00:00
2026-07-30T17:09:48+08:00	running	cofitok_training	2026-07-30T09:09:39.406128+00:00
2026-07-30T17:10:48+08:00	running	cofitok_training	2026-07-30T09:10:39.579745+00:00
2026-07-30T17:11:48+08:00	running	cofitok_training	2026-07-30T09:11:39.688225+00:00
2026-07-30T17:12:48+08:00	running	cofitok_training	2026-07-30T09:12:39.862927+00:00
2026-07-30T17:13:48+08:00	running	cofitok_training	2026-07-30T09:13:40.019133+00:00
2026-07-30T17:14:48+08:00	running	cofitok_training	2026-07-30T09:14:40.213561+00:00
2026-07-30T17:15:48+08:00	running	cofitok_training	2026-07-30T09:15:40.368181+00:00
2026-07-30T17:16:48+08:00	running	cofitok_training	2026-07-30T09:16:40.556070+00:00
2026-07-30T17:17:48+08:00	running	cofitok_training	2026-07-30T09:17:40.680914+00:00
2026-07-30T17:18:48+08:00	running	cofitok_training	2026-07-30T09:18:40.845046+00:00
2026-07-30T17:19:48+08:00	running	cofitok_training	2026-07-30T09:19:41.295382+00:00
2026-07-30T17:20:48+08:00	running	cofitok_training	2026-07-30T09:20:41.464062+00:00
2026-07-30T17:21:48+08:00	running	cofitok_training	2026-07-30T09:21:41.624156+00:00
2026-07-30T17:22:48+08:00	running	cofitok_training	2026-07-30T09:22:41.791546+00:00
2026-07-30T17:23:48+08:00	running	cofitok_training	2026-07-30T09:23:41.955378+00:00
2026-07-30T17:24:48+08:00	running	cofitok_training	2026-07-30T09:24:42.134825+00:00
2026-07-30T17:25:48+08:00	running	cofitok_training	2026-07-30T09:25:42.318301+00:00
2026-07-30T17:26:48+08:00	running	cofitok_training	2026-07-30T09:26:42.478404+00:00
2026-07-30T17:27:48+08:00	running	cofitok_training	2026-07-30T09:27:42.627329+00:00
2026-07-30T17:28:48+08:00	running	cofitok_training	2026-07-30T09:28:42.815029+00:00
2026-07-30T17:29:49+08:00	running	cofitok_training	2026-07-30T09:29:42.972417+00:00
2026-07-30T17:30:49+08:00	running	cofitok_training	2026-07-30T09:30:43.165312+00:00
2026-07-30T17:31:49+08:00	running	cofitok_training	2026-07-30T09:31:43.352456+00:00
2026-07-30T17:32:49+08:00	running	cofitok_training	2026-07-30T09:32:43.499723+00:00
2026-07-30T17:33:49+08:00	running	cofitok_training	2026-07-30T09:33:43.624145+00:00
2026-07-30T17:34:49+08:00	running	cofitok_training	2026-07-30T09:34:43.817688+00:00
2026-07-30T17:35:49+08:00	running	cofitok_training	2026-07-30T09:35:43.908923+00:00
2026-07-30T17:36:49+08:00	running	cofitok_training	2026-07-30T09:36:44.074556+00:00
2026-07-30T17:37:49+08:00	running	cofitok_training	2026-07-30T09:37:44.218267+00:00
2026-07-30T17:38:49+08:00	running	cofitok_training	2026-07-30T09:38:44.395316+00:00
2026-07-30T17:39:49+08:00	running	cofitok_training	2026-07-30T09:39:44.554018+00:00
2026-07-30T17:40:49+08:00	running	cofitok_training	2026-07-30T09:40:44.738417+00:00
2026-07-30T17:41:49+08:00	running	cofitok_training	2026-07-30T09:41:44.914633+00:00
2026-07-30T17:42:49+08:00	running	cofitok_training	2026-07-30T09:42:45.085285+00:00
2026-07-30T17:43:49+08:00	running	cofitok_training	2026-07-30T09:43:45.268446+00:00
2026-07-30T17:44:49+08:00	running	cofitok_training	2026-07-30T09:44:45.433217+00:00
2026-07-30T17:45:49+08:00	running	cofitok_training	2026-07-30T09:45:45.600794+00:00
2026-07-30T17:46:49+08:00	running	cofitok_training	2026-07-30T09:46:45.734576+00:00
2026-07-30T17:47:49+08:00	running	cofitok_training	2026-07-30T09:47:45.901913+00:00
2026-07-30T17:48:49+08:00	running	cofitok_training	2026-07-30T09:48:46.068541+00:00
2026-07-30T17:49:49+08:00	running	cofitok_training	2026-07-30T09:49:46.259550+00:00
2026-07-30T17:50:49+08:00	running	cofitok_training	2026-07-30T09:50:46.343150+00:00
2026-07-30T17:51:49+08:00	running	cofitok_training	2026-07-30T09:51:46.485748+00:00
2026-07-30T17:52:49+08:00	running	cofitok_training	2026-07-30T09:52:46.675383+00:00
2026-07-30T17:53:49+08:00	running	cofitok_training	2026-07-30T09:53:46.849664+00:00
2026-07-30T17:54:49+08:00	running	cofitok_training	2026-07-30T09:54:47.036428+00:00
2026-07-30T17:55:49+08:00	running	cofitok_training	2026-07-30T09:55:47.209004+00:00
2026-07-30T17:56:49+08:00	running	cofitok_training	2026-07-30T09:56:47.378273+00:00
2026-07-30T17:57:49+08:00	running	cofitok_training	2026-07-30T09:57:47.525789+00:00
2026-07-30T17:58:49+08:00	running	cofitok_training	2026-07-30T09:58:47.667099+00:00
2026-07-30T17:59:49+08:00	running	cofitok_training	2026-07-30T09:59:47.851535+00:00
2026-07-30T18:00:49+08:00	running	cofitok_training	2026-07-30T10:00:48.016176+00:00
2026-07-30T18:01:49+08:00	running	cofitok_training	2026-07-30T10:01:48.154468+00:00
2026-07-30T18:02:49+08:00	running	cofitok_training	2026-07-30T10:02:48.340055+00:00
2026-07-30T18:03:49+08:00	running	cofitok_training	2026-07-30T10:03:48.504273+00:00
2026-07-30T18:04:49+08:00	running	cofitok_training	2026-07-30T10:04:48.684048+00:00
2026-07-30T18:05:50+08:00	running	cofitok_training	2026-07-30T10:05:48.834268+00:00
2026-07-30T18:06:50+08:00	running	cofitok_training	2026-07-30T10:06:49.024920+00:00
2026-07-30T18:07:50+08:00	running	cofitok_training	2026-07-30T10:07:49.187984+00:00
2026-07-30T18:08:50+08:00	running	cofitok_training	2026-07-30T10:08:49.346132+00:00
2026-07-30T18:09:50+08:00	running	cofitok_training	2026-07-30T10:09:49.505079+00:00
2026-07-30T18:10:50+08:00	running	cofitok_training	2026-07-30T10:10:49.651645+00:00
2026-07-30T18:11:50+08:00	running	cofitok_training	2026-07-30T10:11:49.825507+00:00
2026-07-30T18:12:50+08:00	running	cofitok_training	2026-07-30T10:12:49.993592+00:00
2026-07-30T18:13:50+08:00	running	cofitok_training	2026-07-30T10:13:50.184356+00:00
2026-07-30T18:14:50+08:00	running	cofitok_training	2026-07-30T10:13:50.184356+00:00
2026-07-30T18:15:50+08:00	running	cofitok_training	2026-07-30T10:14:50.270385+00:00
2026-07-30T18:16:50+08:00	running	cofitok_training	2026-07-30T10:15:50.414397+00:00
2026-07-30T18:17:50+08:00	running	cofitok_training	2026-07-30T10:16:50.509752+00:00
2026-07-30T18:18:50+08:00	running	cofitok_training	2026-07-30T10:17:50.648459+00:00
2026-07-30T18:19:50+08:00	running	cofitok_training	2026-07-30T10:18:50.784023+00:00
2026-07-30T18:20:50+08:00	running	cofitok_training	2026-07-30T10:19:50.925402+00:00
2026-07-30T18:21:50+08:00	running	cofitok_training	2026-07-30T10:20:51.086225+00:00
2026-07-30T18:22:50+08:00	running	cofitok_training	2026-07-30T10:21:51.240808+00:00
2026-07-30T18:23:50+08:00	running	cofitok_training	2026-07-30T10:22:51.414827+00:00
2026-07-30T18:24:50+08:00	running	cofitok_training	2026-07-30T10:23:51.578097+00:00
2026-07-30T18:25:50+08:00	running	cofitok_training	2026-07-30T10:24:51.725810+00:00
2026-07-30T18:26:50+08:00	running	cofitok_training	2026-07-30T10:25:51.959495+00:00
2026-07-30T18:27:50+08:00	running	cofitok_training	2026-07-30T10:26:52.157088+00:00
2026-07-30T18:28:50+08:00	running	cofitok_training	2026-07-30T10:27:52.332715+00:00
2026-07-30T18:29:50+08:00	running	cofitok_training	2026-07-30T10:28:52.499569+00:00
2026-07-30T18:30:50+08:00	running	cofitok_training	2026-07-30T10:29:52.665690+00:00
2026-07-30T18:31:50+08:00	running	cofitok_training	2026-07-30T10:30:52.816347+00:00
2026-07-30T18:32:50+08:00	running	cofitok_training	2026-07-30T10:31:52.939873+00:00
2026-07-30T18:33:50+08:00	running	cofitok_training	2026-07-30T10:32:53.113599+00:00
2026-07-30T18:34:50+08:00	running	cofitok_training	2026-07-30T10:33:53.243453+00:00
2026-07-30T18:35:50+08:00	running	cofitok_training	2026-07-30T10:34:53.391976+00:00
2026-07-30T18:36:50+08:00	running	cofitok_training	2026-07-30T10:35:53.550891+00:00
2026-07-30T18:37:50+08:00	running	cofitok_training	2026-07-30T10:36:53.730940+00:00
2026-07-30T18:38:50+08:00	running	cofitok_training	2026-07-30T10:37:53.901629+00:00
2026-07-30T18:39:50+08:00	running	cofitok_training	2026-07-30T10:38:54.052172+00:00
2026-07-30T18:40:50+08:00	running	cofitok_training	2026-07-30T10:39:54.202423+00:00
2026-07-30T18:41:51+08:00	running	cofitok_training	2026-07-30T10:40:54.396668+00:00
2026-07-30T18:42:51+08:00	running	cofitok_training	2026-07-30T10:41:54.552509+00:00
2026-07-30T18:43:51+08:00	running	cofitok_training	2026-07-30T10:42:54.748617+00:00
2026-07-30T18:44:51+08:00	running	cofitok_training	2026-07-30T10:43:54.951987+00:00
2026-07-30T18:45:51+08:00	running	cofitok_training	2026-07-30T10:44:55.512337+00:00
2026-07-30T18:46:51+08:00	running	cofitok_training	2026-07-30T10:45:55.646911+00:00
2026-07-30T18:47:51+08:00	running	cofitok_training	2026-07-30T10:46:55.848950+00:00
2026-07-30T18:48:51+08:00	running	cofitok_training	2026-07-30T10:47:55.983900+00:00
2026-07-30T18:49:51+08:00	running	cofitok_training	2026-07-30T10:48:56.126116+00:00
2026-07-30T18:50:51+08:00	running	cofitok_training	2026-07-30T10:49:56.329509+00:00
2026-07-30T18:51:51+08:00	running	cofitok_training	2026-07-30T10:50:56.463941+00:00
2026-07-30T18:52:51+08:00	running	cofitok_training	2026-07-30T10:51:56.642051+00:00
2026-07-30T18:53:51+08:00	running	cofitok_training	2026-07-30T10:52:56.832990+00:00
2026-07-30T18:54:51+08:00	running	cofitok_training	2026-07-30T10:53:56.941404+00:00
2026-07-30T18:55:51+08:00	running	cofitok_training	2026-07-30T10:54:57.099958+00:00
2026-07-30T18:56:51+08:00	running	cofitok_training	2026-07-30T10:55:57.302612+00:00
2026-07-30T18:57:51+08:00	running	cofitok_training	2026-07-30T10:56:57.503283+00:00
2026-07-30T18:58:51+08:00	running	cofitok_training	2026-07-30T10:57:57.653100+00:00
2026-07-30T18:59:51+08:00	running	cofitok_training	2026-07-30T10:58:57.824709+00:00
2026-07-30T19:00:51+08:00	running	cofitok_training	2026-07-30T10:59:57.962762+00:00
2026-07-30T19:01:51+08:00	running	cofitok_training	2026-07-30T11:00:58.121761+00:00
2026-07-30T19:02:51+08:00	running	cofitok_training	2026-07-30T11:01:58.277194+00:00
2026-07-30T19:03:51+08:00	running	cofitok_training	2026-07-30T11:02:58.467944+00:00
2026-07-30T19:04:51+08:00	running	cofitok_training	2026-07-30T11:03:58.613776+00:00
2026-07-30T19:05:51+08:00	running	cofitok_training	2026-07-30T11:04:58.800457+00:00
2026-07-30T19:06:51+08:00	running	cofitok_training	2026-07-30T11:05:59.000156+00:00
2026-07-30T19:07:51+08:00	running	cofitok_training	2026-07-30T11:06:59.172618+00:00
2026-07-30T19:08:51+08:00	running	cofitok_training	2026-07-30T11:07:59.348795+00:00
2026-07-30T19:09:51+08:00	running	cofitok_training	2026-07-30T11:08:59.524730+00:00
2026-07-30T19:10:51+08:00	running	cofitok_training	2026-07-30T11:09:59.712560+00:00
2026-07-30T19:11:51+08:00	running	cofitok_training	2026-07-30T11:10:59.860113+00:00
2026-07-30T19:12:51+08:00	running	cofitok_training	2026-07-30T11:12:00.006122+00:00
2026-07-30T19:13:51+08:00	running	cofitok_training	2026-07-30T11:13:00.181755+00:00
2026-07-30T19:14:51+08:00	running	cofitok_training	2026-07-30T11:14:00.367724+00:00
2026-07-30T19:15:51+08:00	running	cofitok_training	2026-07-30T11:15:00.555041+00:00
2026-07-30T19:16:52+08:00	running	cofitok_training	2026-07-30T11:16:00.730415+00:00
2026-07-30T19:17:52+08:00	running	cofitok_training	2026-07-30T11:17:00.943344+00:00
2026-07-30T19:18:52+08:00	running	dense_identity_training	2026-07-30T11:18:01.148448+00:00
2026-07-30T19:19:52+08:00	running	dense_identity_training	2026-07-30T11:19:01.339628+00:00
2026-07-30T19:20:52+08:00	running	dense_identity_training	2026-07-30T11:20:01.487496+00:00
2026-07-30T19:21:52+08:00	running	dense_identity_training	2026-07-30T11:21:01.660276+00:00
2026-07-30T19:22:52+08:00	running	dense_identity_training	2026-07-30T11:22:01.850682+00:00
2026-07-30T19:23:52+08:00	running	dense_identity_training	2026-07-30T11:23:01.998209+00:00
2026-07-30T19:24:52+08:00	running	dense_identity_training	2026-07-30T11:24:02.184964+00:00
2026-07-30T19:25:52+08:00	running	dense_identity_training	2026-07-30T11:25:02.358871+00:00
2026-07-30T19:26:52+08:00	running	dense_identity_training	2026-07-30T11:26:02.547936+00:00
2026-07-30T19:27:52+08:00	running	dense_identity_training	2026-07-30T11:27:02.749333+00:00
2026-07-30T19:28:52+08:00	running	dense_identity_training	2026-07-30T11:28:02.950592+00:00
2026-07-30T19:29:52+08:00	running	dense_identity_training	2026-07-30T11:29:03.097115+00:00
2026-07-30T19:30:52+08:00	running	dense_identity_training	2026-07-30T11:30:03.220817+00:00
2026-07-30T19:31:52+08:00	running	dense_identity_training	2026-07-30T11:31:03.415937+00:00
2026-07-30T19:32:52+08:00	running	dense_identity_training	2026-07-30T11:32:03.579397+00:00
2026-07-30T19:33:52+08:00	running	dense_identity_training	2026-07-30T11:33:03.723077+00:00
2026-07-30T19:34:52+08:00	running	dense_identity_training	2026-07-30T11:34:03.918106+00:00
2026-07-30T19:35:52+08:00	running	dense_identity_training	2026-07-30T11:35:04.112681+00:00
2026-07-30T19:36:52+08:00	running	dense_identity_training	2026-07-30T11:36:04.229561+00:00
2026-07-30T19:37:52+08:00	running	dense_identity_training	2026-07-30T11:37:04.425532+00:00
2026-07-30T19:38:52+08:00	running	dense_identity_training	2026-07-30T11:38:04.576527+00:00
2026-07-30T19:39:52+08:00	running	dense_identity_training	2026-07-30T11:39:04.740104+00:00
2026-07-30T19:40:52+08:00	running	dense_identity_training	2026-07-30T11:40:04.872008+00:00
2026-07-30T19:41:52+08:00	running	dense_identity_training	2026-07-30T11:41:05.095415+00:00
2026-07-30T19:42:52+08:00	running	dense_identity_training	2026-07-30T11:42:05.277188+00:00
2026-07-30T19:43:52+08:00	running	dense_identity_training	2026-07-30T11:43:05.418512+00:00
2026-07-30T19:44:52+08:00	running	dense_identity_training	2026-07-30T11:44:05.614261+00:00
2026-07-30T19:45:52+08:00	running	dense_identity_training	2026-07-30T11:45:05.763813+00:00
2026-07-30T19:46:52+08:00	running	dense_identity_training	2026-07-30T11:46:05.933699+00:00
2026-07-30T19:47:52+08:00	running	dense_identity_training	2026-07-30T11:47:06.129132+00:00
2026-07-30T19:48:52+08:00	running	dense_identity_training	2026-07-30T11:48:06.313957+00:00
2026-07-30T19:49:52+08:00	running	dense_identity_training	2026-07-30T11:49:06.475925+00:00
2026-07-30T19:50:52+08:00	running	dense_identity_training	2026-07-30T11:50:06.650666+00:00
2026-07-30T19:51:52+08:00	running	dense_identity_training	2026-07-30T11:51:06.791775+00:00
2026-07-30T19:52:53+08:00	running	dense_identity_training	2026-07-30T11:52:06.961062+00:00
2026-07-30T19:53:53+08:00	running	dense_identity_training	2026-07-30T11:53:07.133587+00:00
2026-07-30T19:54:53+08:00	running	dense_identity_training	2026-07-30T11:54:07.306295+00:00
2026-07-30T19:55:53+08:00	running	dense_identity_training	2026-07-30T11:55:07.475320+00:00
2026-07-30T19:56:53+08:00	running	dense_identity_training	2026-07-30T11:56:07.604981+00:00
2026-07-30T19:57:53+08:00	running	dense_identity_training	2026-07-30T11:57:07.706967+00:00
2026-07-30T19:58:53+08:00	running	dense_identity_training	2026-07-30T11:58:07.802256+00:00
2026-07-30T19:59:53+08:00	running	dense_identity_training	2026-07-30T11:59:07.983994+00:00
2026-07-30T20:00:53+08:00	running	dense_identity_training	2026-07-30T12:00:08.193576+00:00
2026-07-30T20:01:53+08:00	running	dense_identity_training	2026-07-30T12:01:08.393598+00:00
2026-07-30T20:02:53+08:00	running	dense_identity_training	2026-07-30T12:02:08.601917+00:00
2026-07-30T20:03:53+08:00	running	dense_identity_training	2026-07-30T12:03:08.755449+00:00
2026-07-30T20:04:53+08:00	running	dense_identity_training	2026-07-30T12:04:08.877781+00:00
2026-07-30T20:05:53+08:00	running	dense_identity_training	2026-07-30T12:05:09.090219+00:00
2026-07-30T20:06:53+08:00	running	dense_identity_training	2026-07-30T12:06:09.273745+00:00
2026-07-30T20:07:53+08:00	running	dense_identity_training	2026-07-30T12:07:09.499559+00:00
2026-07-30T20:08:53+08:00	running	dense_identity_training	2026-07-30T12:08:09.725840+00:00
2026-07-30T20:09:53+08:00	running	dense_identity_training	2026-07-30T12:09:09.929016+00:00
2026-07-30T20:10:53+08:00	running	dense_identity_training	2026-07-30T12:10:10.185007+00:00
2026-07-30T20:11:53+08:00	running	dense_identity_training	2026-07-30T12:11:10.382595+00:00
2026-07-30T20:12:53+08:00	running	dense_identity_training	2026-07-30T12:12:10.580236+00:00
2026-07-30T20:13:53+08:00	running	dense_identity_training	2026-07-30T12:13:10.748756+00:00
2026-07-30T20:14:53+08:00	running	dense_identity_training	2026-07-30T12:14:10.955207+00:00
2026-07-30T20:15:53+08:00	running	dense_identity_training	2026-07-30T12:15:11.170755+00:00
2026-07-30T20:16:53+08:00	running	dense_identity_training	2026-07-30T12:16:11.382274+00:00
2026-07-30T20:17:53+08:00	running	dense_identity_training	2026-07-30T12:17:11.585975+00:00
2026-07-30T20:18:53+08:00	running	dense_identity_training	2026-07-30T12:18:11.746555+00:00
2026-07-30T20:19:53+08:00	running	dense_identity_training	2026-07-30T12:19:11.948088+00:00
2026-07-30T20:20:53+08:00	running	dense_identity_training	2026-07-30T12:20:12.121691+00:00
2026-07-30T20:21:53+08:00	running	dense_identity_training	2026-07-30T12:21:12.319245+00:00
2026-07-30T20:22:53+08:00	running	dense_identity_training	2026-07-30T12:22:12.525161+00:00
2026-07-30T20:23:53+08:00	running	dense_identity_training	2026-07-30T12:23:12.715028+00:00
2026-07-30T20:24:54+08:00	running	dense_identity_training	2026-07-30T12:24:12.874220+00:00
2026-07-30T20:25:54+08:00	running	dense_identity_training	2026-07-30T12:25:13.058743+00:00
2026-07-30T20:26:54+08:00	running	dense_identity_training	2026-07-30T12:26:13.262417+00:00
2026-07-30T20:27:54+08:00	running	dense_identity_training	2026-07-30T12:27:13.460351+00:00
2026-07-30T20:28:54+08:00	running	dense_identity_training	2026-07-30T12:28:13.674064+00:00
2026-07-30T20:29:54+08:00	running	dense_identity_training	2026-07-30T12:29:13.869844+00:00
2026-07-30T20:30:54+08:00	running	dense_identity_training	2026-07-30T12:30:14.064560+00:00
2026-07-30T20:31:54+08:00	running	dense_identity_training	2026-07-30T12:31:14.264106+00:00
2026-07-30T20:32:54+08:00	running	dense_identity_training	2026-07-30T12:32:14.451273+00:00
2026-07-30T20:33:54+08:00	running	dense_identity_training	2026-07-30T12:33:14.602366+00:00
2026-07-30T20:34:54+08:00	running	dense_identity_training	2026-07-30T12:34:14.793642+00:00
2026-07-30T20:35:54+08:00	running	dense_identity_training	2026-07-30T12:35:14.972405+00:00
2026-07-30T20:36:54+08:00	running	dense_identity_training	2026-07-30T12:36:15.161309+00:00
2026-07-30T20:37:54+08:00	running	dense_identity_training	2026-07-30T12:37:15.327133+00:00
2026-07-30T20:38:54+08:00	running	dense_identity_training	2026-07-30T12:38:15.501721+00:00
2026-07-30T20:39:54+08:00	running	dense_identity_training	2026-07-30T12:39:15.636672+00:00
2026-07-30T20:40:54+08:00	running	dense_identity_training	2026-07-30T12:40:15.739389+00:00
2026-07-30T20:41:54+08:00	running	dense_identity_training	2026-07-30T12:41:15.917923+00:00
2026-07-30T20:42:54+08:00	running	dense_identity_training	2026-07-30T12:42:16.072114+00:00
2026-07-30T20:43:54+08:00	running	dense_identity_training	2026-07-30T12:43:16.208897+00:00
2026-07-30T20:44:54+08:00	running	dense_identity_training	2026-07-30T12:44:16.402099+00:00
2026-07-30T20:45:54+08:00	running	dense_identity_training	2026-07-30T12:45:16.585242+00:00
2026-07-30T20:46:54+08:00	running	dense_identity_training	2026-07-30T12:46:16.690961+00:00
2026-07-30T20:47:54+08:00	running	dense_identity_training	2026-07-30T12:47:16.870694+00:00
2026-07-30T20:48:54+08:00	running	dense_identity_training	2026-07-30T12:48:17.072738+00:00
2026-07-30T20:49:54+08:00	running	dense_identity_training	2026-07-30T12:49:17.213481+00:00
2026-07-30T20:50:54+08:00	running	dense_identity_training	2026-07-30T12:50:17.407421+00:00
2026-07-30T20:51:54+08:00	running	dense_identity_training	2026-07-30T12:51:17.584699+00:00
2026-07-30T20:52:54+08:00	running	dense_identity_training	2026-07-30T12:52:17.757124+00:00
2026-07-30T20:53:54+08:00	running	dense_identity_training	2026-07-30T12:53:17.959595+00:00
2026-07-30T20:54:54+08:00	running	dense_identity_training	2026-07-30T12:54:18.123646+00:00
2026-07-30T20:55:54+08:00	running	dense_identity_training	2026-07-30T12:55:18.301457+00:00
2026-07-30T20:56:54+08:00	running	dense_identity_training	2026-07-30T12:56:18.447584+00:00
2026-07-30T20:57:54+08:00	running	dense_identity_training	2026-07-30T12:57:18.617084+00:00
2026-07-30T20:58:54+08:00	running	dense_identity_training	2026-07-30T12:58:18.813233+00:00
2026-07-30T20:59:54+08:00	running	dense_identity_training	2026-07-30T12:59:18.951386+00:00
2026-07-30T21:00:55+08:00	running	dense_identity_training	2026-07-30T13:00:19.142493+00:00
2026-07-30T21:01:55+08:00	running	dense_identity_training	2026-07-30T13:01:19.339471+00:00
2026-07-30T21:02:55+08:00	running	dense_identity_training	2026-07-30T13:02:19.512754+00:00
2026-07-30T21:03:55+08:00	running	dense_identity_training	2026-07-30T13:03:19.631249+00:00
2026-07-30T21:04:55+08:00	running	dense_identity_training	2026-07-30T13:04:19.756367+00:00
2026-07-30T21:05:55+08:00	running	dense_identity_training	2026-07-30T13:05:19.960184+00:00
2026-07-30T21:06:55+08:00	running	dense_identity_training	2026-07-30T13:06:20.166549+00:00
2026-07-30T21:07:55+08:00	running	dense_identity_training	2026-07-30T13:07:20.330936+00:00
2026-07-30T21:08:55+08:00	running	dense_identity_training	2026-07-30T13:08:20.510440+00:00
2026-07-30T21:09:55+08:00	running	dense_identity_training	2026-07-30T13:09:20.631044+00:00
2026-07-30T21:10:55+08:00	running	dense_identity_training	2026-07-30T13:10:20.822368+00:00
2026-07-30T21:11:55+08:00	running	dense_identity_training	2026-07-30T13:11:20.940554+00:00
2026-07-30T21:12:55+08:00	running	dense_identity_training	2026-07-30T13:12:21.137327+00:00
2026-07-30T21:13:55+08:00	running	dense_identity_training	2026-07-30T13:13:21.325177+00:00
2026-07-30T21:14:55+08:00	running	dense_identity_training	2026-07-30T13:14:21.489499+00:00
2026-07-30T21:15:55+08:00	running	dense_identity_training	2026-07-30T13:15:21.653614+00:00
2026-07-30T21:16:55+08:00	running	dense_identity_training	2026-07-30T13:16:21.770472+00:00
2026-07-30T21:17:55+08:00	running	dense_identity_training	2026-07-30T13:17:21.955457+00:00
2026-07-30T21:18:55+08:00	running	dense_identity_training	2026-07-30T13:18:22.150972+00:00
2026-07-30T21:19:55+08:00	running	dense_identity_training	2026-07-30T13:19:22.321137+00:00
2026-07-30T21:20:55+08:00	running	dense_identity_training	2026-07-30T13:20:22.520635+00:00
2026-07-30T21:21:55+08:00	running	dense_identity_training	2026-07-30T13:21:22.668009+00:00
2026-07-30T21:22:55+08:00	running	dense_identity_training	2026-07-30T13:22:22.869545+00:00
2026-07-30T21:23:55+08:00	running	dense_identity_training	2026-07-30T13:23:23.048482+00:00
2026-07-30T21:24:55+08:00	running	dense_identity_training	2026-07-30T13:24:23.211064+00:00
2026-07-30T21:25:55+08:00	running	dense_identity_training	2026-07-30T13:25:23.381620+00:00
2026-07-30T21:26:55+08:00	running	dense_identity_training	2026-07-30T13:26:23.565458+00:00
2026-07-30T21:27:55+08:00	running	dense_identity_training	2026-07-30T13:27:23.707856+00:00
2026-07-30T21:28:55+08:00	running	dense_identity_training	2026-07-30T13:28:23.806647+00:00
2026-07-30T21:29:55+08:00	running	dense_identity_training	2026-07-30T13:29:23.916337+00:00
2026-07-30T21:30:55+08:00	running	dense_identity_training	2026-07-30T13:30:24.092143+00:00
2026-07-30T21:31:55+08:00	running	dense_identity_training	2026-07-30T13:31:24.285721+00:00
2026-07-30T21:32:55+08:00	running	dense_identity_training	2026-07-30T13:32:24.446683+00:00
2026-07-30T21:33:55+08:00	running	dense_identity_training	2026-07-30T13:33:24.637346+00:00
2026-07-30T21:34:55+08:00	running	dense_identity_training	2026-07-30T13:34:24.830244+00:00
2026-07-30T21:35:56+08:00	running	dense_identity_training	2026-07-30T13:35:25.028275+00:00
2026-07-30T21:36:56+08:00	running	dense_identity_training	2026-07-30T13:36:25.218250+00:00
2026-07-30T21:37:56+08:00	running	dense_identity_training	2026-07-30T13:37:25.358066+00:00
2026-07-30T21:38:56+08:00	running	dense_identity_training	2026-07-30T13:38:25.499496+00:00
2026-07-30T21:39:56+08:00	running	dense_identity_training	2026-07-30T13:39:25.675991+00:00
2026-07-30T21:40:56+08:00	running	dense_identity_training	2026-07-30T13:40:25.868582+00:00
2026-07-30T21:41:56+08:00	running	dense_identity_training	2026-07-30T13:41:26.033258+00:00
2026-07-30T21:42:56+08:00	running	dense_identity_training	2026-07-30T13:42:26.206551+00:00
2026-07-30T21:43:56+08:00	running	dense_identity_training	2026-07-30T13:43:26.373247+00:00
2026-07-30T21:44:56+08:00	running	dense_identity_training	2026-07-30T13:44:26.545318+00:00
2026-07-30T21:45:56+08:00	running	dense_identity_training	2026-07-30T13:45:26.709855+00:00
2026-07-30T21:46:56+08:00	running	dense_identity_training	2026-07-30T13:46:26.878346+00:00
2026-07-30T21:47:56+08:00	running	dense_identity_training	2026-07-30T13:47:27.053027+00:00
2026-07-30T21:48:56+08:00	running	dense_identity_training	2026-07-30T13:48:27.254050+00:00
2026-07-30T21:49:56+08:00	running	dense_identity_training	2026-07-30T13:49:27.437204+00:00
2026-07-30T21:50:56+08:00	running	dense_identity_training	2026-07-30T13:50:27.621004+00:00
2026-07-30T21:51:56+08:00	running	dense_identity_training	2026-07-30T13:51:27.753231+00:00
2026-07-30T21:52:56+08:00	running	dense_identity_training	2026-07-30T13:52:27.954869+00:00
2026-07-30T21:53:56+08:00	running	dense_identity_training	2026-07-30T13:53:28.070750+00:00
2026-07-30T21:54:56+08:00	running	dense_identity_training	2026-07-30T13:54:28.196508+00:00
2026-07-30T21:55:56+08:00	running	dense_identity_training	2026-07-30T13:55:28.395520+00:00
2026-07-30T21:56:56+08:00	running	dense_identity_training	2026-07-30T13:56:28.582466+00:00
2026-07-30T21:57:56+08:00	running	dense_identity_training	2026-07-30T13:57:28.756945+00:00
2026-07-30T21:58:56+08:00	running	dense_identity_training	2026-07-30T13:58:28.877448+00:00
2026-07-30T21:59:56+08:00	running	dense_identity_training	2026-07-30T13:59:29.031005+00:00
2026-07-30T22:00:56+08:00	running	dense_identity_training	2026-07-30T14:00:29.190943+00:00
2026-07-30T22:01:56+08:00	running	dense_identity_training	2026-07-30T14:01:29.389882+00:00
2026-07-30T22:02:56+08:00	running	dense_identity_training	2026-07-30T14:02:29.583346+00:00
2026-07-30T22:03:56+08:00	running	dense_identity_training	2026-07-30T14:03:29.769645+00:00
2026-07-30T22:04:56+08:00	running	dense_identity_training	2026-07-30T14:04:29.948781+00:00
2026-07-30T22:05:56+08:00	running	dense_identity_training	2026-07-30T14:05:30.120093+00:00
2026-07-30T22:06:56+08:00	running	dense_identity_training	2026-07-30T14:06:30.273275+00:00
2026-07-30T22:07:56+08:00	running	dense_identity_training	2026-07-30T14:07:30.422440+00:00
2026-07-30T22:08:56+08:00	running	dense_identity_training	2026-07-30T14:08:30.603254+00:00
2026-07-30T22:09:56+08:00	running	dense_identity_training	2026-07-30T14:09:30.798842+00:00
2026-07-30T22:10:56+08:00	running	dense_identity_training	2026-07-30T14:10:30.972088+00:00
2026-07-30T22:11:57+08:00	running	dense_identity_training	2026-07-30T14:11:31.168915+00:00
2026-07-30T22:12:57+08:00	running	dense_identity_training	2026-07-30T14:12:31.330239+00:00
2026-07-30T22:13:57+08:00	running	dense_identity_training	2026-07-30T14:13:31.509096+00:00
2026-07-30T22:14:57+08:00	running	dense_identity_training	2026-07-30T14:14:31.702004+00:00
2026-07-30T22:15:57+08:00	running	dense_identity_training	2026-07-30T14:15:31.867211+00:00
2026-07-30T22:16:57+08:00	running	dense_identity_training	2026-07-30T14:16:32.025690+00:00
2026-07-30T22:17:57+08:00	running	dense_identity_training	2026-07-30T14:17:32.218740+00:00
2026-07-30T22:18:57+08:00	running	dense_identity_training	2026-07-30T14:18:32.389672+00:00
2026-07-30T22:19:57+08:00	running	dense_identity_training	2026-07-30T14:19:32.585520+00:00
2026-07-30T22:20:57+08:00	running	dense_identity_training	2026-07-30T14:20:32.739337+00:00
2026-07-30T22:21:57+08:00	running	dense_identity_training	2026-07-30T14:21:32.890949+00:00
2026-07-30T22:22:57+08:00	running	dense_identity_training	2026-07-30T14:22:33.037041+00:00
2026-07-30T22:23:57+08:00	running	dense_identity_training	2026-07-30T14:23:33.213841+00:00
2026-07-30T22:24:57+08:00	running	dense_identity_training	2026-07-30T14:24:33.409467+00:00
2026-07-30T22:25:57+08:00	running	dense_identity_training	2026-07-30T14:25:33.609086+00:00
2026-07-30T22:26:57+08:00	running	dense_identity_training	2026-07-30T14:26:33.764185+00:00
2026-07-30T22:27:57+08:00	running	dense_identity_training	2026-07-30T14:27:33.964351+00:00
2026-07-30T22:28:57+08:00	running	dense_identity_training	2026-07-30T14:28:34.161944+00:00
2026-07-30T22:29:57+08:00	running	dense_identity_training	2026-07-30T14:29:34.286941+00:00
2026-07-30T22:30:57+08:00	running	dense_identity_training	2026-07-30T14:30:34.457464+00:00
2026-07-30T22:31:57+08:00	running	dense_identity_training	2026-07-30T14:31:34.644101+00:00
2026-07-30T22:32:57+08:00	running	dense_identity_training	2026-07-30T14:32:34.796668+00:00
2026-07-30T22:33:57+08:00	running	dense_identity_training	2026-07-30T14:33:34.960953+00:00
2026-07-30T22:34:57+08:00	running	dense_identity_training	2026-07-30T14:34:35.169941+00:00
2026-07-30T22:35:57+08:00	running	dense_identity_training	2026-07-30T14:35:35.316607+00:00
2026-07-30T22:36:57+08:00	running	dense_identity_training	2026-07-30T14:36:35.503082+00:00
2026-07-30T22:37:57+08:00	running	dense_identity_training	2026-07-30T14:37:35.663706+00:00
2026-07-30T22:38:57+08:00	running	dense_identity_training	2026-07-30T14:38:35.787873+00:00
2026-07-30T22:39:57+08:00	running	dense_identity_training	2026-07-30T14:39:35.974706+00:00
2026-07-30T22:40:57+08:00	running	dense_identity_training	2026-07-30T14:40:36.108672+00:00
2026-07-30T22:41:57+08:00	running	dense_identity_training	2026-07-30T14:41:36.281924+00:00
2026-07-30T22:42:57+08:00	running	dense_identity_training	2026-07-30T14:42:36.424522+00:00
2026-07-30T22:43:57+08:00	running	dense_identity_training	2026-07-30T14:43:36.529415+00:00
2026-07-30T22:44:57+08:00	running	dense_identity_training	2026-07-30T14:44:36.709697+00:00
2026-07-30T22:45:57+08:00	running	dense_identity_training	2026-07-30T14:45:36.854215+00:00
2026-07-30T22:46:57+08:00	running	dense_identity_training	2026-07-30T14:46:36.995875+00:00
2026-07-30T22:47:58+08:00	running	dense_identity_training	2026-07-30T14:47:37.168790+00:00
2026-07-30T22:48:58+08:00	running	dense_identity_training	2026-07-30T14:48:37.352181+00:00
2026-07-30T22:49:58+08:00	running	dense_identity_training	2026-07-30T14:49:37.526267+00:00
2026-07-30T22:50:58+08:00	running	dense_identity_training	2026-07-30T14:50:37.725733+00:00
2026-07-30T22:51:58+08:00	running	dense_identity_training	2026-07-30T14:51:37.836872+00:00
2026-07-30T22:52:58+08:00	pass	complete	2026-07-30T14:52:38.036362+00:00
launching bound two-step 5K post-evaluation with pair summary ce604c2e9d2a1864bb6ba6fad31cdcee1cc92219256d361333abc00feaded28c
wrote /root/autodl-tmp/CoFiTok/checkpoints/generation/stability_probe_2026-07-29/evaluation5k_rollout_x0_u2/model/cofitok_checkpoint/checkpoint_evaluation_report.json
wrote /root/autodl-tmp/CoFiTok/checkpoints/generation/stability_probe_2026-07-29/evaluation5k_rollout_x0_u2/model/dense_checkpoint/checkpoint_evaluation_report.json
wrote /root/autodl-tmp/CoFiTok/checkpoints/generation/stability_probe_2026-07-29/evaluation5k_rollout_x0_u2/model/cofitok_rollout/rollout_stability_report.json
wrote /root/autodl-tmp/CoFiTok/checkpoints/generation/stability_probe_2026-07-29/evaluation5k_rollout_x0_u2/model/dense_rollout/rollout_stability_report.json
wrote /root/autodl-tmp/CoFiTok/checkpoints/generation/stability_probe_2026-07-29/evaluation5k_rollout_x0_u2/ema/cofitok_checkpoint/checkpoint_evaluation_report.json
wrote /root/autodl-tmp/CoFiTok/checkpoints/generation/stability_probe_2026-07-29/evaluation5k_rollout_x0_u2/ema/dense_checkpoint/checkpoint_evaluation_report.json
wrote /root/autodl-tmp/CoFiTok/checkpoints/generation/stability_probe_2026-07-29/evaluation5k_rollout_x0_u2/ema/cofitok_rollout/rollout_stability_report.json
wrote /root/autodl-tmp/CoFiTok/checkpoints/generation/stability_probe_2026-07-29/evaluation5k_rollout_x0_u2/ema/dense_rollout/rollout_stability_report.json
{
  "output": "/root/autodl-tmp/CoFiTok/checkpoints/generation/stability_probe_2026-07-29/qualification5k_rollout_x0_u2_n8/qualification_report.json",
  "status": "fail"
}
n=8 screening has non-reconstruction failures: predicted_x0_high_frequency
